Component: ARM Compiler 5.06 update 2 (build 183) Tool: armlink [4d35b7]

==============================================================================

Section Cross References

    startup_stm32f40_41xxx.o(STACK) refers (Special) to heapauxi.o(.text) for __use_two_region_memory
    startup_stm32f40_41xxx.o(HEAP) refers (Special) to heapauxi.o(.text) for __use_two_region_memory
    startup_stm32f40_41xxx.o(RESET) refers (Special) to heapauxi.o(.text) for __use_two_region_memory
    startup_stm32f40_41xxx.o(RESET) refers to startup_stm32f40_41xxx.o(STACK) for __initial_sp
    startup_stm32f40_41xxx.o(RESET) refers to startup_stm32f40_41xxx.o(.text) for Reset_Handler
    startup_stm32f40_41xxx.o(RESET) refers to stm32f4xx_it.o(i.NMI_Handler) for NMI_Handler
    startup_stm32f40_41xxx.o(RESET) refers to stm32f4xx_it.o(i.HardFault_Handler) for HardFault_Handler
    startup_stm32f40_41xxx.o(RESET) refers to stm32f4xx_it.o(i.MemManage_Handler) for MemManage_Handler
    startup_stm32f40_41xxx.o(RESET) refers to stm32f4xx_it.o(i.BusFault_Handler) for BusFault_Handler
    startup_stm32f40_41xxx.o(RESET) refers to stm32f4xx_it.o(i.UsageFault_Handler) for UsageFault_Handler
    startup_stm32f40_41xxx.o(RESET) refers to stm32f4xx_it.o(i.SVC_Handler) for SVC_Handler
    startup_stm32f40_41xxx.o(RESET) refers to stm32f4xx_it.o(i.DebugMon_Handler) for DebugMon_Handler
    startup_stm32f40_41xxx.o(RESET) refers to stm32f4xx_it.o(i.PendSV_Handler) for PendSV_Handler
    startup_stm32f40_41xxx.o(RESET) refers to stm32f4xx_it.o(i.SysTick_Handler) for SysTick_Handler
    startup_stm32f40_41xxx.o(RESET) refers to eint.o(i.EXTI9_5_IRQHandler) for EXTI9_5_IRQHandler
    startup_stm32f40_41xxx.o(RESET) refers to uart.o(i.USART3_IRQHandler) for USART3_IRQHandler
    startup_stm32f40_41xxx.o(.text) refers (Special) to heapauxi.o(.text) for __use_two_region_memory
    startup_stm32f40_41xxx.o(.text) refers to system_stm32f4xx.o(i.SystemInit) for SystemInit
    startup_stm32f40_41xxx.o(.text) refers to __main.o(!!!main) for __main
    startup_stm32f40_41xxx.o(.text) refers to startup_stm32f40_41xxx.o(HEAP) for Heap_Mem
    startup_stm32f40_41xxx.o(.text) refers to startup_stm32f40_41xxx.o(STACK) for Stack_Mem
    stm32f4xx_rcc.o(i.RCC_GetClocksFreq) refers to stm32f4xx_rcc.o(.data) for APBAHBPrescTable
    stm32f4xx_rcc.o(i.RCC_WaitForHSEStartUp) refers to stm32f4xx_rcc.o(i.RCC_GetFlagStatus) for RCC_GetFlagStatus
    stm32f4xx_gpio.o(i.GPIO_DeInit) refers to stm32f4xx_rcc.o(i.RCC_AHB1PeriphResetCmd) for RCC_AHB1PeriphResetCmd
    stm32f4xx_syscfg.o(i.SYSCFG_DeInit) refers to stm32f4xx_rcc.o(i.RCC_APB2PeriphResetCmd) for RCC_APB2PeriphResetCmd
    stm32f4xx_usart.o(i.USART_DeInit) refers to stm32f4xx_rcc.o(i.RCC_APB2PeriphResetCmd) for RCC_APB2PeriphResetCmd
    stm32f4xx_usart.o(i.USART_DeInit) refers to stm32f4xx_rcc.o(i.RCC_APB1PeriphResetCmd) for RCC_APB1PeriphResetCmd
    stm32f4xx_usart.o(i.USART_Init) refers to stm32f4xx_rcc.o(i.RCC_GetClocksFreq) for RCC_GetClocksFreq
    stm32f4xx_fsmc.o(i.FSMC_NORSRAMStructInit) refers to stm32f4xx_fsmc.o(.constdata) for FSMC_DefaultTimingStruct
    main.o(i.main) refers to misc.o(i.NVIC_PriorityGroupConfig) for NVIC_PriorityGroupConfig
    main.o(i.main) refers to led.o(i.led_init) for led_init
    main.o(i.main) refers to relay.o(i.relay_init) for relay_init
    main.o(i.main) refers to buzzer.o(i.buzzer_init) for buzzer_init
    main.o(i.main) refers to delay.o(i.delay_init) for delay_init
    main.o(i.main) refers to uart.o(i.uart_init) for uart_init
    main.o(i.main) refers to uart.o(i.setRecvHandler) for setRecvHandler
    main.o(i.main) refers to lcd.o(i.LCD_Init) for LCD_Init
    main.o(i.main) refers to lcd.o(i.LCD_DisplayChinese) for LCD_DisplayChinese
    main.o(i.main) refers to ds18b20.o(i.Task_Ds18b20) for Task_Ds18b20
    main.o(i.main) refers to f2d.o(x$fpl$f2d) for __aeabi_f2d
    main.o(i.main) refers to floor.o(i.__hardfp_floor) for __hardfp_floor
    main.o(i.main) refers to dfix.o(x$fpl$dfix) for __aeabi_d2iz
    main.o(i.main) refers to lcd.o(i.LCD_DisplayNum) for LCD_DisplayNum
    main.o(i.main) refers to main.o(i.usartRecvHandler) for usartRecvHandler
    main.o(i.main) refers to ds18b20.o(.bss) for ds18b20
    main.o(i.usartRecvHandler) refers to buzzer.o(i.buzzer_on) for buzzer_on
    main.o(i.usartRecvHandler) refers to buzzer.o(i.buzzer_off) for buzzer_off
    main.o(i.usartRecvHandler) refers to led.o(i.led_on) for led_on
    main.o(i.usartRecvHandler) refers to lcd.o(i.LCD_DisplayChar) for LCD_DisplayChar
    system_stm32f4xx.o(i.SystemCoreClockUpdate) refers to system_stm32f4xx.o(.data) for SystemCoreClock
    system_stm32f4xx.o(i.SystemInit) refers to system_stm32f4xx.o(i.SetSysClock) for SetSysClock
    led.o(i.led_init) refers to stm32f4xx_rcc.o(i.RCC_AHB1PeriphClockCmd) for RCC_AHB1PeriphClockCmd
[...]
    Removing stm32f4xx_usart.o(.rev16_text), (4 bytes).
    Removing stm32f4xx_usart.o(.revsh_text), (4 bytes).
    Removing stm32f4xx_usart.o(i.USART_ClearFlag), (18 bytes).
    Removing stm32f4xx_usart.o(i.USART_ClockInit), (32 bytes).
    Removing stm32f4xx_usart.o(i.USART_ClockStructInit), (12 bytes).
    Removing stm32f4xx_usart.o(i.USART_DMACmd), (18 bytes).
    Removing stm32f4xx_usart.o(i.USART_DeInit), (240 bytes).
    Removing stm32f4xx_usart.o(i.USART_GetFlagStatus), (26 bytes).
    Removing stm32f4xx_usart.o(i.USART_HalfDuplexCmd), (24 bytes).
    Removing stm32f4xx_usart.o(i.USART_IrDACmd), (24 bytes).
    Removing stm32f4xx_usart.o(i.USART_IrDAConfig), (18 bytes).
    Removing stm32f4xx_usart.o(i.USART_LINBreakDetectLengthConfig), (18 bytes).
    Removing stm32f4xx_usart.o(i.USART_LINCmd), (24 bytes).
    Removing stm32f4xx_usart.o(i.USART_OneBitMethodCmd), (24 bytes).
    Removing stm32f4xx_usart.o(i.USART_OverSampling8Cmd), (22 bytes).
    Removing stm32f4xx_usart.o(i.USART_ReceiverWakeUpCmd), (24 bytes).
    Removing stm32f4xx_usart.o(i.USART_SendBreak), (10 bytes).
    Removing stm32f4xx_usart.o(i.USART_SendData), (8 bytes).
    Removing stm32f4xx_usart.o(i.USART_SetAddress), (18 bytes).
    Removing stm32f4xx_usart.o(i.USART_SetGuardTime), (16 bytes).
    Removing stm32f4xx_usart.o(i.USART_SetPrescaler), (16 bytes).
    Removing stm32f4xx_usart.o(i.USART_SmartCardCmd), (24 bytes).
    Removing stm32f4xx_usart.o(i.USART_SmartCardNACKCmd), (24 bytes).
    Removing stm32f4xx_usart.o(i.USART_StructInit), (24 bytes).
    Removing stm32f4xx_usart.o(i.USART_WakeUpConfig), (18 bytes).
    Removing stm32f4xx_fsmc.o(.rev16_text), (4 bytes).
    Removing stm32f4xx_fsmc.o(.revsh_text), (4 bytes).
    Removing stm32f4xx_fsmc.o(i.FSMC_ClearFlag), (64 bytes).
    Removing stm32f4xx_fsmc.o(i.FSMC_ClearITPendingBit), (72 bytes).
    Removing stm32f4xx_fsmc.o(i.FSMC_GetECC), (28 bytes).
    Removing stm32f4xx_fsmc.o(i.FSMC_GetFlagStatus), (56 bytes).
    Removing stm32f4xx_fsmc.o(i.FSMC_GetITStatus), (68 bytes).
    Removing stm32f4xx_fsmc.o(i.FSMC_ITConfig), (128 bytes).
    Removing stm32f4xx_fsmc.o(i.FSMC_NANDCmd), (92 bytes).
    Removing stm32f4xx_fsmc.o(i.FSMC_NANDDeInit), (68 bytes).
    Removing stm32f4xx_fsmc.o(i.FSMC_NANDECCCmd), (92 bytes).
    Removing stm32f4xx_fsmc.o(i.FSMC_NANDInit), (136 bytes).
    Removing stm32f4xx_fsmc.o(i.FSMC_NANDStructInit), (54 bytes).
    Removing stm32f4xx_fsmc.o(i.FSMC_NORSRAMDeInit), (54 bytes).
    Removing stm32f4xx_fsmc.o(i.FSMC_NORSRAMStructInit), (52 bytes).
    Removing stm32f4xx_fsmc.o(i.FSMC_PCCARDCmd), (48 bytes).
    Removing stm32f4xx_fsmc.o(i.FSMC_PCCARDDeInit), (40 bytes).
    Removing stm32f4xx_fsmc.o(i.FSMC_PCCARDInit), (132 bytes).
    Removing stm32f4xx_fsmc.o(i.FSMC_PCCARDStructInit), (60 bytes).
    Removing stm32f4xx_fsmc.o(.constdata), (28 bytes).
    Removing main.o(.rev16_text), (4 bytes).
    Removing main.o(.revsh_text), (4 bytes).
    Removing main.o(.data), (20 bytes).
    Removing stm32f4xx_it.o(.rev16_text), (4 bytes).
    Removing stm32f4xx_it.o(.revsh_text), (4 bytes).
    Removing system_stm32f4xx.o(.rev16_text), (4 bytes).
    Removing system_stm32f4xx.o(.revsh_text), (4 bytes).
    Removing system_stm32f4xx.o(i.SystemCoreClockUpdate), (192 bytes).
    Removing system_stm32f4xx.o(.data), (20 bytes).
    Removing led.o(.rev16_text), (4 bytes).
    Removing led.o(.revsh_text), (4 bytes).
    Removing led.o(i.led_off), (68 bytes).
    Removing relay.o(.rev16_text), (4 bytes).
    Removing relay.o(.revsh_text), (4 bytes).
    Removing relay.o(i.relay_off), (52 bytes).
    Removing relay.o(i.relay_on), (52 bytes).
    Removing button.o(.rev16_text), (4 bytes).
    Removing button.o(.revsh_text), (4 bytes).
    Removing button.o(i.button_init), (64 bytes).
    Removing button.o(i.button_state), (72 bytes).
    Removing buzzer.o(.rev16_text), (4 bytes).
    Removing buzzer.o(.revsh_text), (4 bytes).
    Removing delay.o(.rev16_text), (4 bytes).
    Removing delay.o(.revsh_text), (4 bytes).
    Removing eint.o(.rev16_text), (4 bytes).
    Removing eint.o(.revsh_text), (4 bytes).
    Removing eint.o(i.eint_init), (172 bytes).
    Removing eint.o(i.set_handler), (36 bytes).
    Removing wdt.o(.rev16_text), (4 bytes).
    Removing wdt.o(.revsh_text), (4 bytes).
    Removing wdt.o(i.feed_dog), (8 bytes).
    Removing wdt.o(i.wdt_init), (44 bytes).
    Removing uart.o(.rev16_text), (4 bytes).
    Removing uart.o(.revsh_text), (4 bytes).
    Removing uart.o(i.uart_recv), (40 bytes).
    Removing uart.o(i.uart_send), (40 bytes).
    Removing lcd.o(.rev16_text), (4 bytes).
    Removing lcd.o(.revsh_text), (4 bytes).
    Removing lcd.o(i.LCD_BGRtoRGB), (26 bytes).
    Removing lcd.o(i.LCD_DisplayNum_color), (88 bytes).
    Removing lcd.o(i.LCD_DisplayOff), (10 bytes).
    Removing lcd.o(i.LCD_DisplayOn), (10 bytes).
    Removing lcd.o(i.LCD_DisplayString), (68 bytes).
    Removing lcd.o(i.LCD_DisplayString_color), (76 bytes).
    Removing lcd.o(i.LCD_DrawPoint), (36 bytes).
    Removing lcd.o(i.LCD_Draw_Circle), (152 bytes).
    Removing lcd.o(i.LCD_Draw_Line), (176 bytes).
    Removing lcd.o(i.LCD_Draw_Picture), (96 bytes).
    Removing lcd.o(i.LCD_Draw_Rectangle), (60 bytes).
    Removing lcd.o(i.LCD_Fill_onecolor), (84 bytes).
    Removing lcd.o(i.LCD_GetPoint), (152 bytes).
    Removing lcd.o(i.LCD_ReadReg), (28 bytes).
    Removing lcd.o(i.LCD_Set_Window), (84 bytes).
    Removing lcd.o(i.lcdm_delay), (14 bytes).
    Removing ds18b20.o(.rev16_text), (4 bytes).
    Removing ds18b20.o(.revsh_text), (4 bytes).
    Removing ds18b20.o(i.DS18B20_AlarmSearch), (14 bytes).
    Removing ds18b20.o(i.DS18B20_GetResolution), (80 bytes).
    Removing ds18b20.o(i.DS18B20_SetAlarmHighTemperature), (172 bytes).
    Removing ds18b20.o(i.DS18B20_SetAlarmLowTemperature), (172 bytes).
    Removing ds18b20.o(i.DS18B20_Start), (44 bytes).
    Removing ds18b20.o(i.Ds18b20_Init), (2 bytes).
    Removing ds18b20.o(i.Ds18b20_ManualConvert), (48 bytes).
    Removing onewire.o(.rev16_text), (4 bytes).
    Removing onewire.o(.revsh_text), (4 bytes).
    Removing onewire.o(i.OneWire_FamilySkipSetup), (18 bytes).
    Removing onewire.o(i.OneWire_GetROM), (10 bytes).
    Removing onewire.o(i.OneWire_Select), (36 bytes).
    Removing onewire.o(i.OneWire_TargetSetup), (38 bytes).
    Removing onewire.o(i.OneWire_Verify), (124 bytes).

206 unused section(s) (total 7266 bytes) removed from the image.

==============================================================================

Image Symbol Table

    Local Symbols

    Symbol Name                              Value     Ov Type        Size  Object(Section)

    ../clib/angel/boardlib.s                 0x00000000   Number         0  boardshut.o ABSOLUTE
    ../clib/angel/boardlib.s                 0x00000000   Number         0  boardinit3.o ABSOLUTE
    ../clib/angel/boardlib.s                 0x00000000   Number         0  boardinit2.o ABSOLUTE
    ../clib/angel/boardlib.s                 0x00000000   Number         0  boardinit1.o ABSOLUTE
    ../clib/angel/handlers.s                 0x00000000   Number         0  __scatter_copy.o ABSOLUTE
    ../clib/angel/handlers.s                 0x00000000   Number         0  __scatter_zi.o ABSOLUTE
    ../clib/angel/kernel.s                   0x00000000   Number         0  rtexit2.o ABSOLUTE
    ../clib/angel/kernel.s                   0x00000000   Number         0  rtexit.o ABSOLUTE
    ../clib/angel/kernel.s                   0x00000000   Number         0  __rtentry2.o ABSOLUTE
    ../clib/angel/kernel.s                   0x00000000   Number         0  __rtentry4.o ABSOLUTE
    ../clib/angel/kernel.s                   0x00000000   Number         0  __rtentry.o ABSOLUTE
    ../clib/angel/rt.s                       0x00000000   Number         0  rt_raise.o ABSOLUTE
    ../clib/angel/scatter.s                  0x00000000   Number         0  __scatter.o ABSOLUTE
    ../clib/angel/startup.s                  0x00000000   Number         0  __main.o ABSOLUTE
    ../clib/angel/sys.s                      0x00000000   Number         0  use_no_semi.o ABSOLUTE
    ../clib/angel/sys.s                      0x00000000   Number         0  indicate_semi.o ABSOLUTE
    ../clib/angel/sys.s                      0x00000000   Number         0  libspace.o ABSOLUTE
    ../clib/angel/sys.s                      0x00000000   Number         0  sys_stackheap_outer.o ABSOLUTE
    ../clib/angel/sysapp.c                   0x00000000   Number         0  sys_exit.o ABSOLUTE
    ../clib/angel/sysapp.c                   0x00000000   Number         0  sys_command.o ABSOLUTE
    ../clib/angel/sysapp.c                   0x00000000   Number         0  sys_wrch.o ABSOLUTE
    ../clib/armsys.c                         0x00000000   Number         0  no_argv.o ABSOLUTE
    ../clib/armsys.c                         0x00000000   Number         0  argv_veneer.o ABSOLUTE
    ../clib/armsys.c                         0x00000000   Number         0  argv_veneer.o ABSOLUTE
    ../clib/armsys.c                         0x00000000   Number         0  _get_argv_nomalloc.o ABSOLUTE
    ../clib/heapalloc.c                      0x00000000   Number         0  hrguard.o ABSOLUTE
    ../clib/heapaux.c                        0x00000000   Number         0  heapauxi.o ABSOLUTE
    ../clib/libinit.s                        0x00000000   Number         0  libinit2.o ABSOLUTE
    ../clib/libinit.s                        0x00000000   Number         0  libshutdown.o ABSOLUTE
    ../clib/libinit.s                        0x00000000   Number         0  libshutdown2.o ABSOLUTE
    ../clib/libinit.s                        0x00000000   Number         0  libinit.o ABSOLUTE
    ../clib/memcpset.s                       0x00000000   Number         0  rt_memclr_w.o ABSOLUTE
    ../clib/signal.c                         0x00000000   Number         0  defsig_exit.o ABSOLUTE
    ../clib/signal.c                         0x00000000   Number         0  defsig_rtmem_formal.o ABSOLUTE
    ../clib/signal.c                         0x00000000   Number         0  defsig_abrt_inner.o ABSOLUTE
    ../clib/signal.c                         0x00000000   Number         0  defsig_fpe_inner.o ABSOLUTE
    ../clib/signal.c                         0x00000000   Number         0  defsig_rtmem_outer.o ABSOLUTE
    ../clib/signal.c                         0x00000000   Number         0  defsig_rtred_inner.o ABSOLUTE
    ../clib/signal.c                         0x00000000   Number         0  defsig_stak_inner.o ABSOLUTE
    ../clib/signal.c                         0x00000000   Number         0  defsig_cppl_inner.o ABSOLUTE
    ../clib/signal.c                         0x00000000   Number         0  defsig_segv_inner.o ABSOLUTE
    ../clib/signal.c                         0x00000000   Number         0  defsig_other.o ABSOLUTE
    ../clib/signal.c                         0x00000000   Number         0  defsig_rtmem_inner.o ABSOLUTE
    ../clib/signal.c                         0x00000000   Number         0  __raise.o ABSOLUTE
    ../clib/signal.c                         0x00000000   Number         0  defsig_general.o ABSOLUTE
    ../clib/signal.c                         0x00000000   Number         0  defsig_pvfn_inner.o ABSOLUTE
    ../clib/signal.s                         0x00000000   Number         0  defsig.o ABSOLUTE
    ../clib/stdlib.c                         0x00000000   Number         0  exit.o ABSOLUTE
    ../fplib/daddsub.s                       0x00000000   Number         0  daddsub_clz.o ABSOLUTE
    ../fplib/dcmpi.s                         0x00000000   Number         0  dcmpi.o ABSOLUTE
    ../fplib/dfix.s                          0x00000000   Number         0  dfix.o ABSOLUTE
    ../fplib/dleqf.s                         0x00000000   Number         0  dleqf.o ABSOLUTE
    ../fplib/dnaninf.s                       0x00000000   Number         0  dnaninf.o ABSOLUTE
    ../fplib/dretinf.s                       0x00000000   Number         0  dretinf.o ABSOLUTE
    ../fplib/drleqf.s                        0x00000000   Number         0  drleqf.o ABSOLUTE
    ../fplib/f2d.s                           0x00000000   Number         0  f2d.o ABSOLUTE
    ../fplib/fnaninf.s                       0x00000000   Number         0  fnaninf.o ABSOLUTE
    ../fplib/fpinit.s                        0x00000000   Number         0  fpinit.o ABSOLUTE
    ../fplib/usenofp.s                       0x00000000   Number         0  usenofp.o ABSOLUTE
    ../mathlib/floor.c                       0x00000000   Number         0  floor.o ABSOLUTE
    ..\\fwlib\\src\\misc.c                   0x00000000   Number         0  misc.o ABSOLUTE
    ..\\fwlib\\src\\stm32f4xx_exti.c         0x00000000   Number         0  stm32f4xx_exti.o ABSOLUTE
    ..\\fwlib\\src\\stm32f4xx_fsmc.c         0x00000000   Number         0  stm32f4xx_fsmc.o ABSOLUTE
    ..\\fwlib\\src\\stm32f4xx_gpio.c         0x00000000   Number         0  stm32f4xx_gpio.o ABSOLUTE
    ..\\fwlib\\src\\stm32f4xx_iwdg.c         0x00000000   Number         0  stm32f4xx_iwdg.o ABSOLUTE
    ..\\fwlib\\src\\stm32f4xx_rcc.c          0x00000000   Number         0  stm32f4xx_rcc.o ABSOLUTE
    ..\\fwlib\\src\\stm32f4xx_syscfg.c       0x00000000   Number         0  stm32f4xx_syscfg.o ABSOLUTE
    ..\\fwlib\\src\\stm32f4xx_usart.c        0x00000000   Number         0  stm32f4xx_usart.o ABSOLUTE
    ..\\mylib\\button.c                      0x00000000   Number         0  button.o ABSOLUTE
    ..\\mylib\\buzzer.c                      0x00000000   Number         0  buzzer.o ABSOLUTE
    ..\\mylib\\delay.c                       0x00000000   Number         0  delay.o ABSOLUTE
    ..\\mylib\\ds18b20.c                     0x00000000   Number         0  ds18b20.o ABSOLUTE
    ..\\mylib\\eint.c                        0x00000000   Number         0  eint.o ABSOLUTE
    ..\\mylib\\lcd.c                         0x00000000   Number         0  lcd.o ABSOLUTE
    ..\\mylib\\led.c                         0x00000000   Number         0  led.o ABSOLUTE
    ..\\mylib\\onewire.c                     0x00000000   Number         0  onewire.o ABSOLUTE
    ..\\mylib\\relay.c                       0x00000000   Number         0  relay.o ABSOLUTE
    ..\\mylib\\uart.c                        0x00000000   Number         0  uart.o ABSOLUTE
    ..\\mylib\\wdt.c                         0x00000000   Number         0  wdt.o ABSOLUTE
    ..\\user\\main.c                         0x00000000   Number         0  main.o ABSOLUTE
    ..\\user\\stm32f4xx_it.c                 0x00000000   Number         0  stm32f4xx_it.o ABSOLUTE
    ..\\user\\system_stm32f4xx.c             0x00000000   Number         0  system_stm32f4xx.o ABSOLUTE
    ..\cmsis\startup_stm32f40_41xxx.s        0x00000000   Number         0  startup_stm32f40_41xxx.o ABSOLUTE
    ..\fwlib\src\misc.c                      0x00000000   Number         0  misc.o ABSOLUTE
    ..\fwlib\src\stm32f4xx_exti.c            0x00000000   Number         0  stm32f4xx_exti.o ABSOLUTE
    ..\fwlib\src\stm32f4xx_fsmc.c            0x00000000   Number         0  stm32f4xx_fsmc.o ABSOLUTE
    ..\fwlib\src\stm32f4xx_gpio.c            0x00000000   Number         0  stm32f4xx_gpio.o ABSOLUTE
    ..\fwlib\src\stm32f4xx_iwdg.c            0x00000000   Number         0  stm32f4xx_iwdg.o ABSOLUTE
    ..\fwlib\src\stm32f4xx_rcc.c             0x00000000   Number         0  stm32f4xx_rcc.o ABSOLUTE
    ..\fwlib\src\stm32f4xx_syscfg.c          0x00000000   Number         0  stm32f4xx_syscfg.o ABSOLUTE
    ..\fwlib\src\stm32f4xx_usart.c           0x00000000   Number         0  stm32f4xx_usart.o ABSOLUTE
    ..\mylib\button.c                        0x00000000   Number         0  button.o ABSOLUTE
    ..\mylib\buzzer.c                        0x00000000   Number         0  buzzer.o ABSOLUTE
    ..\mylib\delay.c                         0x00000000   Number         0  delay.o ABSOLUTE
    ..\mylib\ds18b20.c                       0x00000000   Number         0  ds18b20.o ABSOLUTE
    ..\mylib\eint.c                          0x00000000   Number         0  eint.o ABSOLUTE
    ..\mylib\lcd.c                           0x00000000   Number         0  lcd.o ABSOLUTE
    ..\mylib\led.c                           0x00000000   Number         0  led.o ABSOLUTE
    ..\mylib\onewire.c                       0x00000000   Number         0  onewire.o ABSOLUTE
    ..\mylib\relay.c                         0x00000000   Number         0  relay.o ABSOLUTE
    ..\mylib\uart.c                          0x00000000   Number         0  uart.o ABSOLUTE
    ..\mylib\wdt.c                           0x00000000   Number         0  wdt.o ABSOLUTE
    ..\user\main.c                           0x00000000   Number         0  main.o ABSOLUTE
    ..\user\stm32f4xx_it.c                   0x00000000   Number         0  stm32f4xx_it.o ABSOLUTE
    ..\user\system_stm32f4xx.c               0x00000000   Number         0  system_stm32f4xx.o ABSOLUTE
    dc.s                                     0x00000000   Number         0  dc.o ABSOLUTE
    RESET                                    0x08000000   Section      392  startup_stm32f40_41xxx.o(RESET)
    !!!main                                  0x08000188   Section        8  __main.o(!!!main)
    !!!scatter                               0x08000190   Section       52  __scatter.o(!!!scatter)
    !!handler_copy                           0x080001c4   Section       26  __scatter_copy.o(!!handler_copy)
    !!handler_zi                             0x080001e0   Section       28  __scatter_zi.o(!!handler_zi)
    .ARM.Collect$$libinit$$00000000          0x080001fc   Section        2  libinit.o(.ARM.Collect$$libinit$$00000000)
    .ARM.Collect$$libinit$$00000001          0x080001fe   Section        4  libinit2.o(.ARM.Collect$$libinit$$00000001)
    .ARM.Collect$$libinit$$00000004          0x08000202   Section        0  libinit2.o(.ARM.Collect$$libinit$$00000004)
    .ARM.Collect$$libinit$$0000000A          0x08000202   Section        0  libinit2.o(.ARM.Collect$$libinit$$0000000A)
    .ARM.Collect$$libinit$$0000000C          0x08000202   Section        0  libinit2.o(.ARM.Collect$$libinit$$0000000C)
    .ARM.Collect$$libinit$$0000000E          0x08000202   Section        0  libinit2.o(.ARM.Collect$$libinit$$0000000E)
    .ARM.Collect$$libinit$$00000011          0x08000202   Section        0  libinit2.o(.ARM.Collect$$libinit$$00000011)
    .ARM.Collect$$libinit$$00000013          0x08000202   Section        0  libinit2.o(.ARM.Collect$$libinit$$00000013)
    .ARM.Collect$$libinit$$00000015          0x08000202   Section        0  libinit2.o(.ARM.Collect$$libinit$$00000015)
    .ARM.Collect$$libinit$$00000017          0x08000202   Section        0  libinit2.o(.ARM.Collect$$libinit$$00000017)
    .ARM.Collect$$libinit$$00000019          0x08000202   Section        0  libinit2.o(.ARM.Collect$$libinit$$00000019)
    .ARM.Collect$$libinit$$0000001B          0x08000202   Section        0  libinit2.o(.ARM.Collect$$libinit$$0000001B)
    .ARM.Collect$$libinit$$0000001D          0x08000202   Section        0  libinit2.o(.ARM.Collect$$libinit$$0000001D)
    .ARM.Collect$$libinit$$0000001F          0x08000202   Section        0  libinit2.o(.ARM.Collect$$libinit$$0000001F)
    .ARM.Collect$$libinit$$00000021          0x08000202   Section        0  libinit2.o(.ARM.Collect$$libinit$$00000021)
    .ARM.Collect$$libinit$$00000023          0x08000202   Section        0  libinit2.o(.ARM.Collect$$libinit$$00000023)
    .ARM.Collect$$libinit$$00000025          0x08000202   Section        0  libinit2.o(.ARM.Collect$$libinit$$00000025)
    .ARM.Collect$$libinit$$0000002C          0x08000202   Section        0  libinit2.o(.ARM.Collect$$libinit$$0000002C)
    .ARM.Collect$$libinit$$0000002E          0x08000202   Section        0  libinit2.o(.ARM.Collect$$libinit$$0000002E)
    .ARM.Collect$$libinit$$00000030          0x08000202   Section        0  libinit2.o(.ARM.Collect$$libinit$$00000030)
    .ARM.Collect$$libinit$$00000032          0x08000202   Section        0  libinit2.o(.ARM.Collect$$libinit$$00000032)
    .ARM.Collect$$libinit$$00000033          0x08000202   Section        2  libinit2.o(.ARM.Collect$$libinit$$00000033)
    .ARM.Collect$$libshutdown$$00000000      0x08000204   Section        2  libshutdown.o(.ARM.Collect$$libshutdown$$00000000)
    .ARM.Collect$$libshutdown$$00000002      0x08000206   Section        0  libshutdown2.o(.ARM.Collect$$libshutdown$$00000002)
    .ARM.Collect$$libshutdown$$00000004      0x08000206   Section        0  libshutdown2.o(.ARM.Collect$$libshutdown$$00000004)
    .ARM.Collect$$libshutdown$$00000007      0x08000206   Section        0  libshutdown2.o(.ARM.Collect$$libshutdown$$00000007)
    .ARM.Collect$$libshutdown$$0000000A      0x08000206   Section        0  libshutdown2.o(.ARM.Collect$$libshutdown$$0000000A)
    .ARM.Collect$$libshutdown$$0000000C      0x08000206   Section        0  libshutdown2.o(.ARM.Collect$$libshutdown$$0000000C)
    .ARM.Collect$$libshutdown$$0000000F      0x08000206   Section        0  libshutdown2.o(.ARM.Collect$$libshutdown$$0000000F)
    .ARM.Collect$$libshutdown$$00000010      0x08000206   Section        2  libshutdown2.o(.ARM.Collect$$libshutdown$$00000010)
    .ARM.Collect$$rtentry$$00000000          0x08000208   Section        0  __rtentry.o(.ARM.Collect$$rtentry$$00000000)
    .ARM.Collect$$rtentry$$00000002          0x08000208   Section        0  __rtentry2.o(.ARM.Collect$$rtentry$$00000002)
    .ARM.Collect$$rtentry$$00000004          0x08000208   Section        6  __rtentry4.o(.ARM.Collect$$rtentry$$00000004)
    .ARM.Collect$$rtentry$$00000009          0x0800020e   Section        0  __rtentry2.o(.ARM.Collect$$rtentry$$00000009)
    .ARM.Collect$$rtentry$$0000000A          0x0800020e   Section        4  __rtentry2.o(.ARM.Collect$$rtentry$$0000000A)
    .ARM.Collect$$rtentry$$0000000C          0x08000212   Section        0  __rtentry2.o(.ARM.Collect$$rtentry$$0000000C)
    .ARM.Collect$$rtentry$$0000000D          0x08000212   Section        8  __rtentry2.o(.ARM.Collect$$rtentry$$0000000D)
    .ARM.Collect$$rtexit$$00000000           0x0800021a   Section        2  rtexit.o(.ARM.Collect$$rtexit$$00000000)
    .ARM.Collect$$rtexit$$00000002           0x0800021c   Section        0  rtexit2.o(.ARM.Collect$$rtexit$$00000002)
    .ARM.Collect$$rtexit$$00000003           0x0800021c   Section        4  rtexit2.o(.ARM.Collect$$rtexit$$00000003)
    .ARM.Collect$$rtexit$$00000004           0x08000220   Section        6  rtexit2.o(.ARM.Collect$$rtexit$$00000004)
    .text                                    0x08000228   Section       64  startup_stm32f40_41xxx.o(.text)
    $v0                                      0x08000228   Number         0  startup_stm32f40_41xxx.o(.text)
    .text                                    0x08000268   Section       78  rt_memclr_w.o(.text)
    .text                                    0x080002b6   Section        0  heapauxi.o(.text)
    .text                                    0x080002bc   Section       74  sys_stackheap_outer.o(.text)
    .text                                    0x08000306   Section        0  exit.o(.text)
    .text                                    0x08000318   Section        8  libspace.o(.text)
    .text                                    0x08000320   Section        0  sys_exit.o(.text)
    .text                                    0x0800032c   Section        2  use_no_semi.o(.text)
    .text                                    0x0800032e   Section        0  indicate_semi.o(.text)
    i.BusFault_Handler                       0x0800032e   Section        0  stm32f4xx_it.o(i.BusFault_Handler)
    i.DS18B20_AllDone                        0x08000332   Section        0  ds18b20.o(i.DS18B20_AllDone)
    i.DS18B20_DisableAlarmTemperature        0x0800033e   Section        0  ds18b20.o(i.DS18B20_DisableAlarmTemperature)
    i.DS18B20_Is                             0x080003da   Section        0  ds18b20.o(i.DS18B20_Is)
    i.DS18B20_Read                           0x080003ec   Section        0  ds18b20.o(i.DS18B20_Read)
    i.DS18B20_SetResolution                  0x08000570   Section        0  ds18b20.o(i.DS18B20_SetResolution)
    i.DS18B20_StartAll                       0x08000640   Section        0  ds18b20.o(i.DS18B20_StartAll)
    i.DebugMon_Handler                       0x0800065c   Section        0  stm32f4xx_it.o(i.DebugMon_Handler)
    i.EXTI9_5_IRQHandler                     0x08000660   Section        0  eint.o(i.EXTI9_5_IRQHandler)
    i.EXTI_ClearITPendingBit                 0x080006d4   Section        0  stm32f4xx_exti.o(i.EXTI_ClearITPendingBit)
    i.EXTI_GetFlagStatus                     0x080006e0   Section        0  stm32f4xx_exti.o(i.EXTI_GetFlagStatus)
    i.FSMC_NORSRAMCmd                        0x080006f8   Section        0  stm32f4xx_fsmc.o(i.FSMC_NORSRAMCmd)
    i.FSMC_NORSRAMInit                       0x0800072c   Section        0  stm32f4xx_fsmc.o(i.FSMC_NORSRAMInit)
    i.GPIO_Init                              0x08000812   Section        0  stm32f4xx_gpio.o(i.GPIO_Init)
    i.GPIO_PinAFConfig                       0x080008a2   Section        0  stm32f4xx_gpio.o(i.GPIO_PinAFConfig)
    i.GPIO_ReadInputDataBit                  0x080008e8   Section        0  stm32f4xx_gpio.o(i.GPIO_ReadInputDataBit)
    i.GPIO_ResetBits                         0x080008fa   Section        0  stm32f4xx_gpio.o(i.GPIO_ResetBits)
    i.GPIO_SetBits                           0x080008fe   Section        0  stm32f4xx_gpio.o(i.GPIO_SetBits)
    i.HardFault_Handler                      0x08000902   Section        0  stm32f4xx_it.o(i.HardFault_Handler)
    i.LCD_AUTOScan_Dir                       0x08000908   Section        0  lcd.o(i.LCD_AUTOScan_Dir)
    i.LCD_Clear                              0x080009c0   Section        0  lcd.o(i.LCD_Clear)
    i.LCD_Color_DrawPoint                    0x080009fc   Section        0  lcd.o(i.LCD_Color_DrawPoint)
    i.LCD_DisplayChar                        0x08000a48   Section        0  lcd.o(i.LCD_DisplayChar)
    i.LCD_DisplayChinese                     0x08000b4c   Section        0  lcd.o(i.LCD_DisplayChinese)
    i.LCD_DisplayNum                         0x08000bf8   Section        0  lcd.o(i.LCD_DisplayNum)
    i.LCD_Display_Dir                        0x08000ca4   Section        0  lcd.o(i.LCD_Display_Dir)
    i.LCD_FSMC_Config                        0x08000cf0   Section        0  lcd.o(i.LCD_FSMC_Config)
    i.LCD_Init                               0x08000f0c   Section        0  lcd.o(i.LCD_Init)
    i.LCD_Pow                                0x08001148   Section        0  lcd.o(i.LCD_Pow)
    i.LCD_SetCursor                          0x08001160   Section        0  lcd.o(i.LCD_SetCursor)
    i.LCD_WriteRAM_Prepare                   0x08001198   Section        0  lcd.o(i.LCD_WriteRAM_Prepare)
    i.LCD_WriteReg                           0x080011a8   Section        0  lcd.o(i.LCD_WriteReg)
    i.MemManage_Handler                      0x080011b8   Section        0  stm32f4xx_it.o(i.MemManage_Handler)
    i.NMI_Handler                            0x080011bc   Section        0  stm32f4xx_it.o(i.NMI_Handler)
    i.NVIC_Init                              0x080011c0   Section        0  misc.o(i.NVIC_Init)
    i.NVIC_PriorityGroupConfig               0x08001238   Section        0  misc.o(i.NVIC_PriorityGroupConfig)
    i.ONEWIRE_DELAY                          0x0800124c   Section        0  onewire.o(i.ONEWIRE_DELAY)
    i.ONEWIRE_HIGH                           0x08001258   Section        0  onewire.o(i.ONEWIRE_HIGH)
    i.ONEWIRE_INPUT                          0x08001260   Section        0  onewire.o(i.ONEWIRE_INPUT)
    i.ONEWIRE_LOW                            0x08001282   Section        0  onewire.o(i.ONEWIRE_LOW)
    i.ONEWIRE_OUTPUT                         0x0800128a   Section        0  onewire.o(i.ONEWIRE_OUTPUT)
    i.OneWire_CRC8                           0x080012b2   Section        0  onewire.o(i.OneWire_CRC8)
    i.OneWire_First                          0x080012ea   Section        0  onewire.o(i.OneWire_First)
    i.OneWire_GetFullROM                     0x080012fe   Section        0  onewire.o(i.OneWire_GetFullROM)
    i.OneWire_Init                           0x08001316   Section        0  onewire.o(i.OneWire_Init)
    i.OneWire_Next                           0x0800134e   Section        0  onewire.o(i.OneWire_Next)
    i.OneWire_ReadBit                        0x0800135c   Section        0  onewire.o(i.OneWire_ReadBit)
    i.OneWire_ReadByte                       0x08001396   Section        0  onewire.o(i.OneWire_ReadByte)
    i.OneWire_Reset                          0x080013bc   Section        0  onewire.o(i.OneWire_Reset)
    i.OneWire_ResetSearch                    0x080013fc   Section        0  onewire.o(i.OneWire_ResetSearch)
    i.OneWire_Search                         0x08001406   Section        0  onewire.o(i.OneWire_Search)
    i.OneWire_SelectWithPointer              0x0800150e   Section        0  onewire.o(i.OneWire_SelectWithPointer)
    i.OneWire_WriteBit                       0x08001532   Section        0  onewire.o(i.OneWire_WriteBit)
    i.OneWire_WriteByte                      0x08001586   Section        0  onewire.o(i.OneWire_WriteByte)
    i.PendSV_Handler                         0x080015a8   Section        0  stm32f4xx_it.o(i.PendSV_Handler)
    i.RCC_AHB1PeriphClockCmd                 0x080015ac   Section        0  stm32f4xx_rcc.o(i.RCC_AHB1PeriphClockCmd)
    i.RCC_AHB3PeriphClockCmd                 0x080015cc   Section        0  stm32f4xx_rcc.o(i.RCC_AHB3PeriphClockCmd)
    i.RCC_APB1PeriphClockCmd                 0x080015ec   Section        0  stm32f4xx_rcc.o(i.RCC_APB1PeriphClockCmd)
    i.RCC_GetClocksFreq                      0x0800160c   Section        0  stm32f4xx_rcc.o(i.RCC_GetClocksFreq)
    i.SVC_Handler                            0x080016f4   Section        0  stm32f4xx_it.o(i.SVC_Handler)
    i.SetSysClock                            0x080016f8   Section        0  system_stm32f4xx.o(i.SetSysClock)
    SetSysClock                              0x080016f9   Thumb Code   220  system_stm32f4xx.o(i.SetSysClock)
    i.SysTick_CLKSourceConfig                0x080017e4   Section        0  misc.o(i.SysTick_CLKSourceConfig)
    i.SysTick_Handler                        0x0800180c   Section        0  stm32f4xx_it.o(i.SysTick_Handler)
    i.SystemInit                             0x08001810   Section        0  system_stm32f4xx.o(i.SystemInit)
    i.Task_Ds18b20                           0x08001878   Section        0  ds18b20.o(i.Task_Ds18b20)
    i.USART3_IRQHandler                      0x08001a18   Section        0  uart.o(i.USART3_IRQHandler)
    i.USART_ClearITPendingBit                0x08001a4c   Section        0  stm32f4xx_usart.o(i.USART_ClearITPendingBit)
    i.USART_Cmd                              0x08001a6a   Section        0  stm32f4xx_usart.o(i.USART_Cmd)
    i.USART_GetITStatus                      0x08001a82   Section        0  stm32f4xx_usart.o(i.USART_GetITStatus)
    i.USART_ITConfig                         0x08001ad6   Section        0  stm32f4xx_usart.o(i.USART_ITConfig)
    i.USART_Init                             0x08001b20   Section        0  stm32f4xx_usart.o(i.USART_Init)
    i.USART_ReceiveData                      0x08001bf4   Section        0  stm32f4xx_usart.o(i.USART_ReceiveData)
    i.UsageFault_Handler                     0x08001bfe   Section        0  stm32f4xx_it.o(i.UsageFault_Handler)
    i.__hardfp_floor                         0x08001c08   Section        0  floor.o(i.__hardfp_floor)
    i.buzzer_init                            0x08001d20   Section        0  buzzer.o(i.buzzer_init)
    i.buzzer_off                             0x08001d64   Section        0  buzzer.o(i.buzzer_off)
    i.buzzer_on                              0x08001d74   Section        0  buzzer.o(i.buzzer_on)
    i.delay_init                             0x08001d84   Section        0  delay.o(i.delay_init)
    i.delay_ms                               0x08001db8   Section        0  delay.o(i.delay_ms)
    i.delay_us                               0x08001df0   Section        0  delay.o(i.delay_us)
    i.delay_xms                              0x08001e3c   Section        0  delay.o(i.delay_xms)
    delay_xms                                0x08001e3d   Thumb Code    72  delay.o(i.delay_xms)
    i.led_init                               0x08001e88   Section        0  led.o(i.led_init)
    i.led_on                                 0x08001f54   Section        0  led.o(i.led_on)
    i.main                                   0x08001f98   Section        0  main.o(i.main)
    i.relay_init                             0x0800205c   Section        0  relay.o(i.relay_init)
    i.setRecvHandler                         0x080020c4   Section        0  uart.o(i.setRecvHandler)
    i.uart_init                              0x080020d0   Section        0  uart.o(i.uart_init)
    i.usartRecvHandler                       0x08002190   Section        0  main.o(i.usartRecvHandler)
    x$fpl$dadd                               0x080021d0   Section      336  daddsub_clz.o(x$fpl$dadd)
    $v0                                      0x080021d0   Number         0  daddsub_clz.o(x$fpl$dadd)
    _dadd1                                   0x080021e1   Thumb Code     0  daddsub_clz.o(x$fpl$dadd)
    x$fpl$dcmpinf                            0x08002320   Section       24  dcmpi.o(x$fpl$dcmpinf)
    $v0                                      0x08002320   Number         0  dcmpi.o(x$fpl$dcmpinf)
    x$fpl$dfix                               0x08002338   Section       94  dfix.o(x$fpl$dfix)
    $v0                                      0x08002338   Number         0  dfix.o(x$fpl$dfix)
    x$fpl$dleqf                              0x08002398   Section      120  dleqf.o(x$fpl$dleqf)
    $v0                                      0x08002398   Number         0  dleqf.o(x$fpl$dleqf)
    x$fpl$dnaninf                            0x08002410   Section      156  dnaninf.o(x$fpl$dnaninf)
    $v0                                      0x08002410   Number         0  dnaninf.o(x$fpl$dnaninf)
    x$fpl$dretinf                            0x080024ac   Section       12  dretinf.o(x$fpl$dretinf)
    $v0                                      0x080024ac   Number         0  dretinf.o(x$fpl$dretinf)
    x$fpl$drleqf                             0x080024b8   Section      108  drleqf.o(x$fpl$drleqf)
    $v0                                      0x080024b8   Number         0  drleqf.o(x$fpl$drleqf)
    x$fpl$drsb                               0x08002524   Section       22  daddsub_clz.o(x$fpl$drsb)
    $v0                                      0x08002524   Number         0  daddsub_clz.o(x$fpl$drsb)
    x$fpl$dsub                               0x0800253c   Section      468  daddsub_clz.o(x$fpl$dsub)
    $v0                                      0x0800253c   Number         0  daddsub_clz.o(x$fpl$dsub)
    _dsub1                                   0x0800254d   Thumb Code     0  daddsub_clz.o(x$fpl$dsub)
    x$fpl$f2d                                0x08002710   Section       86  f2d.o(x$fpl$f2d)
    $v0                                      0x08002710   Number         0  f2d.o(x$fpl$f2d)
    x$fpl$fnaninf                            0x08002766   Section      140  fnaninf.o(x$fpl$fnaninf)
    $v0                                      0x08002766   Number         0  fnaninf.o(x$fpl$fnaninf)
    x$fpl$fpinit                             0x080027f2   Section       10  fpinit.o(x$fpl$fpinit)
    $v0                                      0x080027f2   Number         0  fpinit.o(x$fpl$fpinit)
    .constdata                               0x080027fc   Section     6464  lcd.o(.constdata)
    x$fpl$usenofp                            0x080027fc   Section        0  usenofp.o(x$fpl$usenofp)
    .data                                    0x20000000   Section       16  stm32f4xx_rcc.o(.data)
    APBAHBPrescTable                         0x20000000   Data          16  stm32f4xx_rcc.o(.data)
    .data                                    0x20000010   Section        4  delay.o(.data)
    fac_us                                   0x20000010   Data           1  delay.o(.data)
    fac_ms                                   0x20000012   Data           2  delay.o(.data)
    .data                                    0x20000014   Section       16  eint.o(.data)
    handler1                                 0x20000014   Data           4  eint.o(.data)
    handler2                                 0x20000018   Data           4  eint.o(.data)
    handler3                                 0x2000001c   Data           4  eint.o(.data)
    handler4                                 0x20000020   Data           4  eint.o(.data)
    .data                                    0x20000024   Section        4  uart.o(.data)
    handler                                  0x20000024   Data           4  uart.o(.data)
    .data                                    0x20000028   Section       18  lcd.o(.data)
    .data                                    0x2000003c   Section       12  ds18b20.o(.data)
    .bss                                     0x20000048   Section      132  ds18b20.o(.bss)
    .bss                                     0x200000cc   Section       96  libspace.o(.bss)
    HEAP                                     0x20000130   Section      512  startup_stm32f40_41xxx.o(HEAP)
    Heap_Mem                                 0x20000130   Data         512  startup_stm32f40_41xxx.o(HEAP)
    STACK                                    0x20000330   Section     1024  startup_stm32f40_41xxx.o(STACK)
    Stack_Mem                                0x20000330   Data        1024  startup_stm32f40_41xxx.o(STACK)
    __initial_sp                             0x20000730   Data           0  startup_stm32f40_41xxx.o(STACK)

    Global Symbols

    Symbol Name                              Value     Ov Type        Size  Object(Section)

    BuildAttributes$$THM_ISAv4$E$P$D$K$B$S$7EM$VFPi3$EXTD16$VFPS$VFMA$PE$A:L22UL41UL21$X:L11$S22US41US21$IEEE1$IW$USESV6$~STKCKD$USESV7$~SHL$OTIME$ROPI$IEEEJ$EBA8$UX$STANDARDLIB$REQ8$PRES8$EABIv2 0x00000000   Number         0  anon$$obj.o ABSOLUTE
    __ARM_use_no_argv                        0x00000000   Number         0  main.o ABSOLUTE
    __ARM_exceptions_init                     - Undefined Weak Reference
    __alloca_initialize                       - Undefined Weak Reference
    __arm_preinit_                            - Undefined Weak Reference
    __cpp_initialize__aeabi_                  - Undefined Weak Reference
    __cxa_finalize                            - Undefined Weak Reference
    __rt_locale                               - Undefined Weak Reference
    __sigvec_lookup                           - Undefined Weak Reference
    _atexit_init                              - Undefined Weak Reference
    _call_atexit_fns                          - Undefined Weak Reference
    _clock_init                               - Undefined Weak Reference
    _fp_trap_init                             - Undefined Weak Reference
    _fp_trap_shutdown                         - Undefined Weak Reference
    _get_lc_collate                           - Undefined Weak Reference
    _get_lc_ctype                             - Undefined Weak Reference
    _get_lc_monetary                          - Undefined Weak Reference
    _get_lc_numeric                           - Undefined Weak Reference
    _get_lc_time                              - Undefined Weak Reference
    _getenv_init                              - Undefined Weak Reference
    _handle_redirection                       - Undefined Weak Reference
    _init_alloc                               - Undefined Weak Reference
    _init_user_alloc                          - Undefined Weak Reference
    _initio                                   - Undefined Weak Reference
    _rand_init                                - Undefined Weak Reference
    _signal_finish                            - Undefined Weak Reference
    _signal_init                              - Undefined Weak Reference
    _terminate_alloc                          - Undefined Weak Reference
    _terminate_user_alloc                     - Undefined Weak Reference
    _terminateio                              - Undefined Weak Reference
    __Vectors_Size                           0x00000188   Number         0  startup_stm32f40_41xxx.o ABSOLUTE
    __Vectors                                0x08000000   Data           4  startup_stm32f40_41xxx.o(RESET)
    __Vectors_End                            0x08000188   Data           0  startup_stm32f40_41xxx.o(RESET)
    __main                                   0x08000189   Thumb Code     8  __main.o(!!!main)
    __scatterload                            0x08000191   Thumb Code     0  __scatter.o(!!!scatter)
    __scatterload_rt2                        0x08000191   Thumb Code    44  __scatter.o(!!!scatter)
    __scatterload_rt2_thumb_only             0x08000191   Thumb Code     0  __scatter.o(!!!scatter)
    __scatterload_null                       0x0800019f   Thumb Code     0  __scatter.o(!!!scatter)
    __scatterload_copy                       0x080001c5   Thumb Code    26  __scatter_copy.o(!!handler_copy)
    __scatterload_zeroinit                   0x080001e1   Thumb Code    28  __scatter_zi.o(!!handler_zi)
    __rt_lib_init                            0x080001fd   Thumb Code     0  libinit.o(.ARM.Collect$$libinit$$00000000)
    __rt_lib_init_fp_1                       0x080001ff   Thumb Code     0  libinit2.o(.ARM.Collect$$libinit$$00000001)
    __rt_lib_init_alloca_1                   0x08000203   Thumb Code     0  libinit2.o(.ARM.Collect$$libinit$$0000002E)
    __rt_lib_init_argv_1                     0x08000203   Thumb Code     0  libinit2.o(.ARM.Collect$$libinit$$0000002C)
    __rt_lib_init_atexit_1                   0x08000203   Thumb Code     0  libinit2.o(.ARM.Collect$$libinit$$0000001B)
    __rt_lib_init_clock_1                    0x08000203   Thumb Code     0  libinit2.o(.ARM.Collect$$libinit$$00000021)
    __rt_lib_init_cpp_1                      0x08000203   Thumb Code     0  libinit2.o(.ARM.Collect$$libinit$$00000032)
    __rt_lib_init_exceptions_1               0x08000203   Thumb Code     0  libinit2.o(.ARM.Collect$$libinit$$00000030)
    __rt_lib_init_fp_trap_1                  0x08000203   Thumb Code     0  libinit2.o(.ARM.Collect$$libinit$$0000001F)
    __rt_lib_init_getenv_1                   0x08000203   Thumb Code     0  libinit2.o(.ARM.Collect$$libinit$$00000023)
    __rt_lib_init_heap_1                     0x08000203   Thumb Code     0  libinit2.o(.ARM.Collect$$libinit$$0000000A)
    __rt_lib_init_lc_collate_1               0x08000203   Thumb Code     0  libinit2.o(.ARM.Collect$$libinit$$00000011)
    __rt_lib_init_lc_ctype_1                 0x08000203   Thumb Code     0  libinit2.o(.ARM.Collect$$libinit$$00000013)
    __rt_lib_init_lc_monetary_1              0x08000203   Thumb Code     0  libinit2.o(.ARM.Collect$$libinit$$00000015)
    __rt_lib_init_lc_numeric_1               0x08000203   Thumb Code     0  libinit2.o(.ARM.Collect$$libinit$$00000017)
    __rt_lib_init_lc_time_1                  0x08000203   Thumb Code     0  libinit2.o(.ARM.Collect$$libinit$$00000019)
    __rt_lib_init_preinit_1                  0x08000203   Thumb Code     0  libinit2.o(.ARM.Collect$$libinit$$00000004)
    __rt_lib_init_rand_1                     0x08000203   Thumb Code     0  libinit2.o(.ARM.Collect$$libinit$$0000000E)
    __rt_lib_init_return                     0x08000203   Thumb Code     0  libinit2.o(.ARM.Collect$$libinit$$00000033)
    __rt_lib_init_signal_1                   0x08000203   Thumb Code     0  libinit2.o(.ARM.Collect$$libinit$$0000001D)
    __rt_lib_init_stdio_1                    0x08000203   Thumb Code     0  libinit2.o(.ARM.Collect$$libinit$$00000025)
    __rt_lib_init_user_alloc_1               0x08000203   Thumb Code     0  libinit2.o(.ARM.Collect$$libinit$$0000000C)
    __rt_lib_shutdown                        0x08000205   Thumb Code     0  libshutdown.o(.ARM.Collect$$libshutdown$$00000000)
    __rt_lib_shutdown_cpp_1                  0x08000207   Thumb Code     0  libshutdown2.o(.ARM.Collect$$libshutdown$$00000002)
    __rt_lib_shutdown_fp_trap_1              0x08000207   Thumb Code     0  libshutdown2.o(.ARM.Collect$$libshutdown$$00000007)
    __rt_lib_shutdown_heap_1                 0x08000207   Thumb Code     0  libshutdown2.o(.ARM.Collect$$libshutdown$$0000000F)
    __rt_lib_shutdown_return                 0x08000207   Thumb Code     0  libshutdown2.o(.ARM.Collect$$libshutdown$$00000010)
    __rt_lib_shutdown_signal_1               0x08000207   Thumb Code     0  libshutdown2.o(.ARM.Collect$$libshutdown$$0000000A)
    __rt_lib_shutdown_stdio_1                0x08000207   Thumb Code     0  libshutdown2.o(.ARM.Collect$$libshutdown$$00000004)
    __rt_lib_shutdown_user_alloc_1           0x08000207   Thumb Code     0  libshutdown2.o(.ARM.Collect$$libshutdown$$0000000C)
    __rt_entry                               0x08000209   Thumb Code     0  __rtentry.o(.ARM.Collect$$rtentry$$00000000)
    __rt_entry_presh_1                       0x08000209   Thumb Code     0  __rtentry2.o(.ARM.Collect$$rtentry$$00000002)
    __rt_entry_sh                            0x08000209   Thumb Code     0  __rtentry4.o(.ARM.Collect$$rtentry$$00000004)
    __rt_entry_li                            0x0800020f   Thumb Code     0  __rtentry2.o(.ARM.Collect$$rtentry$$0000000A)
    __rt_entry_postsh_1                      0x0800020f   Thumb Code     0  __rtentry2.o(.ARM.Collect$$rtentry$$00000009)
    __rt_entry_main                          0x08000213   Thumb Code     0  __rtentry2.o(.ARM.Collect$$rtentry$$0000000D)
    __rt_entry_postli_1                      0x08000213   Thumb Code     0  __rtentry2.o(.ARM.Collect$$rtentry$$0000000C)
    __rt_exit                                0x0800021b   Thumb Code     0  rtexit.o(.ARM.Collect$$rtexit$$00000000)
    __rt_exit_ls                             0x0800021d   Thumb Code     0  rtexit2.o(.ARM.Collect$$rtexit$$00000003)
    __rt_exit_prels_1                        0x0800021d   Thumb Code     0  rtexit2.o(.ARM.Collect$$rtexit$$00000002)
    __rt_exit_exit                           0x08000221   Thumb Code     0  rtexit2.o(.ARM.Collect$$rtexit$$00000004)
    Reset_Handler                            0x08000229   Thumb Code     8  startup_stm32f40_41xxx.o(.text)
    ADC_IRQHandler                           0x08000243   Thumb Code     0  startup_stm32f40_41xxx.o(.text)
    CAN1_RX0_IRQHandler                      0x08000243   Thumb Code     0  startup_stm32f40_41xxx.o(.text)
    CAN1_RX1_IRQHandler                      0x08000243   Thumb Code     0  startup_stm32f40_41xxx.o(.text)
    CAN1_SCE_IRQHandler                      0x08000243   Thumb Code     0  startup_stm32f40_41xxx.o(.text)
    CAN1_TX_IRQHandler                       0x08000243   Thumb Code     0  startup_stm32f40_41xxx.o(.text)
    CAN2_RX0_IRQHandler                      0x08000243   Thumb Code     0  startup_stm32f40_41xxx.o(.text)
    CAN2_RX1_IRQHandler                      0x08000243   Thumb Code     0  startup_stm32f40_41xxx.o(.text)
    CAN2_SCE_IRQHandler                      0x08000243   Thumb Code     0  startup_stm32f40_41xxx.o(.text)
    CAN2_TX_IRQHandler                       0x08000243   Thumb Code     0  startup_stm32f40_41xxx.o(.text)
    CRYP_IRQHandler                          0x08000243   Thumb Code     0  startup_stm32f40_41xxx.o(.text)
    DCMI_IRQHandler                          0x08000243   Thumb Code     0  startup_stm32f40_41xxx.o(.text)
    DMA1_Stream0_IRQHandler                  0x08000243   Thumb Code     0  startup_stm32f40_41xxx.o(.text)
    DMA1_Stream1_IRQHandler                  0x08000243   Thumb Code     0  startup_stm32f40_41xxx.o(.text)
    DMA1_Stream2_IRQHandler                  0x08000243   Thumb Code     0  startup_stm32f40_41xxx.o(.text)
    DMA1_Stream3_IRQHandler                  0x08000243   Thumb Code     0  startup_stm32f40_41xxx.o(.text)
    DMA1_Stream4_IRQHandler                  0x08000243   Thumb Code     0  startup_stm32f40_41xxx.o(.text)
    DMA1_Stream5_IRQHandler                  0x08000243   Thumb Code     0  startup_stm32f40_41xxx.o(.text)
    DMA1_Stream6_IRQHandler                  0x08000243   Thumb Code     0  startup_stm32f40_41xxx.o(.text)
    DMA1_Stream7_IRQHandler                  0x08000243   Thumb Code     0  startup_stm32f40_41xxx.o(.text)
    DMA2_Stream0_IRQHandler                  0x08000243   Thumb Code     0  startup_stm32f40_41xxx.o(.text)
    DMA2_Stream1_IRQHandler                  0x08000243   Thumb Code     0  startup_stm32f40_41xxx.o(.text)
    DMA2_Stream2_IRQHandler                  0x08000243   Thumb Code     0  startup_stm32f40_41xxx.o(.text)
    DMA2_Stream3_IRQHandler                  0x08000243   Thumb Code     0  startup_stm32f40_41xxx.o(.text)
    DMA2_Stream4_IRQHandler                  0x08000243   Thumb Code     0  startup_stm32f40_41xxx.o(.text)
    DMA2_Stream5_IRQHandler                  0x08000243   Thumb Code     0  startup_stm32f40_41xxx.o(.text)
    DMA2_Stream6_IRQHandler                  0x08000243   Thumb Code     0  startup_stm32f40_41xxx.o(.text)
    DMA2_Stream7_IRQHandler                  0x08000243   Thumb Code     0  startup_stm32f40_41xxx.o(.text)
    ETH_IRQHandler                           0x08000243   Thumb Code     0  startup_stm32f40_41xxx.o(.text)
    ETH_WKUP_IRQHandler                      0x08000243   Thumb Code     0  startup_stm32f40_41xxx.o(.text)
    EXTI0_IRQHandler                         0x08000243   Thumb Code     0  startup_stm32f40_41xxx.o(.text)
    EXTI15_10_IRQHandler                     0x08000243   Thumb Code     0  startup_stm32f40_41xxx.o(.text)
    EXTI1_IRQHandler                         0x08000243   Thumb Code     0  startup_stm32f40_41xxx.o(.text)
    EXTI2_IRQHandler                         0x08000243   Thumb Code     0  startup_stm32f40_41xxx.o(.text)
    EXTI3_IRQHandler                         0x08000243   Thumb Code     0  startup_stm32f40_41xxx.o(.text)
    EXTI4_IRQHandler                         0x08000243   Thumb Code     0  startup_stm32f40_41xxx.o(.text)
    FLASH_IRQHandler                         0x08000243   Thumb Code     0  startup_stm32f40_41xxx.o(.text)
    FPU_IRQHandler                           0x08000243   Thumb Code     0  startup_stm32f40_41xxx.o(.text)
    FSMC_IRQHandler                          0x08000243   Thumb Code     0  startup_stm32f40_41xxx.o(.text)
    HASH_RNG_IRQHandler                      0x08000243   Thumb Code     0  startup_stm32f40_41xxx.o(.text)
    I2C1_ER_IRQHandler                       0x08000243   Thumb Code     0  startup_stm32f40_41xxx.o(.text)
    I2C1_EV_IRQHandler                       0x08000243   Thumb Code     0  startup_stm32f40_41xxx.o(.text)
    I2C2_ER_IRQHandler                       0x08000243   Thumb Code     0  startup_stm32f40_41xxx.o(.text)
    I2C2_EV_IRQHandler                       0x08000243   Thumb Code     0  startup_stm32f40_41xxx.o(.text)
    I2C3_ER_IRQHandler                       0x08000243   Thumb Code     0  startup_stm32f40_41xxx.o(.text)
    I2C3_EV_IRQHandler                       0x08000243   Thumb Code     0  startup_stm32f40_41xxx.o(.text)
    OTG_FS_IRQHandler                        0x08000243   Thumb Code     0  startup_stm32f40_41xxx.o(.text)
    OTG_FS_WKUP_IRQHandler                   0x08000243   Thumb Code     0  startup_stm32f40_41xxx.o(.text)
    OTG_HS_EP1_IN_IRQHandler                 0x08000243   Thumb Code     0  startup_stm32f40_41xxx.o(.text)
    OTG_HS_EP1_OUT_IRQHandler                0x08000243   Thumb Code     0  startup_stm32f40_41xxx.o(.text)
    OTG_HS_IRQHandler                        0x08000243   Thumb Code     0  startup_stm32f40_41xxx.o(.text)
    OTG_HS_WKUP_IRQHandler                   0x08000243   Thumb Code     0  startup_stm32f40_41xxx.o(.text)
    PVD_IRQHandler                           0x08000243   Thumb Code     0  startup_stm32f40_41xxx.o(.text)
    RCC_IRQHandler                           0x08000243   Thumb Code     0  startup_stm32f40_41xxx.o(.text)
    RTC_Alarm_IRQHandler                     0x08000243   Thumb Code     0  startup_stm32f40_41xxx.o(.text)
    RTC_WKUP_IRQHandler                      0x08000243   Thumb Code     0  startup_stm32f40_41xxx.o(.text)
    SDIO_IRQHandler                          0x08000243   Thumb Code     0  startup_stm32f40_41xxx.o(.text)
    SPI1_IRQHandler                          0x08000243   Thumb Code     0  startup_stm32f40_41xxx.o(.text)
    SPI2_IRQHandler                          0x08000243   Thumb Code     0  startup_stm32f40_41xxx.o(.text)
    SPI3_IRQHandler                          0x08000243   Thumb Code     0  startup_stm32f40_41xxx.o(.text)
    TAMP_STAMP_IRQHandler                    0x08000243   Thumb Code     0  startup_stm32f40_41xxx.o(.text)
    TIM1_BRK_TIM9_IRQHandler                 0x08000243   Thumb Code     0  startup_stm32f40_41xxx.o(.text)
    TIM1_CC_IRQHandler                       0x08000243   Thumb Code     0  startup_stm32f40_41xxx.o(.text)
    TIM1_TRG_COM_TIM11_IRQHandler            0x08000243   Thumb Code     0  startup_stm32f40_41xxx.o(.text)
    TIM1_UP_TIM10_IRQHandler                 0x08000243   Thumb Code     0  startup_stm32f40_41xxx.o(.text)
    TIM2_IRQHandler                          0x08000243   Thumb Code     0  startup_stm32f40_41xxx.o(.text)
    TIM3_IRQHandler                          0x08000243   Thumb Code     0  startup_stm32f40_41xxx.o(.text)
    TIM4_IRQHandler                          0x08000243   Thumb Code     0  startup_stm32f40_41xxx.o(.text)
    TIM5_IRQHandler                          0x08000243   Thumb Code     0  startup_stm32f40_41xxx.o(.text)
    TIM6_DAC_IRQHandler                      0x08000243   Thumb Code     0  startup_stm32f40_41xxx.o(.text)
    TIM7_IRQHandler                          0x08000243   Thumb Code     0  startup_stm32f40_41xxx.o(.text)
    TIM8_BRK_TIM12_IRQHandler                0x08000243   Thumb Code     0  startup_stm32f40_41xxx.o(.text)
    TIM8_CC_IRQHandler                       0x08000243   Thumb Code     0  startup_stm32f40_41xxx.o(.text)
    TIM8_TRG_COM_TIM14_IRQHandler            0x08000243   Thumb Code     0  startup_stm32f40_41xxx.o(.text)
    TIM8_UP_TIM13_IRQHandler                 0x08000243   Thumb Code     0  startup_stm32f40_41xxx.o(.text)
    UART4_IRQHandler                         0x08000243   Thumb Code     0  startup_stm32f40_41xxx.o(.text)
    UART5_IRQHandler                         0x08000243   Thumb Code     0  startup_stm32f40_41xxx.o(.text)
    USART1_IRQHandler                        0x08000243   Thumb Code     0  startup_stm32f40_41xxx.o(.text)
    USART2_IRQHandler                        0x08000243   Thumb Code     0  startup_stm32f40_41xxx.o(.text)
    USART6_IRQHandler                        0x08000243   Thumb Code     0  startup_stm32f40_41xxx.o(.text)
    WWDG_IRQHandler                          0x08000243   Thumb Code     0  startup_stm32f40_41xxx.o(.text)
    __user_initial_stackheap                 0x08000245   Thumb Code     0  startup_stm32f40_41xxx.o(.text)
    __aeabi_memclr4                          0x08000269   Thumb Code     0  rt_memclr_w.o(.text)
    __aeabi_memclr8                          0x08000269   Thumb Code     0  rt_memclr_w.o(.text)
    __rt_memclr_w                            0x08000269   Thumb Code    78  rt_memclr_w.o(.text)
    _memset_w                                0x0800026d   Thumb Code     0  rt_memclr_w.o(.text)
    __use_two_region_memory                  0x080002b7   Thumb Code     2  heapauxi.o(.text)
    __rt_heap_escrow$2region                 0x080002b9   Thumb Code     2  heapauxi.o(.text)
    __rt_heap_expand$2region                 0x080002bb   Thumb Code     2  heapauxi.o(.text)
    __user_setup_stackheap                   0x080002bd   Thumb Code    74  sys_stackheap_outer.o(.text)
    exit                                     0x08000307   Thumb Code    18  exit.o(.text)
    __user_libspace                          0x08000319   Thumb Code     8  libspace.o(.text)
    __user_perproc_libspace                  0x08000319   Thumb Code     0  libspace.o(.text)
    __user_perthread_libspace                0x08000319   Thumb Code     0  libspace.o(.text)
    _sys_exit                                0x08000321   Thumb Code     8  sys_exit.o(.text)
    __I$use$semihosting                      0x0800032d   Thumb Code     0  use_no_semi.o(.text)
    __use_no_semihosting_swi                 0x0800032d   Thumb Code     2  use_no_semi.o(.text)
    BusFault_Handler                         0x0800032f   Thumb Code     4  stm32f4xx_it.o(i.BusFault_Handler)
    __semihosting_library_function           0x0800032f   Thumb Code     0  indicate_semi.o(.text)
    DS18B20_AllDone                          0x08000333   Thumb Code    12  ds18b20.o(i.DS18B20_AllDone)
    DS18B20_DisableAlarmTemperature          0x0800033f   Thumb Code   156  ds18b20.o(i.DS18B20_DisableAlarmTemperature)
    DS18B20_Is                               0x080003db   Thumb Code    16  ds18b20.o(i.DS18B20_Is)
    DS18B20_Read                             0x080003ed   Thumb Code   374  ds18b20.o(i.DS18B20_Read)
    DS18B20_SetResolution                    0x08000571   Thumb Code   208  ds18b20.o(i.DS18B20_SetResolution)
    DS18B20_StartAll                         0x08000641   Thumb Code    28  ds18b20.o(i.DS18B20_StartAll)
    DebugMon_Handler                         0x0800065d   Thumb Code     2  stm32f4xx_it.o(i.DebugMon_Handler)
    EXTI9_5_IRQHandler                       0x08000661   Thumb Code   100  eint.o(i.EXTI9_5_IRQHandler)
    EXTI_ClearITPendingBit                   0x080006d5   Thumb Code     6  stm32f4xx_exti.o(i.EXTI_ClearITPendingBit)
    EXTI_GetFlagStatus                       0x080006e1   Thumb Code    20  stm32f4xx_exti.o(i.EXTI_GetFlagStatus)
    FSMC_NORSRAMCmd                          0x080006f9   Thumb Code    46  stm32f4xx_fsmc.o(i.FSMC_NORSRAMCmd)
    FSMC_NORSRAMInit                         0x0800072d   Thumb Code   230  stm32f4xx_fsmc.o(i.FSMC_NORSRAMInit)
    GPIO_Init                                0x08000813   Thumb Code   144  stm32f4xx_gpio.o(i.GPIO_Init)
    GPIO_PinAFConfig                         0x080008a3   Thumb Code    70  stm32f4xx_gpio.o(i.GPIO_PinAFConfig)
    GPIO_ReadInputDataBit                    0x080008e9   Thumb Code    18  stm32f4xx_gpio.o(i.GPIO_ReadInputDataBit)
    GPIO_ResetBits                           0x080008fb   Thumb Code     4  stm32f4xx_gpio.o(i.GPIO_ResetBits)
    GPIO_SetBits                             0x080008ff   Thumb Code     4  stm32f4xx_gpio.o(i.GPIO_SetBits)
    HardFault_Handler                        0x08000903   Thumb Code     4  stm32f4xx_it.o(i.HardFault_Handler)
    LCD_AUTOScan_Dir                         0x08000909   Thumb Code   164  lcd.o(i.LCD_AUTOScan_Dir)
    LCD_Clear                                0x080009c1   Thumb Code    48  lcd.o(i.LCD_Clear)
    LCD_Color_DrawPoint                      0x080009fd   Thumb Code    58  lcd.o(i.LCD_Color_DrawPoint)
    LCD_DisplayChar                          0x08000a49   Thumb Code   230  lcd.o(i.LCD_DisplayChar)
    LCD_DisplayChinese                       0x08000b4d   Thumb Code   150  lcd.o(i.LCD_DisplayChinese)
    LCD_DisplayNum                           0x08000bf9   Thumb Code   172  lcd.o(i.LCD_DisplayNum)
    LCD_Display_Dir                          0x08000ca5   Thumb Code    68  lcd.o(i.LCD_Display_Dir)
    LCD_FSMC_Config                          0x08000cf1   Thumb Code   528  lcd.o(i.LCD_FSMC_Config)
    LCD_Init                                 0x08000f0d   Thumb Code   560  lcd.o(i.LCD_Init)
    LCD_Pow                                  0x08001149   Thumb Code    22  lcd.o(i.LCD_Pow)
    LCD_SetCursor                            0x08001161   Thumb Code    42  lcd.o(i.LCD_SetCursor)
    LCD_WriteRAM_Prepare                     0x08001199   Thumb Code    12  lcd.o(i.LCD_WriteRAM_Prepare)
    LCD_WriteReg                             0x080011a9   Thumb Code    12  lcd.o(i.LCD_WriteReg)
    MemManage_Handler                        0x080011b9   Thumb Code     4  stm32f4xx_it.o(i.MemManage_Handler)
    NMI_Handler                              0x080011bd   Thumb Code     2  stm32f4xx_it.o(i.NMI_Handler)
    NVIC_Init                                0x080011c1   Thumb Code   106  misc.o(i.NVIC_Init)
    NVIC_PriorityGroupConfig                 0x08001239   Thumb Code    10  misc.o(i.NVIC_PriorityGroupConfig)
    ONEWIRE_DELAY                            0x0800124d   Thumb Code    12  onewire.o(i.ONEWIRE_DELAY)
    ONEWIRE_HIGH                             0x08001259   Thumb Code     8  onewire.o(i.ONEWIRE_HIGH)
    ONEWIRE_INPUT                            0x08001261   Thumb Code    34  onewire.o(i.ONEWIRE_INPUT)
    ONEWIRE_LOW                              0x08001283   Thumb Code     8  onewire.o(i.ONEWIRE_LOW)
    ONEWIRE_OUTPUT                           0x0800128b   Thumb Code    40  onewire.o(i.ONEWIRE_OUTPUT)
    OneWire_CRC8                             0x080012b3   Thumb Code    56  onewire.o(i.OneWire_CRC8)
    OneWire_First                            0x080012eb   Thumb Code    20  onewire.o(i.OneWire_First)
    OneWire_GetFullROM                       0x080012ff   Thumb Code    24  onewire.o(i.OneWire_GetFullROM)
    OneWire_Init                             0x08001317   Thumb Code    56  onewire.o(i.OneWire_Init)
    OneWire_Next                             0x0800134f   Thumb Code    14  onewire.o(i.OneWire_Next)
    OneWire_ReadBit                          0x0800135d   Thumb Code    58  onewire.o(i.OneWire_ReadBit)
    OneWire_ReadByte                         0x08001397   Thumb Code    38  onewire.o(i.OneWire_ReadByte)
    OneWire_Reset                            0x080013bd   Thumb Code    64  onewire.o(i.OneWire_Reset)
    OneWire_ResetSearch                      0x080013fd   Thumb Code    10  onewire.o(i.OneWire_ResetSearch)
    OneWire_Search                           0x08001407   Thumb Code   264  onewire.o(i.OneWire_Search)
    OneWire_SelectWithPointer                0x0800150f   Thumb Code    36  onewire.o(i.OneWire_SelectWithPointer)
    OneWire_WriteBit                         0x08001533   Thumb Code    84  onewire.o(i.OneWire_WriteBit)
    OneWire_WriteByte                        0x08001587   Thumb Code    34  onewire.o(i.OneWire_WriteByte)
    PendSV_Handler                           0x080015a9   Thumb Code     2  stm32f4xx_it.o(i.PendSV_Handler)
    RCC_AHB1PeriphClockCmd                   0x080015ad   Thumb Code    26  stm32f4xx_rcc.o(i.RCC_AHB1PeriphClockCmd)
    RCC_AHB3PeriphClockCmd                   0x080015cd   Thumb Code    26  stm32f4xx_rcc.o(i.RCC_AHB3PeriphClockCmd)
    RCC_APB1PeriphClockCmd                   0x080015ed   Thumb Code    26  stm32f4xx_rcc.o(i.RCC_APB1PeriphClockCmd)
    RCC_GetClocksFreq                        0x0800160d   Thumb Code   214  stm32f4xx_rcc.o(i.RCC_GetClocksFreq)
    SVC_Handler                              0x080016f5   Thumb Code     2  stm32f4xx_it.o(i.SVC_Handler)
    SysTick_CLKSourceConfig                  0x080017e5   Thumb Code    40  misc.o(i.SysTick_CLKSourceConfig)
    SysTick_Handler                          0x0800180d   Thumb Code     2  stm32f4xx_it.o(i.SysTick_Handler)
    SystemInit                               0x08001811   Thumb Code    88  system_stm32f4xx.o(i.SystemInit)
    Task_Ds18b20                             0x08001879   Thumb Code   386  ds18b20.o(i.Task_Ds18b20)
    USART3_IRQHandler                        0x08001a19   Thumb Code    44  uart.o(i.USART3_IRQHandler)
    USART_ClearITPendingBit                  0x08001a4d   Thumb Code    30  stm32f4xx_usart.o(i.USART_ClearITPendingBit)
    USART_Cmd                                0x08001a6b   Thumb Code    24  stm32f4xx_usart.o(i.USART_Cmd)
    USART_GetITStatus                        0x08001a83   Thumb Code    84  stm32f4xx_usart.o(i.USART_GetITStatus)
    USART_ITConfig                           0x08001ad7   Thumb Code    74  stm32f4xx_usart.o(i.USART_ITConfig)
    USART_Init                               0x08001b21   Thumb Code   204  stm32f4xx_usart.o(i.USART_Init)
    USART_ReceiveData                        0x08001bf5   Thumb Code    10  stm32f4xx_usart.o(i.USART_ReceiveData)
    UsageFault_Handler                       0x08001bff   Thumb Code     4  stm32f4xx_it.o(i.UsageFault_Handler)
    __hardfp_floor                           0x08001c09   Thumb Code   252  floor.o(i.__hardfp_floor)
    buzzer_init                              0x08001d21   Thumb Code    62  buzzer.o(i.buzzer_init)
    buzzer_off                               0x08001d65   Thumb Code    12  buzzer.o(i.buzzer_off)
    buzzer_on                                0x08001d75   Thumb Code    12  buzzer.o(i.buzzer_on)
    delay_init                               0x08001d85   Thumb Code    42  delay.o(i.delay_init)
    delay_ms                                 0x08001db9   Thumb Code    56  delay.o(i.delay_ms)
    delay_us                                 0x08001df1   Thumb Code    72  delay.o(i.delay_us)
    led_init                                 0x08001e89   Thumb Code   196  led.o(i.led_init)
    led_on                                   0x08001f55   Thumb Code    60  led.o(i.led_on)
    main                                     0x08001f99   Thumb Code   188  main.o(i.main)
    relay_init                               0x0800205d   Thumb Code    82  relay.o(i.relay_init)
    setRecvHandler                           0x080020c5   Thumb Code     6  uart.o(i.setRecvHandler)
    uart_init                                0x080020d1   Thumb Code   184  uart.o(i.uart_init)
    usartRecvHandler                         0x08002191   Thumb Code    62  main.o(i.usartRecvHandler)
    __aeabi_dadd                             0x080021d1   Thumb Code     0  daddsub_clz.o(x$fpl$dadd)
    _dadd                                    0x080021d1   Thumb Code   332  daddsub_clz.o(x$fpl$dadd)
    __fpl_dcmp_Inf                           0x08002321   Thumb Code    24  dcmpi.o(x$fpl$dcmpinf)
    __aeabi_d2iz                             0x08002339   Thumb Code     0  dfix.o(x$fpl$dfix)
    _dfix                                    0x08002339   Thumb Code    94  dfix.o(x$fpl$dfix)
    __aeabi_cdcmple                          0x08002399   Thumb Code     0  dleqf.o(x$fpl$dleqf)
    _dcmple                                  0x08002399   Thumb Code   120  dleqf.o(x$fpl$dleqf)
    __fpl_dcmple_InfNaN                      0x080023fb   Thumb Code     0  dleqf.o(x$fpl$dleqf)
    __fpl_dnaninf                            0x08002411   Thumb Code   156  dnaninf.o(x$fpl$dnaninf)
    __fpl_dretinf                            0x080024ad   Thumb Code    12  dretinf.o(x$fpl$dretinf)
    __aeabi_cdrcmple                         0x080024b9   Thumb Code     0  drleqf.o(x$fpl$drleqf)
    _drcmple                                 0x080024b9   Thumb Code   108  drleqf.o(x$fpl$drleqf)
    __aeabi_drsub                            0x08002525   Thumb Code     0  daddsub_clz.o(x$fpl$drsb)
    _drsb                                    0x08002525   Thumb Code    22  daddsub_clz.o(x$fpl$drsb)
    __aeabi_dsub                             0x0800253d   Thumb Code     0  daddsub_clz.o(x$fpl$dsub)
    _dsub                                    0x0800253d   Thumb Code   464  daddsub_clz.o(x$fpl$dsub)
    __aeabi_f2d                              0x08002711   Thumb Code     0  f2d.o(x$fpl$f2d)
    _f2d                                     0x08002711   Thumb Code    86  f2d.o(x$fpl$f2d)
    __fpl_fnaninf                            0x08002767   Thumb Code   140  fnaninf.o(x$fpl$fnaninf)
    _fp_init                                 0x080027f3   Thumb Code    10  fpinit.o(x$fpl$fpinit)
    __fplib_config_fpu_vfp                   0x080027fb   Thumb Code     0  fpinit.o(x$fpl$fpinit)
    __fplib_config_pureend_doubles           0x080027fb   Thumb Code     0  fpinit.o(x$fpl$fpinit)
    __I$use$fp                               0x080027fc   Number         0  usenofp.o(x$fpl$usenofp)
    char_1206                                0x080027fc   Data        1140  lcd.o(.constdata)
    char_1608                                0x08002c70   Data        1520  lcd.o(.constdata)
    char_2412                                0x08003260   Data        3420  lcd.o(.constdata)
    sxl                                      0x08003fbc   Data         384  lcd.o(.constdata)
    Region$$Table$$Base                      0x0800413c   Number         0  anon$$obj.o(Region$$Table)
    Region$$Table$$Limit                     0x0800415c   Number         0  anon$$obj.o(Region$$Table)
    BRUSH_COLOR                              0x20000028   Data           2  lcd.o(.data)
    BACK_COLOR                               0x2000002a   Data           2  lcd.o(.data)
    lcd_id                                   0x2000002c   Data           2  lcd.o(.data)
    lcd_width                                0x2000002e   Data           2  lcd.o(.data)
    lcd_height                               0x20000030   Data           2  lcd.o(.data)
    write_gramcmd                            0x20000032   Data           2  lcd.o(.data)
    read_gramcmd                             0x20000034   Data           2  lcd.o(.data)
    setxcmd                                  0x20000036   Data           2  lcd.o(.data)
    setycmd                                  0x20000038   Data           2  lcd.o(.data)
    OneWireDevices                           0x2000003c   Data           1  ds18b20.o(.data)
    TempSensorCount                          0x2000003d   Data           1  ds18b20.o(.data)
    Ds18b20StartConvert                      0x2000003e   Data           1  ds18b20.o(.data)
    Ds18b20Timeout                           0x20000040   Data           2  ds18b20.o(.data)
    Ds18b20Handle                            0x20000044   Data           4  ds18b20.o(.data)
    ds18b20                                  0x20000048   Data         112  ds18b20.o(.bss)
    OneWire                                  0x200000b8   Data          20  ds18b20.o(.bss)
    __libspace_start                         0x200000cc   Data          96  libspace.o(.bss)
    __temporary_stack_top$libspace           0x2000012c   Data           0  libspace.o(.bss)



==============================================================================

Memory Map of the image

  Image Entry point : 0x08000229

  Load Region LR_1 (Base: 0x08000000, Size: 0x000041a4, Max: 0xffffffff, ABSOLUTE)

    Execution Region ER_RO (Base: 0x08000000, Size: 0x0000415c, Max: 0xffffffff, ABSOLUTE)

    Base Addr    Size         Type   Attr      Idx    E Section Name        Object

    0x08000000   0x00000188   Data   RO            3    RESET               startup_stm32f40_41xxx.o
    0x08000188   0x00000008   Code   RO         2003  * !!!main             c_w.l(__main.o)
    0x08000190   0x00000034   Code   RO         2191    !!!scatter          c_w.l(__scatter.o)
    0x080001c4   0x0000001a   Code   RO         2193    !!handler_copy      c_w.l(__scatter_copy.o)
    0x080001de   0x00000002   PAD
    0x080001e0   0x0000001c   Code   RO         2195    !!handler_zi        c_w.l(__scatter_zi.o)
    0x080001fc   0x00000002   Code   RO         2059    .ARM.Collect$$libinit$$00000000  c_w.l(libinit.o)
    0x080001fe   0x00000004   Code   RO         2067    .ARM.Collect$$libinit$$00000001  c_w.l(libinit2.o)
    0x08000202   0x00000000   Code   RO         2070    .ARM.Collect$$libinit$$00000004  c_w.l(libinit2.o)
    0x08000202   0x00000000   Code   RO         2073    .ARM.Collect$$libinit$$0000000A  c_w.l(libinit2.o)
    0x08000202   0x00000000   Code   RO         2075    .ARM.Collect$$libinit$$0000000C  c_w.l(libinit2.o)
    0x08000202   0x00000000   Code   RO         2077    .ARM.Collect$$libinit$$0000000E  c_w.l(libinit2.o)
    0x08000202   0x00000000   Code   RO         2080    .ARM.Collect$$libinit$$00000011  c_w.l(libinit2.o)
    0x08000202   0x00000000   Code   RO         2082    .ARM.Collect$$libinit$$00000013  c_w.l(libinit2.o)
    0x08000202   0x00000000   Code   RO         2084    .ARM.Collect$$libinit$$00000015  c_w.l(libinit2.o)
    0x08000202   0x00000000   Code   RO         2086    .ARM.Collect$$libinit$$00000017  c_w.l(libinit2.o)
    0x08000202   0x00000000   Code   RO         2088    .ARM.Collect$$libinit$$00000019  c_w.l(libinit2.o)
    0x08000202   0x00000000   Code   RO         2090    .ARM.Collect$$libinit$$0000001B  c_w.l(libinit2.o)
    0x08000202   0x00000000   Code   RO         2092    .ARM.Collect$$libinit$$0000001D  c_w.l(libinit2.o)
    0x08000202   0x00000000   Code   RO         2094    .ARM.Collect$$libinit$$0000001F  c_w.l(libinit2.o)
    0x08000202   0x00000000   Code   RO         2096    .ARM.Collect$$libinit$$00000021  c_w.l(libinit2.o)
    0x08000202   0x00000000   Code   RO         2098    .ARM.Collect$$libinit$$00000023  c_w.l(libinit2.o)
    0x08000202   0x00000000   Code   RO         2100    .ARM.Collect$$libinit$$00000025  c_w.l(libinit2.o)
    0x08000202   0x00000000   Code   RO         2104    .ARM.Collect$$libinit$$0000002C  c_w.l(libinit2.o)
    0x08000202   0x00000000   Code   RO         2106    .ARM.Collect$$libinit$$0000002E  c_w.l(libinit2.o)
    0x08000202   0x00000000   Code   RO         2108    .ARM.Collect$$libinit$$00000030  c_w.l(libinit2.o)
    0x08000202   0x00000000   Code   RO         2110    .ARM.Collect$$libinit$$00000032  c_w.l(libinit2.o)
    0x08000202   0x00000002   Code   RO         2111    .ARM.Collect$$libinit$$00000033  c_w.l(libinit2.o)
    0x08000204   0x00000002   Code   RO         2131    .ARM.Collect$$libshutdown$$00000000  c_w.l(libshutdown.o)
    0x08000206   0x00000000   Code   RO         2144    .ARM.Collect$$libshutdown$$00000002  c_w.l(libshutdown2.o)
    0x08000206   0x00000000   Code   RO         2146    .ARM.Collect$$libshutdown$$00000004  c_w.l(libshutdown2.o)
    0x08000206   0x00000000   Code   RO         2149    .ARM.Collect$$libshutdown$$00000007  c_w.l(libshutdown2.o)
    0x08000206   0x00000000   Code   RO         2152    .ARM.Collect$$libshutdown$$0000000A  c_w.l(libshutdown2.o)
    0x08000206   0x00000000   Code   RO         2154    .ARM.Collect$$libshutdown$$0000000C  c_w.l(libshutdown2.o)
    0x08000206   0x00000000   Code   RO         2157    .ARM.Collect$$libshutdown$$0000000F  c_w.l(libshutdown2.o)
    0x08000206   0x00000002   Code   RO         2158    .ARM.Collect$$libshutdown$$00000010  c_w.l(libshutdown2.o)
    0x08000208   0x00000000   Code   RO         2017    .ARM.Collect$$rtentry$$00000000  c_w.l(__rtentry.o)
    0x08000208   0x00000000   Code   RO         2034    .ARM.Collect$$rtentry$$00000002  c_w.l(__rtentry2.o)
    0x08000208   0x00000006   Code   RO         2046    .ARM.Collect$$rtentry$$00000004  c_w.l(__rtentry4.o)
    0x0800020e   0x00000000   Code   RO         2036    .ARM.Collect$$rtentry$$00000009  c_w.l(__rtentry2.o)
    0x0800020e   0x00000004   Code   RO         2037    .ARM.Collect$$rtentry$$0000000A  c_w.l(__rtentry2.o)
    0x08000212   0x00000000   Code   RO         2039    .ARM.Collect$$rtentry$$0000000C  c_w.l(__rtentry2.o)
    0x08000212   0x00000008   Code   RO         2040    .ARM.Collect$$rtentry$$0000000D  c_w.l(__rtentry2.o)
    0x0800021a   0x00000002   Code   RO         2065    .ARM.Collect$$rtexit$$00000000  c_w.l(rtexit.o)
    0x0800021c   0x00000000   Code   RO         2113    .ARM.Collect$$rtexit$$00000002  c_w.l(rtexit2.o)
    0x0800021c   0x00000004   Code   RO         2114    .ARM.Collect$$rtexit$$00000003  c_w.l(rtexit2.o)
    0x08000220   0x00000006   Code   RO         2115    .ARM.Collect$$rtexit$$00000004  c_w.l(rtexit2.o)
    0x08000226   0x00000002   PAD
    0x08000228   0x00000040   Code   RO            4  * .text               startup_stm32f40_41xxx.o
    0x08000268   0x0000004e   Code   RO         1999    .text               c_w.l(rt_memclr_w.o)
    0x080002b6   0x00000006   Code   RO         2001    .text               c_w.l(heapauxi.o)
    0x080002bc   0x0000004a   Code   RO         2050    .text               c_w.l(sys_stackheap_outer.o)
    0x08000306   0x00000012   Code   RO         2052    .text               c_w.l(exit.o)
    0x08000318   0x00000008   Code   RO         2062    .text               c_w.l(libspace.o)
    0x08000320   0x0000000c   Code   RO         2123    .text               c_w.l(sys_exit.o)
    0x0800032c   0x00000002   Code   RO         2134    .text               c_w.l(use_no_semi.o)
    0x0800032e   0x00000000   Code   RO         2136    .text               c_w.l(indicate_semi.o)
    0x0800032e   0x00000004   Code   RO         1162    i.BusFault_Handler  stm32f4xx_it.o
    0x08000332   0x0000000c   Code   RO         1740    i.DS18B20_AllDone   ds18b20.o
    0x0800033e   0x0000009c   Code   RO         1741    i.DS18B20_DisableAlarmTemperature  ds18b20.o
    0x080003da   0x00000010   Code   RO         1743    i.DS18B20_Is        ds18b20.o
    0x080003ea   0x00000002   PAD
    0x080003ec   0x00000184   Code   RO         1744    i.DS18B20_Read      ds18b20.o
    0x08000570   0x000000d0   Code   RO         1747    i.DS18B20_SetResolution  ds18b20.o
    0x08000640   0x0000001c   Code   RO         1749    i.DS18B20_StartAll  ds18b20.o
    0x0800065c   0x00000002   Code   RO         1163    i.DebugMon_Handler  stm32f4xx_it.o
    0x0800065e   0x00000002   PAD
    0x08000660   0x00000074   Code   RO         1434    i.EXTI9_5_IRQHandler  eint.o
    0x080006d4   0x0000000c   Code   RO          650    i.EXTI_ClearITPendingBit  stm32f4xx_exti.o
    0x080006e0   0x00000018   Code   RO          653    i.EXTI_GetFlagStatus  stm32f4xx_exti.o
    0x080006f8   0x00000034   Code   RO          960    i.FSMC_NORSRAMCmd   stm32f4xx_fsmc.o
    0x0800072c   0x000000e6   Code   RO          962    i.FSMC_NORSRAMInit  stm32f4xx_fsmc.o
    0x08000812   0x00000090   Code   RO          452    i.GPIO_Init         stm32f4xx_gpio.o
    0x080008a2   0x00000046   Code   RO          453    i.GPIO_PinAFConfig  stm32f4xx_gpio.o
    0x080008e8   0x00000012   Code   RO          456    i.GPIO_ReadInputDataBit  stm32f4xx_gpio.o
    0x080008fa   0x00000004   Code   RO          459    i.GPIO_ResetBits    stm32f4xx_gpio.o
    0x080008fe   0x00000004   Code   RO          460    i.GPIO_SetBits      stm32f4xx_gpio.o
    0x08000902   0x00000004   Code   RO         1164    i.HardFault_Handler  stm32f4xx_it.o
    0x08000906   0x00000002   PAD
    0x08000908   0x000000b8   Code   RO         1540    i.LCD_AUTOScan_Dir  lcd.o
    0x080009c0   0x0000003c   Code   RO         1542    i.LCD_Clear         lcd.o
    0x080009fc   0x0000004c   Code   RO         1543    i.LCD_Color_DrawPoint  lcd.o
    0x08000a48   0x00000104   Code   RO         1544    i.LCD_DisplayChar   lcd.o
    0x08000b4c   0x000000ac   Code   RO         1545    i.LCD_DisplayChinese  lcd.o
    0x08000bf8   0x000000ac   Code   RO         1546    i.LCD_DisplayNum    lcd.o
    0x08000ca4   0x0000004c   Code   RO         1552    i.LCD_Display_Dir   lcd.o
    0x08000cf0   0x0000021c   Code   RO         1558    i.LCD_FSMC_Config   lcd.o
    0x08000f0c   0x0000023c   Code   RO         1561    i.LCD_Init          lcd.o
    0x08001148   0x00000016   Code   RO         1562    i.LCD_Pow           lcd.o
    0x0800115e   0x00000002   PAD
    0x08001160   0x00000038   Code   RO         1564    i.LCD_SetCursor     lcd.o
    0x08001198   0x00000010   Code   RO         1566    i.LCD_WriteRAM_Prepare  lcd.o
    0x080011a8   0x00000010   Code   RO         1567    i.LCD_WriteReg      lcd.o
    0x080011b8   0x00000004   Code   RO         1165    i.MemManage_Handler  stm32f4xx_it.o
    0x080011bc   0x00000002   Code   RO         1166    i.NMI_Handler       stm32f4xx_it.o
    0x080011be   0x00000002   PAD
    0x080011c0   0x00000078   Code   RO          549    i.NVIC_Init         misc.o
    0x08001238   0x00000014   Code   RO          550    i.NVIC_PriorityGroupConfig  misc.o
    0x0800124c   0x0000000c   Code   RO         1847    i.ONEWIRE_DELAY     onewire.o
    0x08001258   0x00000008   Code   RO         1848    i.ONEWIRE_HIGH      onewire.o
    0x08001260   0x00000022   Code   RO         1849    i.ONEWIRE_INPUT     onewire.o
    0x08001282   0x00000008   Code   RO         1850    i.ONEWIRE_LOW       onewire.o
    0x0800128a   0x00000028   Code   RO         1851    i.ONEWIRE_OUTPUT    onewire.o
    0x080012b2   0x00000038   Code   RO         1852    i.OneWire_CRC8      onewire.o
    0x080012ea   0x00000014   Code   RO         1854    i.OneWire_First     onewire.o
    0x080012fe   0x00000018   Code   RO         1855    i.OneWire_GetFullROM  onewire.o
    0x08001316   0x00000038   Code   RO         1857    i.OneWire_Init      onewire.o
    0x0800134e   0x0000000e   Code   RO         1858    i.OneWire_Next      onewire.o
    0x0800135c   0x0000003a   Code   RO         1859    i.OneWire_ReadBit   onewire.o
    0x08001396   0x00000026   Code   RO         1860    i.OneWire_ReadByte  onewire.o
    0x080013bc   0x00000040   Code   RO         1861    i.OneWire_Reset     onewire.o
    0x080013fc   0x0000000a   Code   RO         1862    i.OneWire_ResetSearch  onewire.o
    0x08001406   0x00000108   Code   RO         1863    i.OneWire_Search    onewire.o
    0x0800150e   0x00000024   Code   RO         1865    i.OneWire_SelectWithPointer  onewire.o
    0x08001532   0x00000054   Code   RO         1868    i.OneWire_WriteBit  onewire.o
    0x08001586   0x00000022   Code   RO         1869    i.OneWire_WriteByte  onewire.o
    0x080015a8   0x00000002   Code   RO         1167    i.PendSV_Handler    stm32f4xx_it.o
    0x080015aa   0x00000002   PAD
    0x080015ac   0x00000020   Code   RO           12    i.RCC_AHB1PeriphClockCmd  stm32f4xx_rcc.o
    0x080015cc   0x00000020   Code   RO           18    i.RCC_AHB3PeriphClockCmd  stm32f4xx_rcc.o
    0x080015ec   0x00000020   Code   RO           21    i.RCC_APB1PeriphClockCmd  stm32f4xx_rcc.o
    0x0800160c   0x000000e8   Code   RO           33    i.RCC_GetClocksFreq  stm32f4xx_rcc.o
    0x080016f4   0x00000002   Code   RO         1168    i.SVC_Handler       stm32f4xx_it.o
    0x080016f6   0x00000002   PAD
    0x080016f8   0x000000ec   Code   RO         1233    i.SetSysClock       system_stm32f4xx.o
    0x080017e4   0x00000028   Code   RO          553    i.SysTick_CLKSourceConfig  misc.o
    0x0800180c   0x00000002   Code   RO         1169    i.SysTick_Handler   stm32f4xx_it.o
    0x0800180e   0x00000002   PAD
    0x08001810   0x00000068   Code   RO         1235    i.SystemInit        system_stm32f4xx.o
    0x08001878   0x000001a0   Code   RO         1752    i.Task_Ds18b20      ds18b20.o
    0x08001a18   0x00000034   Code   RO         1494    i.USART3_IRQHandler  uart.o
    0x08001a4c   0x0000001e   Code   RO          762    i.USART_ClearITPendingBit  stm32f4xx_usart.o
    0x08001a6a   0x00000018   Code   RO          765    i.USART_Cmd         stm32f4xx_usart.o
    0x08001a82   0x00000054   Code   RO          769    i.USART_GetITStatus  stm32f4xx_usart.o
    0x08001ad6   0x0000004a   Code   RO          771    i.USART_ITConfig    stm32f4xx_usart.o
    0x08001b20   0x000000d4   Code   RO          772    i.USART_Init        stm32f4xx_usart.o
    0x08001bf4   0x0000000a   Code   RO          779    i.USART_ReceiveData  stm32f4xx_usart.o
    0x08001bfe   0x00000004   Code   RO         1170    i.UsageFault_Handler  stm32f4xx_it.o
    0x08001c02   0x00000006   PAD
    0x08001c08   0x00000118   Code   RO         2011    i.__hardfp_floor    m_wm.l(floor.o)
    0x08001d20   0x00000044   Code   RO         1363    i.buzzer_init       buzzer.o
    0x08001d64   0x00000010   Code   RO         1364    i.buzzer_off        buzzer.o
    0x08001d74   0x00000010   Code   RO         1365    i.buzzer_on         buzzer.o
    0x08001d84   0x00000034   Code   RO         1395    i.delay_init        delay.o
    0x08001db8   0x00000038   Code   RO         1396    i.delay_ms          delay.o
    0x08001df0   0x0000004c   Code   RO         1397    i.delay_us          delay.o
    0x08001e3c   0x0000004c   Code   RO         1398    i.delay_xms         delay.o
    0x08001e88   0x000000cc   Code   RO         1270    i.led_init          led.o
    0x08001f54   0x00000044   Code   RO         1272    i.led_on            led.o
    0x08001f98   0x000000c4   Code   RO         1080    i.main              main.o
    0x0800205c   0x00000068   Code   RO         1302    i.relay_init        relay.o
    0x080020c4   0x0000000c   Code   RO         1495    i.setRecvHandler    uart.o
    0x080020d0   0x000000c0   Code   RO         1496    i.uart_init         uart.o
    0x08002190   0x0000003e   Code   RO         1081    i.usartRecvHandler  main.o
    0x080021ce   0x00000002   PAD
    0x080021d0   0x00000150   Code   RO         2018    x$fpl$dadd          fz_wm.l(daddsub_clz.o)
    0x08002320   0x00000018   Code   RO         2060    x$fpl$dcmpinf       fz_wm.l(dcmpi.o)
    0x08002338   0x0000005e   Code   RO         2005    x$fpl$dfix          fz_wm.l(dfix.o)
    0x08002396   0x00000002   PAD
    0x08002398   0x00000078   Code   RO         2048    x$fpl$dleqf         fz_wm.l(dleqf.o)
    0x08002410   0x0000009c   Code   RO         2024    x$fpl$dnaninf       fz_wm.l(dnaninf.o)
    0x080024ac   0x0000000c   Code   RO         2026    x$fpl$dretinf       fz_wm.l(dretinf.o)
    0x080024b8   0x0000006c   Code   RO         2028    x$fpl$drleqf        fz_wm.l(drleqf.o)
    0x08002524   0x00000016   Code   RO         2019    x$fpl$drsb          fz_wm.l(daddsub_clz.o)
    0x0800253a   0x00000002   PAD
    0x0800253c   0x000001d4   Code   RO         2020    x$fpl$dsub          fz_wm.l(daddsub_clz.o)
    0x08002710   0x00000056   Code   RO         2009    x$fpl$f2d           fz_wm.l(f2d.o)
    0x08002766   0x0000008c   Code   RO         2030    x$fpl$fnaninf       fz_wm.l(fnaninf.o)
    0x080027f2   0x0000000a   Code   RO         2121    x$fpl$fpinit        fz_wm.l(fpinit.o)
    0x080027fc   0x00000000   Code   RO         2032    x$fpl$usenofp       fz_wm.l(usenofp.o)
    0x080027fc   0x00001940   Data   RO         1569    .constdata          lcd.o
    0x0800413c   0x00000020   Data   RO         2189    Region$$Table       anon$$obj.o


    Execution Region ER_RW (Base: 0x20000000, Size: 0x00000048, Max: 0xffffffff, ABSOLUTE)

    Base Addr    Size         Type   Attr      Idx    E Section Name        Object

    0x20000000   0x00000010   Data   RW           65    .data               stm32f4xx_rcc.o
    0x20000010   0x00000004   Data   RW         1399    .data               delay.o
    0x20000014   0x00000010   Data   RW         1437    .data               eint.o
    0x20000024   0x00000004   Data   RW         1499    .data               uart.o
    0x20000028   0x00000012   Data   RW         1570    .data               lcd.o
    0x2000003a   0x00000002   PAD
    0x2000003c   0x0000000c   Data   RW         1754    .data               ds18b20.o


    Execution Region ER_ZI (Base: 0x20000048, Size: 0x000006e8, Max: 0xffffffff, ABSOLUTE)

    Base Addr    Size         Type   Attr      Idx    E Section Name        Object

    0x20000048   0x00000084   Zero   RW         1753    .bss                ds18b20.o
    0x200000cc   0x00000060   Zero   RW         2063    .bss                c_w.l(libspace.o)
    0x2000012c   0x00000004   PAD
    0x20000130   0x00000200   Zero   RW            2    HEAP                startup_stm32f40_41xxx.o
    0x20000330   0x00000400   Zero   RW            1    STACK               startup_stm32f40_41xxx.o


==============================================================================

Image component sizes


      Code (inc. data)   RO Data    RW Data    ZI Data      Debug   Object Name

       100         14          0          0          0       1435   buzzer.o
       260         18          0          4          0       2307   delay.o
      1224         44          0         12        132       7408   ds18b20.o
       116         16          0         16          0        765   eint.o
      2222        164       6464         18          0      10054   lcd.o
       272         16          0          0          0        996   led.o
       258          8          0          0          0       5794   main.o
       180         24          0          0          0       2017   misc.o
       860          0          0          0          0      11483   onewire.o
       104         22          0          0          0        529   relay.o
        64         26        392          0       1536        864   startup_stm32f40_41xxx.o
        36         10          0          0          0       1110   stm32f4xx_exti.o
       282          6          0          0          0       1777   stm32f4xx_fsmc.o
       240          0          0          0          0       3439   stm32f4xx_gpio.o
        26          0          0          0          0       4094   stm32f4xx_it.o
       328         36          0         16          0     274247   stm32f4xx_rcc.o
       434          8          0          0          0       4828   stm32f4xx_usart.o
       340         32          0          0          0       1497   system_stm32f4xx.o
       256         22          0          4          0       1785   uart.o

    ----------------------------------------------------------------------
      7626        466       6888         72       1668     336429   Object Totals
         0          0         32          0          0          0   (incl. Generated)
        24          0          0          2          0          0   (incl. Padding)

    ----------------------------------------------------------------------

      Code (inc. data)   RO Data    RW Data    ZI Data      Debug   Library Member Name

         8          0          0          0          0         68   __main.o
         0          0          0          0          0          0   __rtentry.o
        12          0          0          0          0          0   __rtentry2.o
         6          0          0          0          0          0   __rtentry4.o
        52          8          0          0          0          0   __scatter.o
        26          0          0          0          0          0   __scatter_copy.o
        28          0          0          0          0          0   __scatter_zi.o
        18          0          0          0          0         80   exit.o
         6          0          0          0          0        152   heapauxi.o
         0          0          0          0          0          0   indicate_semi.o
         2          0          0          0          0          0   libinit.o
         6          0          0          0          0          0   libinit2.o
         2          0          0          0          0          0   libshutdown.o
         2          0          0          0          0          0   libshutdown2.o
         8          4          0          0         96         68   libspace.o
        78          0          0          0          0         80   rt_memclr_w.o
         2          0          0          0          0          0   rtexit.o
        10          0          0          0          0          0   rtexit2.o
        12          4          0          0          0         68   sys_exit.o
        74          0          0          0          0         80   sys_stackheap_outer.o
         2          0          0          0          0         68   use_no_semi.o
       826         16          0          0          0        492   daddsub_clz.o
        24          0          0          0          0        116   dcmpi.o
        94          4          0          0          0        140   dfix.o
       120          4          0          0          0        140   dleqf.o
       156          4          0          0          0        140   dnaninf.o
        12          0          0          0          0        116   dretinf.o
       108          0          0          0          0        128   drleqf.o
        86          4          0          0          0        132   f2d.o
       140          4          0          0          0        132   fnaninf.o
        10          0          0          0          0        116   fpinit.o
         0          0          0          0          0          0   usenofp.o
       280         28          0          0          0        156   floor.o

    ----------------------------------------------------------------------
      2218         80          0          0        100       2472   Library Totals
         8          0          0          0          4          0   (incl. Padding)

    ----------------------------------------------------------------------

      Code (inc. data)   RO Data    RW Data    ZI Data      Debug   Library Name

       354         16          0          0         96        664   c_w.l
      1576         36          0          0          0       1652   fz_wm.l
       280         28          0          0          0        156   m_wm.l

    ----------------------------------------------------------------------
      2218         80          0          0        100       2472   Library Totals

    ----------------------------------------------------------------------

==============================================================================


      Code (inc. data)   RO Data    RW Data    ZI Data      Debug   

      9844        546       6888         72       1768     329293   Grand Totals
      9844        546       6888         72       1768     329293   ELF Image Totals
      9844        546       6888         72          0          0   ROM Totals

==============================================================================

    Total RO  Size (Code + RO Data)                16732 (  16.34kB)
    Total RW  Size (RW Data + ZI Data)              1840 (   1.80kB)
    Total ROM Size (Code + RO Data + RW Data)      16804 (  16.41kB)

==============================================================================

