Component: ARM Compiler 5.06 update 2 (build 183) Tool: armlink [4d35b7]

==============================================================================

Section Cross References

    startup_stm32f40_41xxx.o(STACK) refers (Special) to heapauxi.o(.text) for __use_two_region_memory
    startup_stm32f40_41xxx.o(HEAP) refers (Special) to heapauxi.o(.text) for __use_two_region_memory
    startup_stm32f40_41xxx.o(RESET) refers (Special) to heapauxi.o(.text) for __use_two_region_memory
    startup_stm32f40_41xxx.o(RESET) refers to startup_stm32f40_41xxx.o(STACK) for __initial_sp
    startup_stm32f40_41xxx.o(RESET) refers to startup_stm32f40_41xxx.o(.text) for Reset_Handler
    startup_stm32f40_41xxx.o(RESET) refers to stm32f4xx_it.o(i.NMI_Handler) for NMI_Handler
    startup_stm32f40_41xxx.o(RESET) refers to stm32f4xx_it.o(i.HardFault_Handler) for HardFault_Handler
    startup_stm32f40_41xxx.o(RESET) refers to stm32f4xx_it.o(i.MemManage_Handler) for MemManage_Handler
    startup_stm32f40_41xxx.o(RESET) refers to stm32f4xx_it.o(i.BusFault_Handler) for BusFault_Handler
    startup_stm32f40_41xxx.o(RESET) refers to stm32f4xx_it.o(i.UsageFault_Handler) for UsageFault_Handler
    startup_stm32f40_41xxx.o(RESET) refers to stm32f4xx_it.o(i.SVC_Handler) for SVC_Handler
    startup_stm32f40_41xxx.o(RESET) refers to stm32f4xx_it.o(i.DebugMon_Handler) for DebugMon_Handler
    startup_stm32f40_41xxx.o(RESET) refers to stm32f4xx_it.o(i.PendSV_Handler) for PendSV_Handler
    startup_stm32f40_41xxx.o(RESET) refers to stm32f4xx_it.o(i.SysTick_Handler) for SysTick_Handler
    startup_stm32f40_41xxx.o(RESET) refers to eint.o(i.EXTI9_5_IRQHandler) for EXTI9_5_IRQHandler
    startup_stm32f40_41xxx.o(RESET) refers to uart.o(i.USART3_IRQHandler) for USART3_IRQHandler
    startup_stm32f40_41xxx.o(.text) refers (Special) to heapauxi.o(.text) for __use_two_region_memory
    startup_stm32f40_41xxx.o(.text) refers to system_stm32f4xx.o(i.SystemInit) for SystemInit
    startup_stm32f40_41xxx.o(.text) refers to __main.o(!!!main) for __main
    startup_stm32f40_41xxx.o(.text) refers to startup_stm32f40_41xxx.o(HEAP) for Heap_Mem
    startup_stm32f40_41xxx.o(.text) refers to startup_stm32f40_41xxx.o(STACK) for Stack_Mem
    stm32f4xx_rcc.o(i.RCC_GetClocksFreq) refers to stm32f4xx_rcc.o(.data) for APBAHBPrescTable
    stm32f4xx_rcc.o(i.RCC_WaitForHSEStartUp) refers to stm32f4xx_rcc.o(i.RCC_GetFlagStatus) for RCC_GetFlagStatus
    stm32f4xx_gpio.o(i.GPIO_DeInit) refers to stm32f4xx_rcc.o(i.RCC_AHB1PeriphResetCmd) for RCC_AHB1PeriphResetCmd
    stm32f4xx_syscfg.o(i.SYSCFG_DeInit) refers to stm32f4xx_rcc.o(i.RCC_APB2PeriphResetCmd) for RCC_APB2PeriphResetCmd
    stm32f4xx_usart.o(i.USART_DeInit) refers to stm32f4xx_rcc.o(i.RCC_APB2PeriphResetCmd) for RCC_APB2PeriphResetCmd
    stm32f4xx_usart.o(i.USART_DeInit) refers to stm32f4xx_rcc.o(i.RCC_APB1PeriphResetCmd) for RCC_APB1PeriphResetCmd
    stm32f4xx_usart.o(i.USART_Init) refers to stm32f4xx_rcc.o(i.RCC_GetClocksFreq) for RCC_GetClocksFreq
    stm32f4xx_fsmc.o(i.FSMC_NORSRAMStructInit) refers to stm32f4xx_fsmc.o(.constdata) for FSMC_DefaultTimingStruct
    stm32f4xx_adc.o(i.ADC_DeInit) refers to stm32f4xx_rcc.o(i.RCC_APB2PeriphResetCmd) for RCC_APB2PeriphResetCmd
    main.o(i.main) refers to misc.o(i.NVIC_PriorityGroupConfig) for NVIC_PriorityGroupConfig
    main.o(i.main) refers to led.o(i.led_init) for led_init
    main.o(i.main) refers to relay.o(i.relay_init) for relay_init
    main.o(i.main) refers to buzzer.o(i.buzzer_init) for buzzer_init
    main.o(i.main) refers to delay.o(i.delay_init) for delay_init
    main.o(i.main) refers to uart.o(i.uart_init) for uart_init
    main.o(i.main) refers to uart.o(i.setRecvHandler) for setRecvHandler
    main.o(i.main) refers to lcd.o(i.LCD_Init) for LCD_Init
    main.o(i.main) refers to ds18b20.o(i.DS18B20_Init) for DS18B20_Init
    main.o(i.main) refers to dht.o(i.dht_init) for dht_init
    main.o(i.main) refers to pm25.o(i.pm_init) for pm_init
    main.o(i.main) refers to lcd.o(i.LCD_DisplayChinese) for LCD_DisplayChinese
    main.o(i.main) refers to uart.o(i.uart_send) for uart_send
    main.o(i.main) refers to ds18b20.o(i.get_temperature) for get_temperature
    main.o(i.main) refers to lcd.o(i.LCD_DisplayString) for LCD_DisplayString
    main.o(i.main) refers to dht.o(i.dht_get) for dht_get
    main.o(i.main) refers to lcd.o(i.LCD_DisplayNum) for LCD_DisplayNum
    main.o(i.main) refers to pm25.o(i.pm_get) for pm_get
    main.o(i.main) refers to delay.o(i.delay_ms) for delay_ms
    main.o(i.main) refers to main.o(i.usartRecvHandler) for usartRecvHandler
    main.o(i.usartRecvHandler) refers to buzzer.o(i.buzzer_on) for buzzer_on
    main.o(i.usartRecvHandler) refers to buzzer.o(i.buzzer_off) for buzzer_off
    main.o(i.usartRecvHandler) refers to led.o(i.led_on) for led_on
    main.o(i.usartRecvHandler) refers to lcd.o(i.LCD_DisplayChar) for LCD_DisplayChar
[...]
    Removing stm32f4xx_adc.o(i.ADC_SetInjectedOffset), (20 bytes).
    Removing stm32f4xx_adc.o(i.ADC_SoftwareStartInjectedConv), (10 bytes).
    Removing stm32f4xx_adc.o(i.ADC_StructInit), (20 bytes).
    Removing stm32f4xx_adc.o(i.ADC_TempSensorVrefintCmd), (44 bytes).
    Removing stm32f4xx_adc.o(i.ADC_VBATCmd), (44 bytes).
    Removing main.o(.rev16_text), (4 bytes).
    Removing main.o(.revsh_text), (4 bytes).
    Removing main.o(.data), (20 bytes).
    Removing stm32f4xx_it.o(.rev16_text), (4 bytes).
    Removing stm32f4xx_it.o(.revsh_text), (4 bytes).
    Removing system_stm32f4xx.o(.rev16_text), (4 bytes).
    Removing system_stm32f4xx.o(.revsh_text), (4 bytes).
    Removing system_stm32f4xx.o(i.SystemCoreClockUpdate), (192 bytes).
    Removing system_stm32f4xx.o(.data), (20 bytes).
    Removing led.o(.rev16_text), (4 bytes).
    Removing led.o(.revsh_text), (4 bytes).
    Removing led.o(i.led_off), (68 bytes).
    Removing relay.o(.rev16_text), (4 bytes).
    Removing relay.o(.revsh_text), (4 bytes).
    Removing relay.o(i.relay_off), (52 bytes).
    Removing relay.o(i.relay_on), (52 bytes).
    Removing button.o(.rev16_text), (4 bytes).
    Removing button.o(.revsh_text), (4 bytes).
    Removing button.o(i.button_init), (64 bytes).
    Removing button.o(i.button_state), (72 bytes).
    Removing buzzer.o(.rev16_text), (4 bytes).
    Removing buzzer.o(.revsh_text), (4 bytes).
    Removing delay.o(.rev16_text), (4 bytes).
    Removing delay.o(.revsh_text), (4 bytes).
    Removing eint.o(.rev16_text), (4 bytes).
    Removing eint.o(.revsh_text), (4 bytes).
    Removing eint.o(i.eint_init), (172 bytes).
    Removing eint.o(i.set_handler), (36 bytes).
    Removing wdt.o(.rev16_text), (4 bytes).
    Removing wdt.o(.revsh_text), (4 bytes).
    Removing wdt.o(i.feed_dog), (8 bytes).
    Removing wdt.o(i.wdt_init), (44 bytes).
    Removing uart.o(.rev16_text), (4 bytes).
    Removing uart.o(.revsh_text), (4 bytes).
    Removing uart.o(i.uart_recv), (40 bytes).
    Removing lcd.o(.rev16_text), (4 bytes).
    Removing lcd.o(.revsh_text), (4 bytes).
    Removing lcd.o(i.LCD_BGRtoRGB), (26 bytes).
    Removing lcd.o(i.LCD_DisplayNum_color), (88 bytes).
    Removing lcd.o(i.LCD_DisplayOff), (10 bytes).
    Removing lcd.o(i.LCD_DisplayOn), (10 bytes).
    Removing lcd.o(i.LCD_DisplayString_color), (76 bytes).
    Removing lcd.o(i.LCD_DrawPoint), (36 bytes).
    Removing lcd.o(i.LCD_Draw_Circle), (152 bytes).
    Removing lcd.o(i.LCD_Draw_Line), (176 bytes).
    Removing lcd.o(i.LCD_Draw_Picture), (96 bytes).
    Removing lcd.o(i.LCD_Draw_Rectangle), (60 bytes).
    Removing lcd.o(i.LCD_Fill_onecolor), (84 bytes).
    Removing lcd.o(i.LCD_GetPoint), (152 bytes).
    Removing lcd.o(i.LCD_ReadReg), (28 bytes).
    Removing lcd.o(i.LCD_Set_Window), (84 bytes).
    Removing lcd.o(i.lcdm_delay), (14 bytes).
    Removing ds18b20.o(.rev16_text), (4 bytes).
    Removing ds18b20.o(.revsh_text), (4 bytes).
    Removing ds_gpio.o(.rev16_text), (4 bytes).
    Removing ds_gpio.o(.revsh_text), (4 bytes).
    Removing dht.o(.rev16_text), (4 bytes).
    Removing dht.o(.revsh_text), (4 bytes).
    Removing adc.o(.rev16_text), (4 bytes).
    Removing adc.o(.revsh_text), (4 bytes).
    Removing pm25.o(.rev16_text), (4 bytes).
    Removing pm25.o(.revsh_text), (4 bytes).

228 unused section(s) (total 7154 bytes) removed from the image.

==============================================================================

Image Symbol Table

    Local Symbols

    Symbol Name                              Value     Ov Type        Size  Object(Section)

    ../clib/angel/boardlib.s                 0x00000000   Number         0  boardshut.o ABSOLUTE
    ../clib/angel/boardlib.s                 0x00000000   Number         0  boardinit1.o ABSOLUTE
    ../clib/angel/boardlib.s                 0x00000000   Number         0  boardinit2.o ABSOLUTE
    ../clib/angel/boardlib.s                 0x00000000   Number         0  boardinit3.o ABSOLUTE
    ../clib/angel/handlers.s                 0x00000000   Number         0  __scatter_copy.o ABSOLUTE
    ../clib/angel/handlers.s                 0x00000000   Number         0  __scatter_zi.o ABSOLUTE
    ../clib/angel/kernel.s                   0x00000000   Number         0  __rtentry4.o ABSOLUTE
    ../clib/angel/kernel.s                   0x00000000   Number         0  rtexit.o ABSOLUTE
    ../clib/angel/kernel.s                   0x00000000   Number         0  __rtentry.o ABSOLUTE
    ../clib/angel/kernel.s                   0x00000000   Number         0  __rtentry2.o ABSOLUTE
    ../clib/angel/kernel.s                   0x00000000   Number         0  rtexit2.o ABSOLUTE
    ../clib/angel/rt.s                       0x00000000   Number         0  rt_raise.o ABSOLUTE
    ../clib/angel/scatter.s                  0x00000000   Number         0  __scatter.o ABSOLUTE
    ../clib/angel/startup.s                  0x00000000   Number         0  __main.o ABSOLUTE
    ../clib/angel/sys.s                      0x00000000   Number         0  libspace.o ABSOLUTE
    ../clib/angel/sys.s                      0x00000000   Number         0  sys_stackheap_outer.o ABSOLUTE
    ../clib/angel/sys.s                      0x00000000   Number         0  use_no_semi.o ABSOLUTE
    ../clib/angel/sys.s                      0x00000000   Number         0  indicate_semi.o ABSOLUTE
    ../clib/angel/sysapp.c                   0x00000000   Number         0  sys_exit.o ABSOLUTE
    ../clib/angel/sysapp.c                   0x00000000   Number         0  sys_command.o ABSOLUTE
    ../clib/angel/sysapp.c                   0x00000000   Number         0  sys_wrch.o ABSOLUTE
    ../clib/armsys.c                         0x00000000   Number         0  _get_argv_nomalloc.o ABSOLUTE
    ../clib/armsys.c                         0x00000000   Number         0  no_argv.o ABSOLUTE
    ../clib/armsys.c                         0x00000000   Number         0  argv_veneer.o ABSOLUTE
    ../clib/armsys.c                         0x00000000   Number         0  argv_veneer.o ABSOLUTE
    ../clib/heapalloc.c                      0x00000000   Number         0  hrguard.o ABSOLUTE
    ../clib/heapaux.c                        0x00000000   Number         0  heapauxi.o ABSOLUTE
    ../clib/libinit.s                        0x00000000   Number         0  libshutdown2.o ABSOLUTE
    ../clib/libinit.s                        0x00000000   Number         0  libinit2.o ABSOLUTE
    ../clib/libinit.s                        0x00000000   Number         0  libinit.o ABSOLUTE
    ../clib/libinit.s                        0x00000000   Number         0  libshutdown.o ABSOLUTE
    ../clib/memcpset.s                       0x00000000   Number         0  rt_memclr_w.o ABSOLUTE
    ../clib/signal.c                         0x00000000   Number         0  __raise.o ABSOLUTE
    ../clib/signal.c                         0x00000000   Number         0  defsig_rtmem_formal.o ABSOLUTE
    ../clib/signal.c                         0x00000000   Number         0  defsig_rtmem_outer.o ABSOLUTE
    ../clib/signal.c                         0x00000000   Number         0  defsig_exit.o ABSOLUTE
    ../clib/signal.c                         0x00000000   Number         0  defsig_abrt_inner.o ABSOLUTE
    ../clib/signal.c                         0x00000000   Number         0  defsig_fpe_inner.o ABSOLUTE
    ../clib/signal.c                         0x00000000   Number         0  defsig_rtmem_inner.o ABSOLUTE
    ../clib/signal.c                         0x00000000   Number         0  defsig_general.o ABSOLUTE
    ../clib/signal.c                         0x00000000   Number         0  defsig_rtred_inner.o ABSOLUTE
    ../clib/signal.c                         0x00000000   Number         0  defsig_cppl_inner.o ABSOLUTE
    ../clib/signal.c                         0x00000000   Number         0  defsig_stak_inner.o ABSOLUTE
    ../clib/signal.c                         0x00000000   Number         0  defsig_pvfn_inner.o ABSOLUTE
    ../clib/signal.c                         0x00000000   Number         0  defsig_segv_inner.o ABSOLUTE
    ../clib/signal.c                         0x00000000   Number         0  defsig_other.o ABSOLUTE
    ../clib/signal.s                         0x00000000   Number         0  defsig.o ABSOLUTE
    ../clib/stdlib.c                         0x00000000   Number         0  exit.o ABSOLUTE
    ../fplib/daddsub.s                       0x00000000   Number         0  daddsub_clz.o ABSOLUTE
    ../fplib/dcmpi.s                         0x00000000   Number         0  dcmpi.o ABSOLUTE
    ../fplib/ddiv.s                          0x00000000   Number         0  ddiv.o ABSOLUTE
    ../fplib/dfix.s                          0x00000000   Number         0  dfix.o ABSOLUTE
    ../fplib/dflt.s                          0x00000000   Number         0  dflt_clz.o ABSOLUTE
    ../fplib/dleqf.s                         0x00000000   Number         0  dleqf.o ABSOLUTE
    ../fplib/dmul.s                          0x00000000   Number         0  dmul.o ABSOLUTE
    ../fplib/dnaninf.s                       0x00000000   Number         0  dnaninf.o ABSOLUTE
    ../fplib/dretinf.s                       0x00000000   Number         0  dretinf.o ABSOLUTE
    ../fplib/drleqf.s                        0x00000000   Number         0  drleqf.o ABSOLUTE
    ../fplib/fpinit.s                        0x00000000   Number         0  fpinit.o ABSOLUTE
    ../fplib/usenofp.s                       0x00000000   Number         0  usenofp.o ABSOLUTE
    ../mathlib/floor.c                       0x00000000   Number         0  floor.o ABSOLUTE
    ..\\fwlib\\src\\misc.c                   0x00000000   Number         0  misc.o ABSOLUTE
    ..\\fwlib\\src\\stm32f4xx_adc.c          0x00000000   Number         0  stm32f4xx_adc.o ABSOLUTE
    ..\\fwlib\\src\\stm32f4xx_exti.c         0x00000000   Number         0  stm32f4xx_exti.o ABSOLUTE
    ..\\fwlib\\src\\stm32f4xx_fsmc.c         0x00000000   Number         0  stm32f4xx_fsmc.o ABSOLUTE
    ..\\fwlib\\src\\stm32f4xx_gpio.c         0x00000000   Number         0  stm32f4xx_gpio.o ABSOLUTE
    ..\\fwlib\\src\\stm32f4xx_iwdg.c         0x00000000   Number         0  stm32f4xx_iwdg.o ABSOLUTE
    ..\\fwlib\\src\\stm32f4xx_rcc.c          0x00000000   Number         0  stm32f4xx_rcc.o ABSOLUTE
    ..\\fwlib\\src\\stm32f4xx_syscfg.c       0x00000000   Number         0  stm32f4xx_syscfg.o ABSOLUTE
    ..\\fwlib\\src\\stm32f4xx_usart.c        0x00000000   Number         0  stm32f4xx_usart.o ABSOLUTE
    ..\\mylib\\adc.c                         0x00000000   Number         0  adc.o ABSOLUTE
    ..\\mylib\\button.c                      0x00000000   Number         0  button.o ABSOLUTE
    ..\\mylib\\buzzer.c                      0x00000000   Number         0  buzzer.o ABSOLUTE
    ..\\mylib\\delay.c                       0x00000000   Number         0  delay.o ABSOLUTE
    ..\\mylib\\dht.c                         0x00000000   Number         0  dht.o ABSOLUTE
    ..\\mylib\\ds18b20.c                     0x00000000   Number         0  ds18b20.o ABSOLUTE
    ..\\mylib\\ds_gpio.c                     0x00000000   Number         0  ds_gpio.o ABSOLUTE
    ..\\mylib\\eint.c                        0x00000000   Number         0  eint.o ABSOLUTE
    ..\\mylib\\lcd.c                         0x00000000   Number         0  lcd.o ABSOLUTE
    ..\\mylib\\led.c                         0x00000000   Number         0  led.o ABSOLUTE
    ..\\mylib\\pm25.c                        0x00000000   Number         0  pm25.o ABSOLUTE
    ..\\mylib\\relay.c                       0x00000000   Number         0  relay.o ABSOLUTE
    ..\\mylib\\uart.c                        0x00000000   Number         0  uart.o ABSOLUTE
    ..\\mylib\\wdt.c                         0x00000000   Number         0  wdt.o ABSOLUTE
    ..\\user\\main.c                         0x00000000   Number         0  main.o ABSOLUTE
    ..\\user\\stm32f4xx_it.c                 0x00000000   Number         0  stm32f4xx_it.o ABSOLUTE
    ..\\user\\system_stm32f4xx.c             0x00000000   Number         0  system_stm32f4xx.o ABSOLUTE
    ..\cmsis\startup_stm32f40_41xxx.s        0x00000000   Number         0  startup_stm32f40_41xxx.o ABSOLUTE
    ..\fwlib\src\misc.c                      0x00000000   Number         0  misc.o ABSOLUTE
    ..\fwlib\src\stm32f4xx_adc.c             0x00000000   Number         0  stm32f4xx_adc.o ABSOLUTE
    ..\fwlib\src\stm32f4xx_exti.c            0x00000000   Number         0  stm32f4xx_exti.o ABSOLUTE
    ..\fwlib\src\stm32f4xx_fsmc.c            0x00000000   Number         0  stm32f4xx_fsmc.o ABSOLUTE
    ..\fwlib\src\stm32f4xx_gpio.c            0x00000000   Number         0  stm32f4xx_gpio.o ABSOLUTE
    ..\fwlib\src\stm32f4xx_iwdg.c            0x00000000   Number         0  stm32f4xx_iwdg.o ABSOLUTE
    ..\fwlib\src\stm32f4xx_rcc.c             0x00000000   Number         0  stm32f4xx_rcc.o ABSOLUTE
    ..\fwlib\src\stm32f4xx_syscfg.c          0x00000000   Number         0  stm32f4xx_syscfg.o ABSOLUTE
    ..\fwlib\src\stm32f4xx_usart.c           0x00000000   Number         0  stm32f4xx_usart.o ABSOLUTE
    ..\mylib\adc.c                           0x00000000   Number         0  adc.o ABSOLUTE
    ..\mylib\button.c                        0x00000000   Number         0  button.o ABSOLUTE
    ..\mylib\buzzer.c                        0x00000000   Number         0  buzzer.o ABSOLUTE
    ..\mylib\delay.c                         0x00000000   Number         0  delay.o ABSOLUTE
    ..\mylib\dht.c                           0x00000000   Number         0  dht.o ABSOLUTE
    ..\mylib\ds18b20.c                       0x00000000   Number         0  ds18b20.o ABSOLUTE
    ..\mylib\ds_gpio.c                       0x00000000   Number         0  ds_gpio.o ABSOLUTE
    ..\mylib\eint.c                          0x00000000   Number         0  eint.o ABSOLUTE
    ..\mylib\lcd.c                           0x00000000   Number         0  lcd.o ABSOLUTE
    ..\mylib\led.c                           0x00000000   Number         0  led.o ABSOLUTE
    ..\mylib\pm25.c                          0x00000000   Number         0  pm25.o ABSOLUTE
    ..\mylib\relay.c                         0x00000000   Number         0  relay.o ABSOLUTE
    ..\mylib\uart.c                          0x00000000   Number         0  uart.o ABSOLUTE
    ..\mylib\wdt.c                           0x00000000   Number         0  wdt.o ABSOLUTE
    ..\user\main.c                           0x00000000   Number         0  main.o ABSOLUTE
    ..\user\stm32f4xx_it.c                   0x00000000   Number         0  stm32f4xx_it.o ABSOLUTE
    ..\user\system_stm32f4xx.c               0x00000000   Number         0  system_stm32f4xx.o ABSOLUTE
    dc.s                                     0x00000000   Number         0  dc.o ABSOLUTE
    RESET                                    0x08000000   Section      392  startup_stm32f40_41xxx.o(RESET)
    !!!main                                  0x08000188   Section        8  __main.o(!!!main)
    !!!scatter                               0x08000190   Section       52  __scatter.o(!!!scatter)
    !!handler_copy                           0x080001c4   Section       26  __scatter_copy.o(!!handler_copy)
    !!handler_zi                             0x080001e0   Section       28  __scatter_zi.o(!!handler_zi)
    .ARM.Collect$$libinit$$00000000          0x080001fc   Section        2  libinit.o(.ARM.Collect$$libinit$$00000000)
    .ARM.Collect$$libinit$$00000001          0x080001fe   Section        4  libinit2.o(.ARM.Collect$$libinit$$00000001)
    .ARM.Collect$$libinit$$00000004          0x08000202   Section        0  libinit2.o(.ARM.Collect$$libinit$$00000004)
    .ARM.Collect$$libinit$$0000000A          0x08000202   Section        0  libinit2.o(.ARM.Collect$$libinit$$0000000A)
    .ARM.Collect$$libinit$$0000000C          0x08000202   Section        0  libinit2.o(.ARM.Collect$$libinit$$0000000C)
    .ARM.Collect$$libinit$$0000000E          0x08000202   Section        0  libinit2.o(.ARM.Collect$$libinit$$0000000E)
    .ARM.Collect$$libinit$$00000011          0x08000202   Section        0  libinit2.o(.ARM.Collect$$libinit$$00000011)
    .ARM.Collect$$libinit$$00000013          0x08000202   Section        0  libinit2.o(.ARM.Collect$$libinit$$00000013)
    .ARM.Collect$$libinit$$00000015          0x08000202   Section        0  libinit2.o(.ARM.Collect$$libinit$$00000015)
    .ARM.Collect$$libinit$$00000017          0x08000202   Section        0  libinit2.o(.ARM.Collect$$libinit$$00000017)
    .ARM.Collect$$libinit$$00000019          0x08000202   Section        0  libinit2.o(.ARM.Collect$$libinit$$00000019)
    .ARM.Collect$$libinit$$0000001B          0x08000202   Section        0  libinit2.o(.ARM.Collect$$libinit$$0000001B)
    .ARM.Collect$$libinit$$0000001D          0x08000202   Section        0  libinit2.o(.ARM.Collect$$libinit$$0000001D)
    .ARM.Collect$$libinit$$0000001F          0x08000202   Section        0  libinit2.o(.ARM.Collect$$libinit$$0000001F)
    .ARM.Collect$$libinit$$00000021          0x08000202   Section        0  libinit2.o(.ARM.Collect$$libinit$$00000021)
    .ARM.Collect$$libinit$$00000023          0x08000202   Section        0  libinit2.o(.ARM.Collect$$libinit$$00000023)
    .ARM.Collect$$libinit$$00000025          0x08000202   Section        0  libinit2.o(.ARM.Collect$$libinit$$00000025)
    .ARM.Collect$$libinit$$0000002C          0x08000202   Section        0  libinit2.o(.ARM.Collect$$libinit$$0000002C)
    .ARM.Collect$$libinit$$0000002E          0x08000202   Section        0  libinit2.o(.ARM.Collect$$libinit$$0000002E)
    .ARM.Collect$$libinit$$00000030          0x08000202   Section        0  libinit2.o(.ARM.Collect$$libinit$$00000030)
    .ARM.Collect$$libinit$$00000032          0x08000202   Section        0  libinit2.o(.ARM.Collect$$libinit$$00000032)
    .ARM.Collect$$libinit$$00000033          0x08000202   Section        2  libinit2.o(.ARM.Collect$$libinit$$00000033)
    .ARM.Collect$$libshutdown$$00000000      0x08000204   Section        2  libshutdown.o(.ARM.Collect$$libshutdown$$00000000)
    .ARM.Collect$$libshutdown$$00000002      0x08000206   Section        0  libshutdown2.o(.ARM.Collect$$libshutdown$$00000002)
    .ARM.Collect$$libshutdown$$00000004      0x08000206   Section        0  libshutdown2.o(.ARM.Collect$$libshutdown$$00000004)
    .ARM.Collect$$libshutdown$$00000007      0x08000206   Section        0  libshutdown2.o(.ARM.Collect$$libshutdown$$00000007)
    .ARM.Collect$$libshutdown$$0000000A      0x08000206   Section        0  libshutdown2.o(.ARM.Collect$$libshutdown$$0000000A)
    .ARM.Collect$$libshutdown$$0000000C      0x08000206   Section        0  libshutdown2.o(.ARM.Collect$$libshutdown$$0000000C)
    .ARM.Collect$$libshutdown$$0000000F      0x08000206   Section        0  libshutdown2.o(.ARM.Collect$$libshutdown$$0000000F)
    .ARM.Collect$$libshutdown$$00000010      0x08000206   Section        2  libshutdown2.o(.ARM.Collect$$libshutdown$$00000010)
    .ARM.Collect$$rtentry$$00000000          0x08000208   Section        0  __rtentry.o(.ARM.Collect$$rtentry$$00000000)
    .ARM.Collect$$rtentry$$00000002          0x08000208   Section        0  __rtentry2.o(.ARM.Collect$$rtentry$$00000002)
    .ARM.Collect$$rtentry$$00000004          0x08000208   Section        6  __rtentry4.o(.ARM.Collect$$rtentry$$00000004)
    .ARM.Collect$$rtentry$$00000009          0x0800020e   Section        0  __rtentry2.o(.ARM.Collect$$rtentry$$00000009)
    .ARM.Collect$$rtentry$$0000000A          0x0800020e   Section        4  __rtentry2.o(.ARM.Collect$$rtentry$$0000000A)
    .ARM.Collect$$rtentry$$0000000C          0x08000212   Section        0  __rtentry2.o(.ARM.Collect$$rtentry$$0000000C)
    .ARM.Collect$$rtentry$$0000000D          0x08000212   Section        8  __rtentry2.o(.ARM.Collect$$rtentry$$0000000D)
    .ARM.Collect$$rtexit$$00000000           0x0800021a   Section        2  rtexit.o(.ARM.Collect$$rtexit$$00000000)
    .ARM.Collect$$rtexit$$00000002           0x0800021c   Section        0  rtexit2.o(.ARM.Collect$$rtexit$$00000002)
    .ARM.Collect$$rtexit$$00000003           0x0800021c   Section        4  rtexit2.o(.ARM.Collect$$rtexit$$00000003)
    .ARM.Collect$$rtexit$$00000004           0x08000220   Section        6  rtexit2.o(.ARM.Collect$$rtexit$$00000004)
    .text                                    0x08000228   Section       64  startup_stm32f40_41xxx.o(.text)
    $v0                                      0x08000228   Number         0  startup_stm32f40_41xxx.o(.text)
    .text                                    0x08000268   Section       78  rt_memclr_w.o(.text)
    .text                                    0x080002b6   Section        0  heapauxi.o(.text)
    .text                                    0x080002bc   Section       74  sys_stackheap_outer.o(.text)
    .text                                    0x08000306   Section        0  exit.o(.text)
    .text                                    0x08000318   Section        8  libspace.o(.text)
    .text                                    0x08000320   Section        0  sys_exit.o(.text)
    .text                                    0x0800032c   Section        2  use_no_semi.o(.text)
    .text                                    0x0800032e   Section        0  indicate_semi.o(.text)
    i.ADC_Cmd                                0x0800032e   Section        0  stm32f4xx_adc.o(i.ADC_Cmd)
    i.ADC_CommonInit                         0x08000344   Section        0  stm32f4xx_adc.o(i.ADC_CommonInit)
    i.ADC_GetConversionValue                 0x08000374   Section        0  stm32f4xx_adc.o(i.ADC_GetConversionValue)
    i.ADC_GetFlagStatus                      0x0800037c   Section        0  stm32f4xx_adc.o(i.ADC_GetFlagStatus)
    i.ADC_Init                               0x08000390   Section        0  stm32f4xx_adc.o(i.ADC_Init)
    i.ADC_RegularChannelConfig               0x080003e4   Section        0  stm32f4xx_adc.o(i.ADC_RegularChannelConfig)
    i.ADC_SoftwareStartConv                  0x0800049c   Section        0  stm32f4xx_adc.o(i.ADC_SoftwareStartConv)
    i.BusFault_Handler                       0x080004a6   Section        0  stm32f4xx_it.o(i.BusFault_Handler)
    i.DS1820_ReadData                        0x080004aa   Section        0  ds18b20.o(i.DS1820_ReadData)
    i.DS1820_Reset                           0x080004ee   Section        0  ds18b20.o(i.DS1820_Reset)
    i.DS1820_WriteData                       0x0800051c   Section        0  ds18b20.o(i.DS1820_WriteData)
    i.DS18B20_Init                           0x08000550   Section        0  ds18b20.o(i.DS18B20_Init)
    i.DebugMon_Handler                       0x0800057a   Section        0  stm32f4xx_it.o(i.DebugMon_Handler)
    i.EXTI9_5_IRQHandler                     0x0800057c   Section        0  eint.o(i.EXTI9_5_IRQHandler)
    i.EXTI_ClearITPendingBit                 0x080005f0   Section        0  stm32f4xx_exti.o(i.EXTI_ClearITPendingBit)
    i.EXTI_GetFlagStatus                     0x080005fc   Section        0  stm32f4xx_exti.o(i.EXTI_GetFlagStatus)
    i.FSMC_NORSRAMCmd                        0x08000614   Section        0  stm32f4xx_fsmc.o(i.FSMC_NORSRAMCmd)
    i.FSMC_NORSRAMInit                       0x08000648   Section        0  stm32f4xx_fsmc.o(i.FSMC_NORSRAMInit)
    i.GPIO_Init                              0x0800072e   Section        0  stm32f4xx_gpio.o(i.GPIO_Init)
    i.GPIO_PinAFConfig                       0x080007be   Section        0  stm32f4xx_gpio.o(i.GPIO_PinAFConfig)
    i.GPIO_ResetBits                         0x08000804   Section        0  stm32f4xx_gpio.o(i.GPIO_ResetBits)
    i.GPIO_SetBits                           0x08000808   Section        0  stm32f4xx_gpio.o(i.GPIO_SetBits)
    i.HardFault_Handler                      0x0800080c   Section        0  stm32f4xx_it.o(i.HardFault_Handler)
    i.LCD_AUTOScan_Dir                       0x08000810   Section        0  lcd.o(i.LCD_AUTOScan_Dir)
    i.LCD_Clear                              0x080008c8   Section        0  lcd.o(i.LCD_Clear)
    i.LCD_Color_DrawPoint                    0x08000904   Section        0  lcd.o(i.LCD_Color_DrawPoint)
    i.LCD_DisplayChar                        0x08000950   Section        0  lcd.o(i.LCD_DisplayChar)
    i.LCD_DisplayChinese                     0x08000a54   Section        0  lcd.o(i.LCD_DisplayChinese)
    i.LCD_DisplayNum                         0x08000b00   Section        0  lcd.o(i.LCD_DisplayNum)
    i.LCD_DisplayString                      0x08000bac   Section        0  lcd.o(i.LCD_DisplayString)
    i.LCD_Display_Dir                        0x08000bf0   Section        0  lcd.o(i.LCD_Display_Dir)
    i.LCD_FSMC_Config                        0x08000c3c   Section        0  lcd.o(i.LCD_FSMC_Config)
    i.LCD_Init                               0x08000e58   Section        0  lcd.o(i.LCD_Init)
    i.LCD_Pow                                0x08001094   Section        0  lcd.o(i.LCD_Pow)
    i.LCD_SetCursor                          0x080010ac   Section        0  lcd.o(i.LCD_SetCursor)
    i.LCD_WriteRAM_Prepare                   0x080010e4   Section        0  lcd.o(i.LCD_WriteRAM_Prepare)
    i.LCD_WriteReg                           0x080010f4   Section        0  lcd.o(i.LCD_WriteReg)
    i.MemManage_Handler                      0x08001104   Section        0  stm32f4xx_it.o(i.MemManage_Handler)
    i.NMI_Handler                            0x08001108   Section        0  stm32f4xx_it.o(i.NMI_Handler)
    i.NVIC_Init                              0x0800110c   Section        0  misc.o(i.NVIC_Init)
    i.NVIC_PriorityGroupConfig               0x08001184   Section        0  misc.o(i.NVIC_PriorityGroupConfig)
    i.PendSV_Handler                         0x08001198   Section        0  stm32f4xx_it.o(i.PendSV_Handler)
    i.RCC_AHB1PeriphClockCmd                 0x0800119c   Section        0  stm32f4xx_rcc.o(i.RCC_AHB1PeriphClockCmd)
    i.RCC_AHB3PeriphClockCmd                 0x080011bc   Section        0  stm32f4xx_rcc.o(i.RCC_AHB3PeriphClockCmd)
    i.RCC_APB1PeriphClockCmd                 0x080011dc   Section        0  stm32f4xx_rcc.o(i.RCC_APB1PeriphClockCmd)
    i.RCC_APB2PeriphClockCmd                 0x080011fc   Section        0  stm32f4xx_rcc.o(i.RCC_APB2PeriphClockCmd)
    i.RCC_GetClocksFreq                      0x0800121c   Section        0  stm32f4xx_rcc.o(i.RCC_GetClocksFreq)
    i.SVC_Handler                            0x08001304   Section        0  stm32f4xx_it.o(i.SVC_Handler)
    i.SetSysClock                            0x08001308   Section        0  system_stm32f4xx.o(i.SetSysClock)
    SetSysClock                              0x08001309   Thumb Code   220  system_stm32f4xx.o(i.SetSysClock)
    i.SysTick_CLKSourceConfig                0x080013f4   Section        0  misc.o(i.SysTick_CLKSourceConfig)
    i.SysTick_Handler                        0x0800141c   Section        0  stm32f4xx_it.o(i.SysTick_Handler)
    i.SystemInit                             0x08001420   Section        0  system_stm32f4xx.o(i.SystemInit)
    i.USART3_IRQHandler                      0x08001488   Section        0  uart.o(i.USART3_IRQHandler)
    i.USART_ClearFlag                        0x080014bc   Section        0  stm32f4xx_usart.o(i.USART_ClearFlag)
    i.USART_ClearITPendingBit                0x080014ce   Section        0  stm32f4xx_usart.o(i.USART_ClearITPendingBit)
    i.USART_Cmd                              0x080014ec   Section        0  stm32f4xx_usart.o(i.USART_Cmd)
    i.USART_GetFlagStatus                    0x08001504   Section        0  stm32f4xx_usart.o(i.USART_GetFlagStatus)
    i.USART_GetITStatus                      0x0800151e   Section        0  stm32f4xx_usart.o(i.USART_GetITStatus)
    i.USART_ITConfig                         0x08001572   Section        0  stm32f4xx_usart.o(i.USART_ITConfig)
    i.USART_Init                             0x080015bc   Section        0  stm32f4xx_usart.o(i.USART_Init)
    i.USART_ReceiveData                      0x08001690   Section        0  stm32f4xx_usart.o(i.USART_ReceiveData)
    i.USART_SendData                         0x0800169a   Section        0  stm32f4xx_usart.o(i.USART_SendData)
    i.UsageFault_Handler                     0x080016a2   Section        0  stm32f4xx_it.o(i.UsageFault_Handler)
    i.__hardfp_floor                         0x080016a8   Section        0  floor.o(i.__hardfp_floor)
    i.adc_get                                0x080017c0   Section        0  adc.o(i.adc_get)
    i.adc_init                               0x080017e8   Section        0  adc.o(i.adc_init)
    i.buzzer_init                            0x08001884   Section        0  buzzer.o(i.buzzer_init)
    i.buzzer_off                             0x080018c8   Section        0  buzzer.o(i.buzzer_off)
    i.buzzer_on                              0x080018d8   Section        0  buzzer.o(i.buzzer_on)
    i.delay_init                             0x080018e8   Section        0  delay.o(i.delay_init)
    i.delay_ms                               0x0800191c   Section        0  delay.o(i.delay_ms)
    i.delay_us                               0x08001954   Section        0  delay.o(i.delay_us)
    i.delay_xms                              0x080019a0   Section        0  delay.o(i.delay_xms)
    delay_xms                                0x080019a1   Thumb Code    72  delay.o(i.delay_xms)
    i.dht_get                                0x080019ec   Section        0  dht.o(i.dht_get)
    i.dht_init                               0x08001ab4   Section        0  dht.o(i.dht_init)
    i.get_ds_gpio_value                      0x08001ac0   Section        0  ds_gpio.o(i.get_ds_gpio_value)
    i.get_temperature                        0x08001ad0   Section        0  ds18b20.o(i.get_temperature)
    i.gpio_get_value                         0x08001b28   Section        0  dht.o(i.gpio_get_value)
    gpio_get_value                           0x08001b29   Thumb Code    12  dht.o(i.gpio_get_value)
    i.gpio_in                                0x08001b38   Section        0  dht.o(i.gpio_in)
    gpio_in                                  0x08001b39   Thumb Code    34  dht.o(i.gpio_in)
    i.gpio_out                               0x08001b60   Section        0  dht.o(i.gpio_out)
    gpio_out                                 0x08001b61   Thumb Code    40  dht.o(i.gpio_out)
    i.gpio_set_value                         0x08001b8c   Section        0  dht.o(i.gpio_set_value)
    gpio_set_value                           0x08001b8d   Thumb Code    26  dht.o(i.gpio_set_value)
    i.gpio_wait                              0x08001bac   Section        0  dht.o(i.gpio_wait)
    gpio_wait                                0x08001bad   Thumb Code    42  dht.o(i.gpio_wait)
    i.led_init                               0x08001bd8   Section        0  led.o(i.led_init)
    i.led_on                                 0x08001ca4   Section        0  led.o(i.led_on)
    i.main                                   0x08001ce8   Section        0  main.o(i.main)
    i.pm_get                                 0x08001dec   Section        0  pm25.o(i.pm_get)
    i.pm_init                                0x08001ed0   Section        0  pm25.o(i.pm_init)
    i.relay_init                             0x08001f04   Section        0  relay.o(i.relay_init)
    i.setRecvHandler                         0x08001f6c   Section        0  uart.o(i.setRecvHandler)
    i.set_ds_gpio_value                      0x08001f78   Section        0  ds_gpio.o(i.set_ds_gpio_value)
    i.set_gpio_input                         0x08001f98   Section        0  ds_gpio.o(i.set_gpio_input)
    set_gpio_input                           0x08001f99   Thumb Code    44  ds_gpio.o(i.set_gpio_input)
    i.set_gpio_out                           0x08001fc8   Section        0  ds_gpio.o(i.set_gpio_out)
    set_gpio_out                             0x08001fc9   Thumb Code    50  ds_gpio.o(i.set_gpio_out)
    i.tem_to_string                          0x08002000   Section        0  ds18b20.o(i.tem_to_string)
    i.uart_init                              0x080020f8   Section        0  uart.o(i.uart_init)
    i.uart_send                              0x080021b8   Section        0  uart.o(i.uart_send)
    i.usartRecvHandler                       0x080021e0   Section        0  main.o(i.usartRecvHandler)
    x$fpl$dadd                               0x08002220   Section      336  daddsub_clz.o(x$fpl$dadd)
    $v0                                      0x08002220   Number         0  daddsub_clz.o(x$fpl$dadd)
    _dadd1                                   0x08002231   Thumb Code     0  daddsub_clz.o(x$fpl$dadd)
    x$fpl$dcmpinf                            0x08002370   Section       24  dcmpi.o(x$fpl$dcmpinf)
    $v0                                      0x08002370   Number         0  dcmpi.o(x$fpl$dcmpinf)
    x$fpl$ddiv                               0x08002388   Section      688  ddiv.o(x$fpl$ddiv)
    $v0                                      0x08002388   Number         0  ddiv.o(x$fpl$ddiv)
    ddiv_entry                               0x0800238f   Thumb Code     0  ddiv.o(x$fpl$ddiv)
    x$fpl$dfix                               0x08002638   Section       94  dfix.o(x$fpl$dfix)
    $v0                                      0x08002638   Number         0  dfix.o(x$fpl$dfix)
    x$fpl$dflt                               0x08002696   Section       46  dflt_clz.o(x$fpl$dflt)
    $v0                                      0x08002696   Number         0  dflt_clz.o(x$fpl$dflt)
    x$fpl$dleqf                              0x080026c4   Section      120  dleqf.o(x$fpl$dleqf)
    $v0                                      0x080026c4   Number         0  dleqf.o(x$fpl$dleqf)
    x$fpl$dmul                               0x0800273c   Section      340  dmul.o(x$fpl$dmul)
    $v0                                      0x0800273c   Number         0  dmul.o(x$fpl$dmul)
    x$fpl$dnaninf                            0x08002890   Section      156  dnaninf.o(x$fpl$dnaninf)
    $v0                                      0x08002890   Number         0  dnaninf.o(x$fpl$dnaninf)
    x$fpl$dretinf                            0x0800292c   Section       12  dretinf.o(x$fpl$dretinf)
    $v0                                      0x0800292c   Number         0  dretinf.o(x$fpl$dretinf)
    x$fpl$drleqf                             0x08002938   Section      108  drleqf.o(x$fpl$drleqf)
    $v0                                      0x08002938   Number         0  drleqf.o(x$fpl$drleqf)
    x$fpl$drsb                               0x080029a4   Section       22  daddsub_clz.o(x$fpl$drsb)
    $v0                                      0x080029a4   Number         0  daddsub_clz.o(x$fpl$drsb)
    x$fpl$dsub                               0x080029bc   Section      468  daddsub_clz.o(x$fpl$dsub)
    $v0                                      0x080029bc   Number         0  daddsub_clz.o(x$fpl$dsub)
    _dsub1                                   0x080029cd   Thumb Code     0  daddsub_clz.o(x$fpl$dsub)
    x$fpl$fpinit                             0x08002b90   Section       10  fpinit.o(x$fpl$fpinit)
    $v0                                      0x08002b90   Number         0  fpinit.o(x$fpl$fpinit)
    .constdata                               0x08002b9a   Section     6464  lcd.o(.constdata)
    x$fpl$usenofp                            0x08002b9a   Section        0  usenofp.o(x$fpl$usenofp)
    .data                                    0x20000000   Section       16  stm32f4xx_rcc.o(.data)
    APBAHBPrescTable                         0x20000000   Data          16  stm32f4xx_rcc.o(.data)
    .data                                    0x20000010   Section        4  delay.o(.data)
    fac_us                                   0x20000010   Data           1  delay.o(.data)
    fac_ms                                   0x20000012   Data           2  delay.o(.data)
    .data                                    0x20000014   Section       16  eint.o(.data)
    handler1                                 0x20000014   Data           4  eint.o(.data)
    handler2                                 0x20000018   Data           4  eint.o(.data)
    handler3                                 0x2000001c   Data           4  eint.o(.data)
    handler4                                 0x20000020   Data           4  eint.o(.data)
    .data                                    0x20000024   Section        4  uart.o(.data)
    handler                                  0x20000024   Data           4  uart.o(.data)
    .data                                    0x20000028   Section       18  lcd.o(.data)
    .bss                                     0x2000003c   Section       96  libspace.o(.bss)
    HEAP                                     0x200000a0   Section      512  startup_stm32f40_41xxx.o(HEAP)
    Heap_Mem                                 0x200000a0   Data         512  startup_stm32f40_41xxx.o(HEAP)
    STACK                                    0x200002a0   Section     1024  startup_stm32f40_41xxx.o(STACK)
    Stack_Mem                                0x200002a0   Data        1024  startup_stm32f40_41xxx.o(STACK)
    __initial_sp                             0x200006a0   Data           0  startup_stm32f40_41xxx.o(STACK)

    Global Symbols

    Symbol Name                              Value     Ov Type        Size  Object(Section)

    BuildAttributes$$THM_ISAv4$E$P$D$K$B$S$7EM$VFPi3$EXTD16$VFPS$VFMA$PE$A:L22UL41UL21$X:L11$S22US41US21$IEEE1$IW$USESV6$~STKCKD$USESV7$~SHL$OTIME$ROPI$IEEEJ$EBA8$UX$STANDARDLIB$REQ8$PRES8$EABIv2 0x00000000   Number         0  anon$$obj.o ABSOLUTE
    __ARM_use_no_argv                        0x00000000   Number         0  main.o ABSOLUTE
    __ARM_exceptions_init                     - Undefined Weak Reference
    __alloca_initialize                       - Undefined Weak Reference
    __arm_preinit_                            - Undefined Weak Reference
    __cpp_initialize__aeabi_                  - Undefined Weak Reference
    __cxa_finalize                            - Undefined Weak Reference
    __rt_locale                               - Undefined Weak Reference
    __sigvec_lookup                           - Undefined Weak Reference
    _atexit_init                              - Undefined Weak Reference
    _call_atexit_fns                          - Undefined Weak Reference
    _clock_init                               - Undefined Weak Reference
    _fp_trap_init                             - Undefined Weak Reference
    _fp_trap_shutdown                         - Undefined Weak Reference
    _get_lc_collate                           - Undefined Weak Reference
    _get_lc_ctype                             - Undefined Weak Reference
    _get_lc_monetary                          - Undefined Weak Reference
    _get_lc_numeric                           - Undefined Weak Reference
    _get_lc_time                              - Undefined Weak Reference
    _getenv_init                              - Undefined Weak Reference
    _handle_redirection                       - Undefined Weak Reference
    _init_alloc                               - Undefined Weak Reference
    _init_user_alloc                          - Undefined Weak Reference
    _initio                                   - Undefined Weak Reference
    _rand_init                                - Undefined Weak Reference
    _signal_finish                            - Undefined Weak Reference
    _signal_init                              - Undefined Weak Reference
    _terminate_alloc                          - Undefined Weak Reference
    _terminate_user_alloc                     - Undefined Weak Reference
    _terminateio                              - Undefined Weak Reference
    __Vectors_Size                           0x00000188   Number         0  startup_stm32f40_41xxx.o ABSOLUTE
    __Vectors                                0x08000000   Data           4  startup_stm32f40_41xxx.o(RESET)
    __Vectors_End                            0x08000188   Data           0  startup_stm32f40_41xxx.o(RESET)
    __main                                   0x08000189   Thumb Code     8  __main.o(!!!main)
    __scatterload                            0x08000191   Thumb Code     0  __scatter.o(!!!scatter)
    __scatterload_rt2                        0x08000191   Thumb Code    44  __scatter.o(!!!scatter)
    __scatterload_rt2_thumb_only             0x08000191   Thumb Code     0  __scatter.o(!!!scatter)
    __scatterload_null                       0x0800019f   Thumb Code     0  __scatter.o(!!!scatter)
    __scatterload_copy                       0x080001c5   Thumb Code    26  __scatter_copy.o(!!handler_copy)
    __scatterload_zeroinit                   0x080001e1   Thumb Code    28  __scatter_zi.o(!!handler_zi)
    __rt_lib_init                            0x080001fd   Thumb Code     0  libinit.o(.ARM.Collect$$libinit$$00000000)
    __rt_lib_init_fp_1                       0x080001ff   Thumb Code     0  libinit2.o(.ARM.Collect$$libinit$$00000001)
    __rt_lib_init_alloca_1                   0x08000203   Thumb Code     0  libinit2.o(.ARM.Collect$$libinit$$0000002E)
    __rt_lib_init_argv_1                     0x08000203   Thumb Code     0  libinit2.o(.ARM.Collect$$libinit$$0000002C)
    __rt_lib_init_atexit_1                   0x08000203   Thumb Code     0  libinit2.o(.ARM.Collect$$libinit$$0000001B)
    __rt_lib_init_clock_1                    0x08000203   Thumb Code     0  libinit2.o(.ARM.Collect$$libinit$$00000021)
    __rt_lib_init_cpp_1                      0x08000203   Thumb Code     0  libinit2.o(.ARM.Collect$$libinit$$00000032)
    __rt_lib_init_exceptions_1               0x08000203   Thumb Code     0  libinit2.o(.ARM.Collect$$libinit$$00000030)
    __rt_lib_init_fp_trap_1                  0x08000203   Thumb Code     0  libinit2.o(.ARM.Collect$$libinit$$0000001F)
    __rt_lib_init_getenv_1                   0x08000203   Thumb Code     0  libinit2.o(.ARM.Collect$$libinit$$00000023)
    __rt_lib_init_heap_1                     0x08000203   Thumb Code     0  libinit2.o(.ARM.Collect$$libinit$$0000000A)
    __rt_lib_init_lc_collate_1               0x08000203   Thumb Code     0  libinit2.o(.ARM.Collect$$libinit$$00000011)
    __rt_lib_init_lc_ctype_1                 0x08000203   Thumb Code     0  libinit2.o(.ARM.Collect$$libinit$$00000013)
    __rt_lib_init_lc_monetary_1              0x08000203   Thumb Code     0  libinit2.o(.ARM.Collect$$libinit$$00000015)
    __rt_lib_init_lc_numeric_1               0x08000203   Thumb Code     0  libinit2.o(.ARM.Collect$$libinit$$00000017)
    __rt_lib_init_lc_time_1                  0x08000203   Thumb Code     0  libinit2.o(.ARM.Collect$$libinit$$00000019)
    __rt_lib_init_preinit_1                  0x08000203   Thumb Code     0  libinit2.o(.ARM.Collect$$libinit$$00000004)
    __rt_lib_init_rand_1                     0x08000203   Thumb Code     0  libinit2.o(.ARM.Collect$$libinit$$0000000E)
    __rt_lib_init_return                     0x08000203   Thumb Code     0  libinit2.o(.ARM.Collect$$libinit$$00000033)
    __rt_lib_init_signal_1                   0x08000203   Thumb Code     0  libinit2.o(.ARM.Collect$$libinit$$0000001D)
    __rt_lib_init_stdio_1                    0x08000203   Thumb Code     0  libinit2.o(.ARM.Collect$$libinit$$00000025)
    __rt_lib_init_user_alloc_1               0x08000203   Thumb Code     0  libinit2.o(.ARM.Collect$$libinit$$0000000C)
    __rt_lib_shutdown                        0x08000205   Thumb Code     0  libshutdown.o(.ARM.Collect$$libshutdown$$00000000)
    __rt_lib_shutdown_cpp_1                  0x08000207   Thumb Code     0  libshutdown2.o(.ARM.Collect$$libshutdown$$00000002)
    __rt_lib_shutdown_fp_trap_1              0x08000207   Thumb Code     0  libshutdown2.o(.ARM.Collect$$libshutdown$$00000007)
    __rt_lib_shutdown_heap_1                 0x08000207   Thumb Code     0  libshutdown2.o(.ARM.Collect$$libshutdown$$0000000F)
    __rt_lib_shutdown_return                 0x08000207   Thumb Code     0  libshutdown2.o(.ARM.Collect$$libshutdown$$00000010)
    __rt_lib_shutdown_signal_1               0x08000207   Thumb Code     0  libshutdown2.o(.ARM.Collect$$libshutdown$$0000000A)
    __rt_lib_shutdown_stdio_1                0x08000207   Thumb Code     0  libshutdown2.o(.ARM.Collect$$libshutdown$$00000004)
    __rt_lib_shutdown_user_alloc_1           0x08000207   Thumb Code     0  libshutdown2.o(.ARM.Collect$$libshutdown$$0000000C)
    __rt_entry                               0x08000209   Thumb Code     0  __rtentry.o(.ARM.Collect$$rtentry$$00000000)
    __rt_entry_presh_1                       0x08000209   Thumb Code     0  __rtentry2.o(.ARM.Collect$$rtentry$$00000002)
    __rt_entry_sh                            0x08000209   Thumb Code     0  __rtentry4.o(.ARM.Collect$$rtentry$$00000004)
    __rt_entry_li                            0x0800020f   Thumb Code     0  __rtentry2.o(.ARM.Collect$$rtentry$$0000000A)
    __rt_entry_postsh_1                      0x0800020f   Thumb Code     0  __rtentry2.o(.ARM.Collect$$rtentry$$00000009)
    __rt_entry_main                          0x08000213   Thumb Code     0  __rtentry2.o(.ARM.Collect$$rtentry$$0000000D)
    __rt_entry_postli_1                      0x08000213   Thumb Code     0  __rtentry2.o(.ARM.Collect$$rtentry$$0000000C)
    __rt_exit                                0x0800021b   Thumb Code     0  rtexit.o(.ARM.Collect$$rtexit$$00000000)
    __rt_exit_ls                             0x0800021d   Thumb Code     0  rtexit2.o(.ARM.Collect$$rtexit$$00000003)
    __rt_exit_prels_1                        0x0800021d   Thumb Code     0  rtexit2.o(.ARM.Collect$$rtexit$$00000002)
    __rt_exit_exit                           0x08000221   Thumb Code     0  rtexit2.o(.ARM.Collect$$rtexit$$00000004)
    Reset_Handler                            0x08000229   Thumb Code     8  startup_stm32f40_41xxx.o(.text)
    ADC_IRQHandler                           0x08000243   Thumb Code     0  startup_stm32f40_41xxx.o(.text)
    CAN1_RX0_IRQHandler                      0x08000243   Thumb Code     0  startup_stm32f40_41xxx.o(.text)
    CAN1_RX1_IRQHandler                      0x08000243   Thumb Code     0  startup_stm32f40_41xxx.o(.text)
    CAN1_SCE_IRQHandler                      0x08000243   Thumb Code     0  startup_stm32f40_41xxx.o(.text)
    CAN1_TX_IRQHandler                       0x08000243   Thumb Code     0  startup_stm32f40_41xxx.o(.text)
    CAN2_RX0_IRQHandler                      0x08000243   Thumb Code     0  startup_stm32f40_41xxx.o(.text)
    CAN2_RX1_IRQHandler                      0x08000243   Thumb Code     0  startup_stm32f40_41xxx.o(.text)
    CAN2_SCE_IRQHandler                      0x08000243   Thumb Code     0  startup_stm32f40_41xxx.o(.text)
    CAN2_TX_IRQHandler                       0x08000243   Thumb Code     0  startup_stm32f40_41xxx.o(.text)
    CRYP_IRQHandler                          0x08000243   Thumb Code     0  startup_stm32f40_41xxx.o(.text)
    DCMI_IRQHandler                          0x08000243   Thumb Code     0  startup_stm32f40_41xxx.o(.text)
    DMA1_Stream0_IRQHandler                  0x08000243   Thumb Code     0  startup_stm32f40_41xxx.o(.text)
    DMA1_Stream1_IRQHandler                  0x08000243   Thumb Code     0  startup_stm32f40_41xxx.o(.text)
    DMA1_Stream2_IRQHandler                  0x08000243   Thumb Code     0  startup_stm32f40_41xxx.o(.text)
    DMA1_Stream3_IRQHandler                  0x08000243   Thumb Code     0  startup_stm32f40_41xxx.o(.text)
    DMA1_Stream4_IRQHandler                  0x08000243   Thumb Code     0  startup_stm32f40_41xxx.o(.text)
    DMA1_Stream5_IRQHandler                  0x08000243   Thumb Code     0  startup_stm32f40_41xxx.o(.text)
    DMA1_Stream6_IRQHandler                  0x08000243   Thumb Code     0  startup_stm32f40_41xxx.o(.text)
    DMA1_Stream7_IRQHandler                  0x08000243   Thumb Code     0  startup_stm32f40_41xxx.o(.text)
    DMA2_Stream0_IRQHandler                  0x08000243   Thumb Code     0  startup_stm32f40_41xxx.o(.text)
    DMA2_Stream1_IRQHandler                  0x08000243   Thumb Code     0  startup_stm32f40_41xxx.o(.text)
    DMA2_Stream2_IRQHandler                  0x08000243   Thumb Code     0  startup_stm32f40_41xxx.o(.text)
    DMA2_Stream3_IRQHandler                  0x08000243   Thumb Code     0  startup_stm32f40_41xxx.o(.text)
    DMA2_Stream4_IRQHandler                  0x08000243   Thumb Code     0  startup_stm32f40_41xxx.o(.text)
    DMA2_Stream5_IRQHandler                  0x08000243   Thumb Code     0  startup_stm32f40_41xxx.o(.text)
    DMA2_Stream6_IRQHandler                  0x08000243   Thumb Code     0  startup_stm32f40_41xxx.o(.text)
    DMA2_Stream7_IRQHandler                  0x08000243   Thumb Code     0  startup_stm32f40_41xxx.o(.text)
    ETH_IRQHandler                           0x08000243   Thumb Code     0  startup_stm32f40_41xxx.o(.text)
    ETH_WKUP_IRQHandler                      0x08000243   Thumb Code     0  startup_stm32f40_41xxx.o(.text)
    EXTI0_IRQHandler                         0x08000243   Thumb Code     0  startup_stm32f40_41xxx.o(.text)
    EXTI15_10_IRQHandler                     0x08000243   Thumb Code     0  startup_stm32f40_41xxx.o(.text)
    EXTI1_IRQHandler                         0x08000243   Thumb Code     0  startup_stm32f40_41xxx.o(.text)
    EXTI2_IRQHandler                         0x08000243   Thumb Code     0  startup_stm32f40_41xxx.o(.text)
    EXTI3_IRQHandler                         0x08000243   Thumb Code     0  startup_stm32f40_41xxx.o(.text)
    EXTI4_IRQHandler                         0x08000243   Thumb Code     0  startup_stm32f40_41xxx.o(.text)
    FLASH_IRQHandler                         0x08000243   Thumb Code     0  startup_stm32f40_41xxx.o(.text)
    FPU_IRQHandler                           0x08000243   Thumb Code     0  startup_stm32f40_41xxx.o(.text)
    FSMC_IRQHandler                          0x08000243   Thumb Code     0  startup_stm32f40_41xxx.o(.text)
    HASH_RNG_IRQHandler                      0x08000243   Thumb Code     0  startup_stm32f40_41xxx.o(.text)
    I2C1_ER_IRQHandler                       0x08000243   Thumb Code     0  startup_stm32f40_41xxx.o(.text)
    I2C1_EV_IRQHandler                       0x08000243   Thumb Code     0  startup_stm32f40_41xxx.o(.text)
    I2C2_ER_IRQHandler                       0x08000243   Thumb Code     0  startup_stm32f40_41xxx.o(.text)
    I2C2_EV_IRQHandler                       0x08000243   Thumb Code     0  startup_stm32f40_41xxx.o(.text)
    I2C3_ER_IRQHandler                       0x08000243   Thumb Code     0  startup_stm32f40_41xxx.o(.text)
    I2C3_EV_IRQHandler                       0x08000243   Thumb Code     0  startup_stm32f40_41xxx.o(.text)
    OTG_FS_IRQHandler                        0x08000243   Thumb Code     0  startup_stm32f40_41xxx.o(.text)
    OTG_FS_WKUP_IRQHandler                   0x08000243   Thumb Code     0  startup_stm32f40_41xxx.o(.text)
    OTG_HS_EP1_IN_IRQHandler                 0x08000243   Thumb Code     0  startup_stm32f40_41xxx.o(.text)
    OTG_HS_EP1_OUT_IRQHandler                0x08000243   Thumb Code     0  startup_stm32f40_41xxx.o(.text)
    OTG_HS_IRQHandler                        0x08000243   Thumb Code     0  startup_stm32f40_41xxx.o(.text)
    OTG_HS_WKUP_IRQHandler                   0x08000243   Thumb Code     0  startup_stm32f40_41xxx.o(.text)
    PVD_IRQHandler                           0x08000243   Thumb Code     0  startup_stm32f40_41xxx.o(.text)
    RCC_IRQHandler                           0x08000243   Thumb Code     0  startup_stm32f40_41xxx.o(.text)
    RTC_Alarm_IRQHandler                     0x08000243   Thumb Code     0  startup_stm32f40_41xxx.o(.text)
    RTC_WKUP_IRQHandler                      0x08000243   Thumb Code     0  startup_stm32f40_41xxx.o(.text)
    SDIO_IRQHandler                          0x08000243   Thumb Code     0  startup_stm32f40_41xxx.o(.text)
    SPI1_IRQHandler                          0x08000243   Thumb Code     0  startup_stm32f40_41xxx.o(.text)
    SPI2_IRQHandler                          0x08000243   Thumb Code     0  startup_stm32f40_41xxx.o(.text)
    SPI3_IRQHandler                          0x08000243   Thumb Code     0  startup_stm32f40_41xxx.o(.text)
    TAMP_STAMP_IRQHandler                    0x08000243   Thumb Code     0  startup_stm32f40_41xxx.o(.text)
    TIM1_BRK_TIM9_IRQHandler                 0x08000243   Thumb Code     0  startup_stm32f40_41xxx.o(.text)
    TIM1_CC_IRQHandler                       0x08000243   Thumb Code     0  startup_stm32f40_41xxx.o(.text)
    TIM1_TRG_COM_TIM11_IRQHandler            0x08000243   Thumb Code     0  startup_stm32f40_41xxx.o(.text)
    TIM1_UP_TIM10_IRQHandler                 0x08000243   Thumb Code     0  startup_stm32f40_41xxx.o(.text)
    TIM2_IRQHandler                          0x08000243   Thumb Code     0  startup_stm32f40_41xxx.o(.text)
    TIM3_IRQHandler                          0x08000243   Thumb Code     0  startup_stm32f40_41xxx.o(.text)
    TIM4_IRQHandler                          0x08000243   Thumb Code     0  startup_stm32f40_41xxx.o(.text)
    TIM5_IRQHandler                          0x08000243   Thumb Code     0  startup_stm32f40_41xxx.o(.text)
    TIM6_DAC_IRQHandler                      0x08000243   Thumb Code     0  startup_stm32f40_41xxx.o(.text)
    TIM7_IRQHandler                          0x08000243   Thumb Code     0  startup_stm32f40_41xxx.o(.text)
    TIM8_BRK_TIM12_IRQHandler                0x08000243   Thumb Code     0  startup_stm32f40_41xxx.o(.text)
    TIM8_CC_IRQHandler                       0x08000243   Thumb Code     0  startup_stm32f40_41xxx.o(.text)
    TIM8_TRG_COM_TIM14_IRQHandler            0x08000243   Thumb Code     0  startup_stm32f40_41xxx.o(.text)
    TIM8_UP_TIM13_IRQHandler                 0x08000243   Thumb Code     0  startup_stm32f40_41xxx.o(.text)
    UART4_IRQHandler                         0x08000243   Thumb Code     0  startup_stm32f40_41xxx.o(.text)
    UART5_IRQHandler                         0x08000243   Thumb Code     0  startup_stm32f40_41xxx.o(.text)
    USART1_IRQHandler                        0x08000243   Thumb Code     0  startup_stm32f40_41xxx.o(.text)
    USART2_IRQHandler                        0x08000243   Thumb Code     0  startup_stm32f40_41xxx.o(.text)
    USART6_IRQHandler                        0x08000243   Thumb Code     0  startup_stm32f40_41xxx.o(.text)
    WWDG_IRQHandler                          0x08000243   Thumb Code     0  startup_stm32f40_41xxx.o(.text)
    __user_initial_stackheap                 0x08000245   Thumb Code     0  startup_stm32f40_41xxx.o(.text)
    __aeabi_memclr4                          0x08000269   Thumb Code     0  rt_memclr_w.o(.text)
    __aeabi_memclr8                          0x08000269   Thumb Code     0  rt_memclr_w.o(.text)
    __rt_memclr_w                            0x08000269   Thumb Code    78  rt_memclr_w.o(.text)
    _memset_w                                0x0800026d   Thumb Code     0  rt_memclr_w.o(.text)
    __use_two_region_memory                  0x080002b7   Thumb Code     2  heapauxi.o(.text)
    __rt_heap_escrow$2region                 0x080002b9   Thumb Code     2  heapauxi.o(.text)
    __rt_heap_expand$2region                 0x080002bb   Thumb Code     2  heapauxi.o(.text)
    __user_setup_stackheap                   0x080002bd   Thumb Code    74  sys_stackheap_outer.o(.text)
    exit                                     0x08000307   Thumb Code    18  exit.o(.text)
    __user_libspace                          0x08000319   Thumb Code     8  libspace.o(.text)
    __user_perproc_libspace                  0x08000319   Thumb Code     0  libspace.o(.text)
    __user_perthread_libspace                0x08000319   Thumb Code     0  libspace.o(.text)
    _sys_exit                                0x08000321   Thumb Code     8  sys_exit.o(.text)
    __I$use$semihosting                      0x0800032d   Thumb Code     0  use_no_semi.o(.text)
    __use_no_semihosting_swi                 0x0800032d   Thumb Code     2  use_no_semi.o(.text)
    ADC_Cmd                                  0x0800032f   Thumb Code    22  stm32f4xx_adc.o(i.ADC_Cmd)
    __semihosting_library_function           0x0800032f   Thumb Code     0  indicate_semi.o(.text)
    ADC_CommonInit                           0x08000345   Thumb Code    34  stm32f4xx_adc.o(i.ADC_CommonInit)
    ADC_GetConversionValue                   0x08000375   Thumb Code     8  stm32f4xx_adc.o(i.ADC_GetConversionValue)
    ADC_GetFlagStatus                        0x0800037d   Thumb Code    18  stm32f4xx_adc.o(i.ADC_GetFlagStatus)
    ADC_Init                                 0x08000391   Thumb Code    74  stm32f4xx_adc.o(i.ADC_Init)
    ADC_RegularChannelConfig                 0x080003e5   Thumb Code   184  stm32f4xx_adc.o(i.ADC_RegularChannelConfig)
    ADC_SoftwareStartConv                    0x0800049d   Thumb Code    10  stm32f4xx_adc.o(i.ADC_SoftwareStartConv)
    BusFault_Handler                         0x080004a7   Thumb Code     4  stm32f4xx_it.o(i.BusFault_Handler)
    DS1820_ReadData                          0x080004ab   Thumb Code    68  ds18b20.o(i.DS1820_ReadData)
    DS1820_Reset                             0x080004ef   Thumb Code    46  ds18b20.o(i.DS1820_Reset)
    DS1820_WriteData                         0x0800051d   Thumb Code    52  ds18b20.o(i.DS1820_WriteData)
    DS18B20_Init                             0x08000551   Thumb Code    42  ds18b20.o(i.DS18B20_Init)
    DebugMon_Handler                         0x0800057b   Thumb Code     2  stm32f4xx_it.o(i.DebugMon_Handler)
    EXTI9_5_IRQHandler                       0x0800057d   Thumb Code   100  eint.o(i.EXTI9_5_IRQHandler)
    EXTI_ClearITPendingBit                   0x080005f1   Thumb Code     6  stm32f4xx_exti.o(i.EXTI_ClearITPendingBit)
    EXTI_GetFlagStatus                       0x080005fd   Thumb Code    20  stm32f4xx_exti.o(i.EXTI_GetFlagStatus)
    FSMC_NORSRAMCmd                          0x08000615   Thumb Code    46  stm32f4xx_fsmc.o(i.FSMC_NORSRAMCmd)
    FSMC_NORSRAMInit                         0x08000649   Thumb Code   230  stm32f4xx_fsmc.o(i.FSMC_NORSRAMInit)
    GPIO_Init                                0x0800072f   Thumb Code   144  stm32f4xx_gpio.o(i.GPIO_Init)
    GPIO_PinAFConfig                         0x080007bf   Thumb Code    70  stm32f4xx_gpio.o(i.GPIO_PinAFConfig)
    GPIO_ResetBits                           0x08000805   Thumb Code     4  stm32f4xx_gpio.o(i.GPIO_ResetBits)
    GPIO_SetBits                             0x08000809   Thumb Code     4  stm32f4xx_gpio.o(i.GPIO_SetBits)
    HardFault_Handler                        0x0800080d   Thumb Code     4  stm32f4xx_it.o(i.HardFault_Handler)
    LCD_AUTOScan_Dir                         0x08000811   Thumb Code   164  lcd.o(i.LCD_AUTOScan_Dir)
    LCD_Clear                                0x080008c9   Thumb Code    48  lcd.o(i.LCD_Clear)
    LCD_Color_DrawPoint                      0x08000905   Thumb Code    58  lcd.o(i.LCD_Color_DrawPoint)
    LCD_DisplayChar                          0x08000951   Thumb Code   230  lcd.o(i.LCD_DisplayChar)
    LCD_DisplayChinese                       0x08000a55   Thumb Code   150  lcd.o(i.LCD_DisplayChinese)
    LCD_DisplayNum                           0x08000b01   Thumb Code   172  lcd.o(i.LCD_DisplayNum)
    LCD_DisplayString                        0x08000bad   Thumb Code    64  lcd.o(i.LCD_DisplayString)
    LCD_Display_Dir                          0x08000bf1   Thumb Code    68  lcd.o(i.LCD_Display_Dir)
    LCD_FSMC_Config                          0x08000c3d   Thumb Code   528  lcd.o(i.LCD_FSMC_Config)
    LCD_Init                                 0x08000e59   Thumb Code   560  lcd.o(i.LCD_Init)
    LCD_Pow                                  0x08001095   Thumb Code    22  lcd.o(i.LCD_Pow)
    LCD_SetCursor                            0x080010ad   Thumb Code    42  lcd.o(i.LCD_SetCursor)
    LCD_WriteRAM_Prepare                     0x080010e5   Thumb Code    12  lcd.o(i.LCD_WriteRAM_Prepare)
    LCD_WriteReg                             0x080010f5   Thumb Code    12  lcd.o(i.LCD_WriteReg)
    MemManage_Handler                        0x08001105   Thumb Code     4  stm32f4xx_it.o(i.MemManage_Handler)
    NMI_Handler                              0x08001109   Thumb Code     2  stm32f4xx_it.o(i.NMI_Handler)
    NVIC_Init                                0x0800110d   Thumb Code   106  misc.o(i.NVIC_Init)
    NVIC_PriorityGroupConfig                 0x08001185   Thumb Code    10  misc.o(i.NVIC_PriorityGroupConfig)
    PendSV_Handler                           0x08001199   Thumb Code     2  stm32f4xx_it.o(i.PendSV_Handler)
    RCC_AHB1PeriphClockCmd                   0x0800119d   Thumb Code    26  stm32f4xx_rcc.o(i.RCC_AHB1PeriphClockCmd)
    RCC_AHB3PeriphClockCmd                   0x080011bd   Thumb Code    26  stm32f4xx_rcc.o(i.RCC_AHB3PeriphClockCmd)
    RCC_APB1PeriphClockCmd                   0x080011dd   Thumb Code    26  stm32f4xx_rcc.o(i.RCC_APB1PeriphClockCmd)
    RCC_APB2PeriphClockCmd                   0x080011fd   Thumb Code    26  stm32f4xx_rcc.o(i.RCC_APB2PeriphClockCmd)
    RCC_GetClocksFreq                        0x0800121d   Thumb Code   214  stm32f4xx_rcc.o(i.RCC_GetClocksFreq)
    SVC_Handler                              0x08001305   Thumb Code     2  stm32f4xx_it.o(i.SVC_Handler)
    SysTick_CLKSourceConfig                  0x080013f5   Thumb Code    40  misc.o(i.SysTick_CLKSourceConfig)
    SysTick_Handler                          0x0800141d   Thumb Code     2  stm32f4xx_it.o(i.SysTick_Handler)
    SystemInit                               0x08001421   Thumb Code    88  system_stm32f4xx.o(i.SystemInit)
    USART3_IRQHandler                        0x08001489   Thumb Code    44  uart.o(i.USART3_IRQHandler)
    USART_ClearFlag                          0x080014bd   Thumb Code    18  stm32f4xx_usart.o(i.USART_ClearFlag)
    USART_ClearITPendingBit                  0x080014cf   Thumb Code    30  stm32f4xx_usart.o(i.USART_ClearITPendingBit)
    USART_Cmd                                0x080014ed   Thumb Code    24  stm32f4xx_usart.o(i.USART_Cmd)
    USART_GetFlagStatus                      0x08001505   Thumb Code    26  stm32f4xx_usart.o(i.USART_GetFlagStatus)
    USART_GetITStatus                        0x0800151f   Thumb Code    84  stm32f4xx_usart.o(i.USART_GetITStatus)
    USART_ITConfig                           0x08001573   Thumb Code    74  stm32f4xx_usart.o(i.USART_ITConfig)
    USART_Init                               0x080015bd   Thumb Code   204  stm32f4xx_usart.o(i.USART_Init)
    USART_ReceiveData                        0x08001691   Thumb Code    10  stm32f4xx_usart.o(i.USART_ReceiveData)
    USART_SendData                           0x0800169b   Thumb Code     8  stm32f4xx_usart.o(i.USART_SendData)
    UsageFault_Handler                       0x080016a3   Thumb Code     4  stm32f4xx_it.o(i.UsageFault_Handler)
    __hardfp_floor                           0x080016a9   Thumb Code   252  floor.o(i.__hardfp_floor)
    adc_get                                  0x080017c1   Thumb Code    36  adc.o(i.adc_get)
    adc_init                                 0x080017e9   Thumb Code   148  adc.o(i.adc_init)
    buzzer_init                              0x08001885   Thumb Code    62  buzzer.o(i.buzzer_init)
    buzzer_off                               0x080018c9   Thumb Code    12  buzzer.o(i.buzzer_off)
    buzzer_on                                0x080018d9   Thumb Code    12  buzzer.o(i.buzzer_on)
    delay_init                               0x080018e9   Thumb Code    42  delay.o(i.delay_init)
    delay_ms                                 0x0800191d   Thumb Code    56  delay.o(i.delay_ms)
    delay_us                                 0x08001955   Thumb Code    72  delay.o(i.delay_us)
    dht_get                                  0x080019ed   Thumb Code   200  dht.o(i.dht_get)
    dht_init                                 0x08001ab5   Thumb Code    12  dht.o(i.dht_init)
    get_ds_gpio_value                        0x08001ac1   Thumb Code    12  ds_gpio.o(i.get_ds_gpio_value)
    get_temperature                          0x08001ad1   Thumb Code    88  ds18b20.o(i.get_temperature)
    led_init                                 0x08001bd9   Thumb Code   196  led.o(i.led_init)
    led_on                                   0x08001ca5   Thumb Code    60  led.o(i.led_on)
    main                                     0x08001ce9   Thumb Code   248  main.o(i.main)
    pm_get                                   0x08001ded   Thumb Code   180  pm25.o(i.pm_get)
    pm_init                                  0x08001ed1   Thumb Code    46  pm25.o(i.pm_init)
    relay_init                               0x08001f05   Thumb Code    82  relay.o(i.relay_init)
    setRecvHandler                           0x08001f6d   Thumb Code     6  uart.o(i.setRecvHandler)
    set_ds_gpio_value                        0x08001f79   Thumb Code    26  ds_gpio.o(i.set_ds_gpio_value)
    tem_to_string                            0x08002001   Thumb Code   246  ds18b20.o(i.tem_to_string)
    uart_init                                0x080020f9   Thumb Code   184  uart.o(i.uart_init)
    uart_send                                0x080021b9   Thumb Code    36  uart.o(i.uart_send)
    usartRecvHandler                         0x080021e1   Thumb Code    62  main.o(i.usartRecvHandler)
    __aeabi_dadd                             0x08002221   Thumb Code     0  daddsub_clz.o(x$fpl$dadd)
    _dadd                                    0x08002221   Thumb Code   332  daddsub_clz.o(x$fpl$dadd)
    __fpl_dcmp_Inf                           0x08002371   Thumb Code    24  dcmpi.o(x$fpl$dcmpinf)
    __aeabi_ddiv                             0x08002389   Thumb Code     0  ddiv.o(x$fpl$ddiv)
    _ddiv                                    0x08002389   Thumb Code   552  ddiv.o(x$fpl$ddiv)
    __aeabi_d2iz                             0x08002639   Thumb Code     0  dfix.o(x$fpl$dfix)
    _dfix                                    0x08002639   Thumb Code    94  dfix.o(x$fpl$dfix)
    __aeabi_i2d                              0x08002697   Thumb Code     0  dflt_clz.o(x$fpl$dflt)
    _dflt                                    0x08002697   Thumb Code    46  dflt_clz.o(x$fpl$dflt)
    __aeabi_cdcmple                          0x080026c5   Thumb Code     0  dleqf.o(x$fpl$dleqf)
    _dcmple                                  0x080026c5   Thumb Code   120  dleqf.o(x$fpl$dleqf)
    __fpl_dcmple_InfNaN                      0x08002727   Thumb Code     0  dleqf.o(x$fpl$dleqf)
    __aeabi_dmul                             0x0800273d   Thumb Code     0  dmul.o(x$fpl$dmul)
    _dmul                                    0x0800273d   Thumb Code   332  dmul.o(x$fpl$dmul)
    __fpl_dnaninf                            0x08002891   Thumb Code   156  dnaninf.o(x$fpl$dnaninf)
    __fpl_dretinf                            0x0800292d   Thumb Code    12  dretinf.o(x$fpl$dretinf)
    __aeabi_cdrcmple                         0x08002939   Thumb Code     0  drleqf.o(x$fpl$drleqf)
    _drcmple                                 0x08002939   Thumb Code   108  drleqf.o(x$fpl$drleqf)
    __aeabi_drsub                            0x080029a5   Thumb Code     0  daddsub_clz.o(x$fpl$drsb)
    _drsb                                    0x080029a5   Thumb Code    22  daddsub_clz.o(x$fpl$drsb)
    __aeabi_dsub                             0x080029bd   Thumb Code     0  daddsub_clz.o(x$fpl$dsub)
    _dsub                                    0x080029bd   Thumb Code   464  daddsub_clz.o(x$fpl$dsub)
    _fp_init                                 0x08002b91   Thumb Code    10  fpinit.o(x$fpl$fpinit)
    __fplib_config_fpu_vfp                   0x08002b99   Thumb Code     0  fpinit.o(x$fpl$fpinit)
    __fplib_config_pureend_doubles           0x08002b99   Thumb Code     0  fpinit.o(x$fpl$fpinit)
    __I$use$fp                               0x08002b9a   Number         0  usenofp.o(x$fpl$usenofp)
    char_1206                                0x08002b9a   Data        1140  lcd.o(.constdata)
    char_1608                                0x0800300e   Data        1520  lcd.o(.constdata)
    char_2412                                0x080035fe   Data        3420  lcd.o(.constdata)
    sxl                                      0x0800435a   Data         384  lcd.o(.constdata)
    Region$$Table$$Base                      0x080044dc   Number         0  anon$$obj.o(Region$$Table)
    Region$$Table$$Limit                     0x080044fc   Number         0  anon$$obj.o(Region$$Table)
    BRUSH_COLOR                              0x20000028   Data           2  lcd.o(.data)
    BACK_COLOR                               0x2000002a   Data           2  lcd.o(.data)
    lcd_id                                   0x2000002c   Data           2  lcd.o(.data)
    lcd_width                                0x2000002e   Data           2  lcd.o(.data)
    lcd_height                               0x20000030   Data           2  lcd.o(.data)
    write_gramcmd                            0x20000032   Data           2  lcd.o(.data)
    read_gramcmd                             0x20000034   Data           2  lcd.o(.data)
    setxcmd                                  0x20000036   Data           2  lcd.o(.data)
    setycmd                                  0x20000038   Data           2  lcd.o(.data)
    __libspace_start                         0x2000003c   Data          96  libspace.o(.bss)
    __temporary_stack_top$libspace           0x2000009c   Data           0  libspace.o(.bss)



==============================================================================

Memory Map of the image

  Image Entry point : 0x08000229

  Load Region LR_1 (Base: 0x08000000, Size: 0x00004538, Max: 0xffffffff, ABSOLUTE)

    Execution Region ER_RO (Base: 0x08000000, Size: 0x000044fc, Max: 0xffffffff, ABSOLUTE)

    Base Addr    Size         Type   Attr      Idx    E Section Name        Object

    0x08000000   0x00000188   Data   RO            3    RESET               startup_stm32f40_41xxx.o
    0x08000188   0x00000008   Code   RO         2170  * !!!main             c_w.l(__main.o)
    0x08000190   0x00000034   Code   RO         2366    !!!scatter          c_w.l(__scatter.o)
    0x080001c4   0x0000001a   Code   RO         2368    !!handler_copy      c_w.l(__scatter_copy.o)
    0x080001de   0x00000002   PAD
    0x080001e0   0x0000001c   Code   RO         2370    !!handler_zi        c_w.l(__scatter_zi.o)
    0x080001fc   0x00000002   Code   RO         2236    .ARM.Collect$$libinit$$00000000  c_w.l(libinit.o)
    0x080001fe   0x00000004   Code   RO         2242    .ARM.Collect$$libinit$$00000001  c_w.l(libinit2.o)
    0x08000202   0x00000000   Code   RO         2245    .ARM.Collect$$libinit$$00000004  c_w.l(libinit2.o)
    0x08000202   0x00000000   Code   RO         2248    .ARM.Collect$$libinit$$0000000A  c_w.l(libinit2.o)
    0x08000202   0x00000000   Code   RO         2250    .ARM.Collect$$libinit$$0000000C  c_w.l(libinit2.o)
    0x08000202   0x00000000   Code   RO         2252    .ARM.Collect$$libinit$$0000000E  c_w.l(libinit2.o)
    0x08000202   0x00000000   Code   RO         2255    .ARM.Collect$$libinit$$00000011  c_w.l(libinit2.o)
    0x08000202   0x00000000   Code   RO         2257    .ARM.Collect$$libinit$$00000013  c_w.l(libinit2.o)
    0x08000202   0x00000000   Code   RO         2259    .ARM.Collect$$libinit$$00000015  c_w.l(libinit2.o)
    0x08000202   0x00000000   Code   RO         2261    .ARM.Collect$$libinit$$00000017  c_w.l(libinit2.o)
    0x08000202   0x00000000   Code   RO         2263    .ARM.Collect$$libinit$$00000019  c_w.l(libinit2.o)
    0x08000202   0x00000000   Code   RO         2265    .ARM.Collect$$libinit$$0000001B  c_w.l(libinit2.o)
    0x08000202   0x00000000   Code   RO         2267    .ARM.Collect$$libinit$$0000001D  c_w.l(libinit2.o)
    0x08000202   0x00000000   Code   RO         2269    .ARM.Collect$$libinit$$0000001F  c_w.l(libinit2.o)
    0x08000202   0x00000000   Code   RO         2271    .ARM.Collect$$libinit$$00000021  c_w.l(libinit2.o)
    0x08000202   0x00000000   Code   RO         2273    .ARM.Collect$$libinit$$00000023  c_w.l(libinit2.o)
    0x08000202   0x00000000   Code   RO         2275    .ARM.Collect$$libinit$$00000025  c_w.l(libinit2.o)
    0x08000202   0x00000000   Code   RO         2279    .ARM.Collect$$libinit$$0000002C  c_w.l(libinit2.o)
    0x08000202   0x00000000   Code   RO         2281    .ARM.Collect$$libinit$$0000002E  c_w.l(libinit2.o)
    0x08000202   0x00000000   Code   RO         2283    .ARM.Collect$$libinit$$00000030  c_w.l(libinit2.o)
    0x08000202   0x00000000   Code   RO         2285    .ARM.Collect$$libinit$$00000032  c_w.l(libinit2.o)
    0x08000202   0x00000002   Code   RO         2286    .ARM.Collect$$libinit$$00000033  c_w.l(libinit2.o)
    0x08000204   0x00000002   Code   RO         2306    .ARM.Collect$$libshutdown$$00000000  c_w.l(libshutdown.o)
    0x08000206   0x00000000   Code   RO         2319    .ARM.Collect$$libshutdown$$00000002  c_w.l(libshutdown2.o)
    0x08000206   0x00000000   Code   RO         2321    .ARM.Collect$$libshutdown$$00000004  c_w.l(libshutdown2.o)
    0x08000206   0x00000000   Code   RO         2324    .ARM.Collect$$libshutdown$$00000007  c_w.l(libshutdown2.o)
    0x08000206   0x00000000   Code   RO         2327    .ARM.Collect$$libshutdown$$0000000A  c_w.l(libshutdown2.o)
    0x08000206   0x00000000   Code   RO         2329    .ARM.Collect$$libshutdown$$0000000C  c_w.l(libshutdown2.o)
    0x08000206   0x00000000   Code   RO         2332    .ARM.Collect$$libshutdown$$0000000F  c_w.l(libshutdown2.o)
    0x08000206   0x00000002   Code   RO         2333    .ARM.Collect$$libshutdown$$00000010  c_w.l(libshutdown2.o)
    0x08000208   0x00000000   Code   RO         2202    .ARM.Collect$$rtentry$$00000000  c_w.l(__rtentry.o)
    0x08000208   0x00000000   Code   RO         2211    .ARM.Collect$$rtentry$$00000002  c_w.l(__rtentry2.o)
    0x08000208   0x00000006   Code   RO         2223    .ARM.Collect$$rtentry$$00000004  c_w.l(__rtentry4.o)
    0x0800020e   0x00000000   Code   RO         2213    .ARM.Collect$$rtentry$$00000009  c_w.l(__rtentry2.o)
    0x0800020e   0x00000004   Code   RO         2214    .ARM.Collect$$rtentry$$0000000A  c_w.l(__rtentry2.o)
    0x08000212   0x00000000   Code   RO         2216    .ARM.Collect$$rtentry$$0000000C  c_w.l(__rtentry2.o)
    0x08000212   0x00000008   Code   RO         2217    .ARM.Collect$$rtentry$$0000000D  c_w.l(__rtentry2.o)
    0x0800021a   0x00000002   Code   RO         2240    .ARM.Collect$$rtexit$$00000000  c_w.l(rtexit.o)
    0x0800021c   0x00000000   Code   RO         2288    .ARM.Collect$$rtexit$$00000002  c_w.l(rtexit2.o)
    0x0800021c   0x00000004   Code   RO         2289    .ARM.Collect$$rtexit$$00000003  c_w.l(rtexit2.o)
    0x08000220   0x00000006   Code   RO         2290    .ARM.Collect$$rtexit$$00000004  c_w.l(rtexit2.o)
    0x08000226   0x00000002   PAD
    0x08000228   0x00000040   Code   RO            4  * .text               startup_stm32f40_41xxx.o
    0x08000268   0x0000004e   Code   RO         2166    .text               c_w.l(rt_memclr_w.o)
    0x080002b6   0x00000006   Code   RO         2168    .text               c_w.l(heapauxi.o)
    0x080002bc   0x0000004a   Code   RO         2227    .text               c_w.l(sys_stackheap_outer.o)
    0x08000306   0x00000012   Code   RO         2229    .text               c_w.l(exit.o)
    0x08000318   0x00000008   Code   RO         2237    .text               c_w.l(libspace.o)
    0x08000320   0x0000000c   Code   RO         2298    .text               c_w.l(sys_exit.o)
    0x0800032c   0x00000002   Code   RO         2309    .text               c_w.l(use_no_semi.o)
    0x0800032e   0x00000000   Code   RO         2311    .text               c_w.l(indicate_semi.o)
    0x0800032e   0x00000016   Code   RO         1086    i.ADC_Cmd           stm32f4xx_adc.o
    0x08000344   0x00000030   Code   RO         1087    i.ADC_CommonInit    stm32f4xx_adc.o
    0x08000374   0x00000008   Code   RO         1098    i.ADC_GetConversionValue  stm32f4xx_adc.o
    0x0800037c   0x00000012   Code   RO         1099    i.ADC_GetFlagStatus  stm32f4xx_adc.o
    0x0800038e   0x00000002   PAD
    0x08000390   0x00000054   Code   RO         1106    i.ADC_Init          stm32f4xx_adc.o
    0x080003e4   0x000000b8   Code   RO         1111    i.ADC_RegularChannelConfig  stm32f4xx_adc.o
    0x0800049c   0x0000000a   Code   RO         1113    i.ADC_SoftwareStartConv  stm32f4xx_adc.o
    0x080004a6   0x00000004   Code   RO         1394    i.BusFault_Handler  stm32f4xx_it.o
    0x080004aa   0x00000044   Code   RO         1971    i.DS1820_ReadData   ds18b20.o
    0x080004ee   0x0000002e   Code   RO         1972    i.DS1820_Reset      ds18b20.o
    0x0800051c   0x00000034   Code   RO         1973    i.DS1820_WriteData  ds18b20.o
    0x08000550   0x0000002a   Code   RO         1974    i.DS18B20_Init      ds18b20.o
    0x0800057a   0x00000002   Code   RO         1395    i.DebugMon_Handler  stm32f4xx_it.o
    0x0800057c   0x00000074   Code   RO         1666    i.EXTI9_5_IRQHandler  eint.o
    0x080005f0   0x0000000c   Code   RO          650    i.EXTI_ClearITPendingBit  stm32f4xx_exti.o
    0x080005fc   0x00000018   Code   RO          653    i.EXTI_GetFlagStatus  stm32f4xx_exti.o
    0x08000614   0x00000034   Code   RO          960    i.FSMC_NORSRAMCmd   stm32f4xx_fsmc.o
    0x08000648   0x000000e6   Code   RO          962    i.FSMC_NORSRAMInit  stm32f4xx_fsmc.o
    0x0800072e   0x00000090   Code   RO          452    i.GPIO_Init         stm32f4xx_gpio.o
    0x080007be   0x00000046   Code   RO          453    i.GPIO_PinAFConfig  stm32f4xx_gpio.o
    0x08000804   0x00000004   Code   RO          459    i.GPIO_ResetBits    stm32f4xx_gpio.o
    0x08000808   0x00000004   Code   RO          460    i.GPIO_SetBits      stm32f4xx_gpio.o
    0x0800080c   0x00000004   Code   RO         1396    i.HardFault_Handler  stm32f4xx_it.o
    0x08000810   0x000000b8   Code   RO         1772    i.LCD_AUTOScan_Dir  lcd.o
    0x080008c8   0x0000003c   Code   RO         1774    i.LCD_Clear         lcd.o
    0x08000904   0x0000004c   Code   RO         1775    i.LCD_Color_DrawPoint  lcd.o
    0x08000950   0x00000104   Code   RO         1776    i.LCD_DisplayChar   lcd.o
    0x08000a54   0x000000ac   Code   RO         1777    i.LCD_DisplayChinese  lcd.o
    0x08000b00   0x000000ac   Code   RO         1778    i.LCD_DisplayNum    lcd.o
    0x08000bac   0x00000044   Code   RO         1782    i.LCD_DisplayString  lcd.o
    0x08000bf0   0x0000004c   Code   RO         1784    i.LCD_Display_Dir   lcd.o
    0x08000c3c   0x0000021c   Code   RO         1790    i.LCD_FSMC_Config   lcd.o
    0x08000e58   0x0000023c   Code   RO         1793    i.LCD_Init          lcd.o
    0x08001094   0x00000016   Code   RO         1794    i.LCD_Pow           lcd.o
    0x080010aa   0x00000002   PAD
    0x080010ac   0x00000038   Code   RO         1796    i.LCD_SetCursor     lcd.o
    0x080010e4   0x00000010   Code   RO         1798    i.LCD_WriteRAM_Prepare  lcd.o
    0x080010f4   0x00000010   Code   RO         1799    i.LCD_WriteReg      lcd.o
    0x08001104   0x00000004   Code   RO         1397    i.MemManage_Handler  stm32f4xx_it.o
    0x08001108   0x00000002   Code   RO         1398    i.NMI_Handler       stm32f4xx_it.o
    0x0800110a   0x00000002   PAD
    0x0800110c   0x00000078   Code   RO          549    i.NVIC_Init         misc.o
    0x08001184   0x00000014   Code   RO          550    i.NVIC_PriorityGroupConfig  misc.o
    0x08001198   0x00000002   Code   RO         1399    i.PendSV_Handler    stm32f4xx_it.o
    0x0800119a   0x00000002   PAD
    0x0800119c   0x00000020   Code   RO           12    i.RCC_AHB1PeriphClockCmd  stm32f4xx_rcc.o
    0x080011bc   0x00000020   Code   RO           18    i.RCC_AHB3PeriphClockCmd  stm32f4xx_rcc.o
    0x080011dc   0x00000020   Code   RO           21    i.RCC_APB1PeriphClockCmd  stm32f4xx_rcc.o
    0x080011fc   0x00000020   Code   RO           24    i.RCC_APB2PeriphClockCmd  stm32f4xx_rcc.o
    0x0800121c   0x000000e8   Code   RO           33    i.RCC_GetClocksFreq  stm32f4xx_rcc.o
    0x08001304   0x00000002   Code   RO         1400    i.SVC_Handler       stm32f4xx_it.o
    0x08001306   0x00000002   PAD
    0x08001308   0x000000ec   Code   RO         1465    i.SetSysClock       system_stm32f4xx.o
    0x080013f4   0x00000028   Code   RO          553    i.SysTick_CLKSourceConfig  misc.o
    0x0800141c   0x00000002   Code   RO         1401    i.SysTick_Handler   stm32f4xx_it.o
    0x0800141e   0x00000002   PAD
    0x08001420   0x00000068   Code   RO         1467    i.SystemInit        system_stm32f4xx.o
    0x08001488   0x00000034   Code   RO         1726    i.USART3_IRQHandler  uart.o
    0x080014bc   0x00000012   Code   RO          761    i.USART_ClearFlag   stm32f4xx_usart.o
    0x080014ce   0x0000001e   Code   RO          762    i.USART_ClearITPendingBit  stm32f4xx_usart.o
    0x080014ec   0x00000018   Code   RO          765    i.USART_Cmd         stm32f4xx_usart.o
    0x08001504   0x0000001a   Code   RO          768    i.USART_GetFlagStatus  stm32f4xx_usart.o
    0x0800151e   0x00000054   Code   RO          769    i.USART_GetITStatus  stm32f4xx_usart.o
    0x08001572   0x0000004a   Code   RO          771    i.USART_ITConfig    stm32f4xx_usart.o
    0x080015bc   0x000000d4   Code   RO          772    i.USART_Init        stm32f4xx_usart.o
    0x08001690   0x0000000a   Code   RO          779    i.USART_ReceiveData  stm32f4xx_usart.o
    0x0800169a   0x00000008   Code   RO          782    i.USART_SendData    stm32f4xx_usart.o
    0x080016a2   0x00000004   Code   RO         1402    i.UsageFault_Handler  stm32f4xx_it.o
    0x080016a6   0x00000002   PAD
    0x080016a8   0x00000118   Code   RO         2196    i.__hardfp_floor    m_wm.l(floor.o)
    0x080017c0   0x00000028   Code   RO         2111    i.adc_get           adc.o
    0x080017e8   0x0000009c   Code   RO         2112    i.adc_init          adc.o
    0x08001884   0x00000044   Code   RO         1595    i.buzzer_init       buzzer.o
    0x080018c8   0x00000010   Code   RO         1596    i.buzzer_off        buzzer.o
    0x080018d8   0x00000010   Code   RO         1597    i.buzzer_on         buzzer.o
    0x080018e8   0x00000034   Code   RO         1627    i.delay_init        delay.o
    0x0800191c   0x00000038   Code   RO         1628    i.delay_ms          delay.o
    0x08001954   0x0000004c   Code   RO         1629    i.delay_us          delay.o
    0x080019a0   0x0000004c   Code   RO         1630    i.delay_xms         delay.o
    0x080019ec   0x000000c8   Code   RO         2060    i.dht_get           dht.o
    0x08001ab4   0x0000000c   Code   RO         2061    i.dht_init          dht.o
    0x08001ac0   0x00000010   Code   RO         2024    i.get_ds_gpio_value  ds_gpio.o
    0x08001ad0   0x00000058   Code   RO         1975    i.get_temperature   ds18b20.o
    0x08001b28   0x00000010   Code   RO         2062    i.gpio_get_value    dht.o
    0x08001b38   0x00000028   Code   RO         2063    i.gpio_in           dht.o
    0x08001b60   0x0000002c   Code   RO         2064    i.gpio_out          dht.o
    0x08001b8c   0x00000020   Code   RO         2065    i.gpio_set_value    dht.o
    0x08001bac   0x0000002a   Code   RO         2066    i.gpio_wait         dht.o
    0x08001bd6   0x00000002   PAD
    0x08001bd8   0x000000cc   Code   RO         1502    i.led_init          led.o
    0x08001ca4   0x00000044   Code   RO         1504    i.led_on            led.o
    0x08001ce8   0x00000104   Code   RO         1322    i.main              main.o
    0x08001dec   0x000000e4   Code   RO         2140    i.pm_get            pm25.o
    0x08001ed0   0x00000034   Code   RO         2141    i.pm_init           pm25.o
    0x08001f04   0x00000068   Code   RO         1534    i.relay_init        relay.o
    0x08001f6c   0x0000000c   Code   RO         1727    i.setRecvHandler    uart.o
    0x08001f78   0x00000020   Code   RO         2025    i.set_ds_gpio_value  ds_gpio.o
    0x08001f98   0x00000030   Code   RO         2026    i.set_gpio_input    ds_gpio.o
    0x08001fc8   0x00000038   Code   RO         2027    i.set_gpio_out      ds_gpio.o
    0x08002000   0x000000f6   Code   RO         1976    i.tem_to_string     ds18b20.o
    0x080020f6   0x00000002   PAD
    0x080020f8   0x000000c0   Code   RO         1728    i.uart_init         uart.o
    0x080021b8   0x00000028   Code   RO         1730    i.uart_send         uart.o
    0x080021e0   0x0000003e   Code   RO         1323    i.usartRecvHandler  main.o
    0x0800221e   0x00000002   PAD
    0x08002220   0x00000150   Code   RO         2172    x$fpl$dadd          fz_wm.l(daddsub_clz.o)
    0x08002370   0x00000018   Code   RO         2225    x$fpl$dcmpinf       fz_wm.l(dcmpi.o)
    0x08002388   0x000002b0   Code   RO         2179    x$fpl$ddiv          fz_wm.l(ddiv.o)
    0x08002638   0x0000005e   Code   RO         2182    x$fpl$dfix          fz_wm.l(dfix.o)
    0x08002696   0x0000002e   Code   RO         2187    x$fpl$dflt          fz_wm.l(dflt_clz.o)
    0x080026c4   0x00000078   Code   RO         2203    x$fpl$dleqf         fz_wm.l(dleqf.o)
    0x0800273c   0x00000154   Code   RO         2192    x$fpl$dmul          fz_wm.l(dmul.o)
    0x08002890   0x0000009c   Code   RO         2205    x$fpl$dnaninf       fz_wm.l(dnaninf.o)
    0x0800292c   0x0000000c   Code   RO         2207    x$fpl$dretinf       fz_wm.l(dretinf.o)
    0x08002938   0x0000006c   Code   RO         2194    x$fpl$drleqf        fz_wm.l(drleqf.o)
    0x080029a4   0x00000016   Code   RO         2173    x$fpl$drsb          fz_wm.l(daddsub_clz.o)
    0x080029ba   0x00000002   PAD
    0x080029bc   0x000001d4   Code   RO         2174    x$fpl$dsub          fz_wm.l(daddsub_clz.o)
    0x08002b90   0x0000000a   Code   RO         2296    x$fpl$fpinit        fz_wm.l(fpinit.o)
    0x08002b9a   0x00000000   Code   RO         2209    x$fpl$usenofp       fz_wm.l(usenofp.o)
    0x08002b9a   0x00001940   Data   RO         1801    .constdata          lcd.o
    0x080044da   0x00000002   PAD
    0x080044dc   0x00000020   Data   RO         2364    Region$$Table       anon$$obj.o


    Execution Region ER_RW (Base: 0x20000000, Size: 0x0000003c, Max: 0xffffffff, ABSOLUTE)

    Base Addr    Size         Type   Attr      Idx    E Section Name        Object

    0x20000000   0x00000010   Data   RW           65    .data               stm32f4xx_rcc.o
    0x20000010   0x00000004   Data   RW         1631    .data               delay.o
    0x20000014   0x00000010   Data   RW         1669    .data               eint.o
    0x20000024   0x00000004   Data   RW         1731    .data               uart.o
    0x20000028   0x00000012   Data   RW         1802    .data               lcd.o


    Execution Region ER_ZI (Base: 0x2000003c, Size: 0x00000664, Max: 0xffffffff, ABSOLUTE)

    Base Addr    Size         Type   Attr      Idx    E Section Name        Object

    0x2000003c   0x00000060   Zero   RW         2238    .bss                c_w.l(libspace.o)
    0x2000009c   0x00000004   PAD
    0x200000a0   0x00000200   Zero   RW            2    HEAP                startup_stm32f40_41xxx.o
    0x200002a0   0x00000400   Zero   RW            1    STACK               startup_stm32f40_41xxx.o


==============================================================================

Image component sizes


      Code (inc. data)   RO Data    RW Data    ZI Data      Debug   Object Name

       196         12          0          0          0       1149   adc.o
       100         14          0          0          0       1435   buzzer.o
       260         18          0          4          0       2307   delay.o
       386         20          0          0          0       3709   dht.o
       542          0          0          0          0       3605   ds18b20.o
       152         20          0          0          0       2016   ds_gpio.o
       116         16          0         16          0        765   eint.o
      2290        168       6464         18          0      11030   lcd.o
       272         16          0          0          0        996   led.o
       322         12          0          0          0       1818   main.o
       180         24          0          0          0       2017   misc.o
       280         54          0          0          0       1111   pm25.o
       104         22          0          0          0        529   relay.o
        64         26        392          0       1536        864   startup_stm32f40_41xxx.o
       374         24          0          0          0       5442   stm32f4xx_adc.o
        36         10          0          0          0       1110   stm32f4xx_exti.o
       282          6          0          0          0       1777   stm32f4xx_fsmc.o
       222          0          0          0          0       2807   stm32f4xx_gpio.o
        26          0          0          0          0       4094   stm32f4xx_it.o
       360         42          0         16          0     288656   stm32f4xx_rcc.o
       486          8          0          0          0       6573   stm32f4xx_usart.o
       340         32          0          0          0       1497   system_stm32f4xx.o
       296         26          0          4          0       2313   uart.o

    ----------------------------------------------------------------------
      7706        570       6890         60       1536     347620   Object Totals
         0          0         32          0          0          0   (incl. Generated)
        20          0          2          2          0          0   (incl. Padding)

    ----------------------------------------------------------------------

      Code (inc. data)   RO Data    RW Data    ZI Data      Debug   Library Member Name

         8          0          0          0          0         68   __main.o
         0          0          0          0          0          0   __rtentry.o
        12          0          0          0          0          0   __rtentry2.o
         6          0          0          0          0          0   __rtentry4.o
        52          8          0          0          0          0   __scatter.o
        26          0          0          0          0          0   __scatter_copy.o
        28          0          0          0          0          0   __scatter_zi.o
        18          0          0          0          0         80   exit.o
         6          0          0          0          0        152   heapauxi.o
         0          0          0          0          0          0   indicate_semi.o
         2          0          0          0          0          0   libinit.o
         6          0          0          0          0          0   libinit2.o
         2          0          0          0          0          0   libshutdown.o
         2          0          0          0          0          0   libshutdown2.o
         8          4          0          0         96         68   libspace.o
        78          0          0          0          0         80   rt_memclr_w.o
         2          0          0          0          0          0   rtexit.o
        10          0          0          0          0          0   rtexit2.o
        12          4          0          0          0         68   sys_exit.o
        74          0          0          0          0         80   sys_stackheap_outer.o
         2          0          0          0          0         68   use_no_semi.o
       826         16          0          0          0        492   daddsub_clz.o
        24          0          0          0          0        116   dcmpi.o
       688        140          0          0          0        256   ddiv.o
        94          4          0          0          0        140   dfix.o
        46          0          0          0          0        116   dflt_clz.o
       120          4          0          0          0        140   dleqf.o
       340         12          0          0          0        152   dmul.o
       156          4          0          0          0        140   dnaninf.o
        12          0          0          0          0        116   dretinf.o
       108          0          0          0          0        128   drleqf.o
        10          0          0          0          0        116   fpinit.o
         0          0          0          0          0          0   usenofp.o
       280         28          0          0          0        156   floor.o

    ----------------------------------------------------------------------
      3064        224          0          0        100       2732   Library Totals
         6          0          0          0          4          0   (incl. Padding)

    ----------------------------------------------------------------------

      Code (inc. data)   RO Data    RW Data    ZI Data      Debug   Library Name

       354         16          0          0         96        664   c_w.l
      2424        180          0          0          0       1912   fz_wm.l
       280         28          0          0          0        156   m_wm.l

    ----------------------------------------------------------------------
      3064        224          0          0        100       2732   Library Totals

    ----------------------------------------------------------------------

==============================================================================


      Code (inc. data)   RO Data    RW Data    ZI Data      Debug   

     10770        794       6890         60       1636     339844   Grand Totals
     10770        794       6890         60       1636     339844   ELF Image Totals
     10770        794       6890         60          0          0   ROM Totals

==============================================================================

    Total RO  Size (Code + RO Data)                17660 (  17.25kB)
    Total RW  Size (RW Data + ZI Data)              1696 (   1.66kB)
    Total ROM Size (Code + RO Data + RW Data)      17720 (  17.30kB)

==============================================================================

